<html>
<body>
<pre>
<h1>礦ision Build Log</h1>
<h2>Tool Versions:</h2>
IDE-Version: μVision V5.26.2.0
Copyright (C) 2018 ARM Ltd and ARM Germany GmbH. All rights reserved.
License Information: ssdf 胡程畅, sdfsdf, LIC=D0D7S-LJDER-SBIEJ-US6IW-N20WN-WZLAL
 
Tool Versions:
Toolchain:       MDK-ARM Plus  Version: 5.26.2.0
Toolchain Path:  D:\keil5\ARM\ARMCC\Bin
C Compiler:      Armcc.exe V5.06 update 6 (build 750)
Assembler:       Armasm.exe V5.06 update 6 (build 750)
Linker/Locator:  ArmLink.exe V5.06 update 6 (build 750)
Library Manager: ArmAr.exe V5.06 update 6 (build 750)
Hex Converter:   FromElf.exe V5.06 update 6 (build 750)
CPU DLL:         SARMCM3.DLL V5.26.2.0
Dialog DLL:      DCM.DLL V1.17.2.0
Target DLL:      CMSIS_AGDI.dll V1.30.6.0
Dialog DLL:      TCM.DLL V1.36.1.0
 
<h2>Project:</h2>
D:\github_responsity\Example\opencv\图像转灰度化\实验13 TFT LCD显示实验\USER\LCD.uvprojx
Project File Date:  09/16/2021

<h2>Output:</h2>
*** Using Compiler 'V5.06 update 6 (build 750)', folder: 'D:\keil5\ARM\ARMCC\Bin'
*** Warning: You are compiling one or more files of source type C++ and have selected 'use MicroLIB'. MicroLIB does not support C++!
  
Build target 'LCD'
compiling main.cpp...
..\USER\stm32f4xx.h(166): warning:  #47-D: incompatible redefinition of macro "__FPU_PRESENT" 
  #define __FPU_PRESENT             1       /*!< FPU present                                   */
..\opencv\cxcore\include\cxcore.h(1119): warning:  #61-D: integer operation result is out of range
      _elem->flags = (_elem->flags & CV_SET_ELEM_IDX_MASK) | CV_SET_ELEM_FREE_FLAG;
..\opencv\cxcore\include\cxcore.h(1299): warning:  #1035-D: single-precision operand implicitly converted to double-precision
      axes.width = cvRound(box.size.height*0.5);
..\opencv\cxcore\include\cxcore.h(1300): warning:  #1035-D: single-precision operand implicitly converted to double-precision
      axes.height = cvRound(box.size.width*0.5);
..\opencv\cv\include\cv.hpp(311): warning:  #1300-D: get_work_params inherits implicit virtual
      void get_work_params();
..\opencv\cv\include\cv.hpp(356): warning:  #1300-D: start_process inherits implicit virtual
      void start_process( CvSlice x_range, int width );
..\opencv\cv\include\cv.hpp(357): warning:  #1300-D: fill_cyclic_buffer inherits implicit virtual
      int fill_cyclic_buffer( const uchar* src, int src_step,
main.cpp(93): warning:  #177-D: variable "x"  was declared but never referenced
   	u8 x=0;
main.cpp(94): warning:  #177-D: variable "lcd_id"  was declared but never referenced
  	u8 lcd_id[12];				//存放LCD ID字符串
main.cpp: 9 warnings, 0 errors
linking...
Program Size: Code=183880 RO-data=52308 RW-data=3912 ZI-data=1236616  
FromELF: creating hex file...
"..\OBJ\LCD.axf" - 0 Error(s), 9 Warning(s).

<h2>Software Packages used:</h2>

Package Vendor: ARM
                http://www.keil.com/pack/ARM.CMSIS.5.4.0.pack
                ARM.CMSIS.5.4.0
                CMSIS (Cortex Microcontroller Software Interface Standard)
   * Component: CORE Version: 5.1.2

Package Vendor: Keil
                http://www.keil.com/pack/Keil.ARM_Compiler.1.6.0.pack
                Keil.ARM_Compiler.1.6.0
                Keil ARM Compiler extensions for ARM Compiler 5 and ARM Compiler 6
   * Component: STDERR Variant: Breakpoint Version: 1.2.0
   * Component: STDIN Variant: Breakpoint Version: 1.2.0
   * Component: STDOUT Variant: Breakpoint Version: 1.2.0

Package Vendor: Keil
                http://www.keil.com/pack/Keil.STM32F4xx_DFP.2.13.0.pack
                Keil.STM32F4xx_DFP.2.13.0
                STMicroelectronics STM32F4 Series Device Support, Drivers and Examples

<h2>Collection of Component include folders:</h2>
  .\RTE\_LCD
  D:\keil5\ARM\PACK\ARM\CMSIS\5.4.0\CMSIS\Core\Include
  D:\keil5\ARM\PACK\Keil\STM32F4xx_DFP\2.13.0\Drivers\CMSIS\Device\ST\STM32F4xx\Include

<h2>Collection of Component Files used:</h2>

   * Component: ARM::CMSIS:CORE:5.1.2

   * Component: Keil.ARM Compiler::Compiler:I/O:STDERR:Breakpoint:1.2.0
      Source file:   Source\retarget_io.c

   * Component: Keil.ARM Compiler::Compiler:I/O:STDIN:Breakpoint:1.2.0
      Source file:   Source\retarget_io.c

   * Component: Keil.ARM Compiler::Compiler:I/O:STDOUT:Breakpoint:1.2.0
      Source file:   Source\retarget_io.c
Build Time Elapsed:  00:00:02
</pre>
</body>
</html>
