Component: ARM Compiler 5.06 update 6 (build 750) Tool: armlink [4d35ed]

==============================================================================

Section Cross References

    system_stm32f4xx.o(.text) refers to system_stm32f4xx.o(.data) for .data
    main.o(.text) refers to lcd.o(.text) for LCD_Set_Window
    main.o(.text) refers to cxarray.o(.text) for cvCreateImage
    main.o(.text) refers to cvcolor.o(.text) for cvCvtColor
    main.o(.text) refers to misc.o(.text) for NVIC_PriorityGroupConfig
    main.o(.text) refers to delay.o(.text) for delay_init
    main.o(.text) refers to usart.o(.text) for uart_init
    main.o(.text) refers to led.o(.text) for LED_Init
    main.o(.text) refers to main.o(.constdata) for .constdata
    main.o(.text) refers to lcd.o(.data) for POINT_COLOR
    main.o(.ARM.exidx) refers to main.o(.text) for .text
    bu.o(.text) refers to strlen.o(.text) for strlen
    bu.o(.text) refers to malloc.o(i.malloc) for malloc
    bu.o(.text) refers to strcpy.o(.text) for strcpy
    malloc.o(.text) refers to malloc.o(.constdata) for .constdata
    malloc.o(.text) refers to malloc.o(.data) for .data
    malloc.o(.data) refers to malloc.o(.text) for my_mem_init
    malloc.o(.data) refers to malloc.o(.bss) for mem1base
    malloc.o(.data) refers to malloc.o(.ARM.__AT_0x68000000) for mem2base
    malloc.o(.data) refers to malloc.o(.ARM.__AT_0x10000000) for mem3base
    malloc.o(.data) refers to malloc.o(.bss) for mem1mapbase
    malloc.o(.data) refers to malloc.o(.ARM.__AT_0x680F0000) for mem2mapbase
    malloc.o(.data) refers to malloc.o(.ARM.__AT_0x1000F000) for mem3mapbase
    led.o(.text) refers to stm32f4xx_rcc.o(.text) for RCC_AHB1PeriphClockCmd
    led.o(.text) refers to stm32f4xx_gpio.o(.text) for GPIO_Init
    lcd.o(.text) refers to delay.o(.text) for delay_us
    lcd.o(.text) refers to lcd.o(.bss) for .bss
    lcd.o(.text) refers to dfltui.o(.text) for __aeabi_ui2d
    lcd.o(.text) refers to dmul.o(.text) for __aeabi_dmul
    lcd.o(.text) refers to dfixui.o(.text) for __aeabi_d2uiz
    lcd.o(.text) refers to lcd.o(.data) for .data
    lcd.o(.text) refers to stm32f4xx_rcc.o(.text) for RCC_AHB1PeriphClockCmd
    lcd.o(.text) refers to stm32f4xx_gpio.o(.text) for GPIO_Init
    lcd.o(.text) refers to stm32f4xx_fsmc.o(.text) for FSMC_NORSRAMInit
    lcd.o(.text) refers to printf5.o(i.__0printf$5) for __2printf
    lcd.o(.text) refers to lcd.o(.constdata) for .constdata
    delay.o(.text) refers to misc.o(.text) for SysTick_CLKSourceConfig
    delay.o(.text) refers to delay.o(.data) for .data
    usart.o(.text) refers to stm32f4xx_rcc.o(.text) for RCC_AHB1PeriphClockCmd
    usart.o(.text) refers to stm32f4xx_gpio.o(.text) for GPIO_PinAFConfig
    usart.o(.text) refers to stm32f4xx_usart.o(.text) for USART_Init
    usart.o(.text) refers to misc.o(.text) for NVIC_Init
    usart.o(.text) refers to usart.o(.data) for .data
    usart.o(.text) refers to usart.o(.bss) for .bss
    startup_stm32f40_41xxx.o(RESET) refers to startup_stm32f40_41xxx.o(STACK) for __initial_sp
    startup_stm32f40_41xxx.o(RESET) refers to startup_stm32f40_41xxx.o(.text) for Reset_Handler
    startup_stm32f40_41xxx.o(RESET) refers to stm32f4xx_it.o(.text) for NMI_Handler
    startup_stm32f40_41xxx.o(RESET) refers to usart.o(.text) for USART1_IRQHandler
    startup_stm32f40_41xxx.o(.text) refers to system_stm32f4xx.o(.text) for SystemInit
    startup_stm32f40_41xxx.o(.text) refers to entry.o(.ARM.Collect$$$$00000000) for __main
    stm32f4xx_gpio.o(.text) refers to stm32f4xx_rcc.o(.text) for RCC_AHB1PeriphResetCmd
    stm32f4xx_fsmc.o(.text) refers to stm32f4xx_fsmc.o(.constdata) for .constdata
    stm32f4xx_rcc.o(.text) refers to stm32f4xx_rcc.o(.data) for .data
    stm32f4xx_syscfg.o(.text) refers to stm32f4xx_rcc.o(.text) for RCC_APB2PeriphResetCmd
    stm32f4xx_usart.o(.text) refers to stm32f4xx_rcc.o(.text) for RCC_APB2PeriphResetCmd
    cxarray.o(.text) refers to cxerror.o(.text) for cvError
    cxarray.o(.text) refers to cxarray.o(i.cvDecRefData) for cvDecRefData
    cxarray.o(.text) refers to cxalloc.o(.text) for cvFree_
    cxarray.o(.text) refers to cxarray.o(i._Z10cvAlignPtrPKvi) for cvAlignPtr(const void*, int)
    cxarray.o(.text) refers to cxarray.o(i._Z7cvAlignii) for cvAlign(int, int)
    cxarray.o(.text) refers to cxarray.o(.data) for .data
    cxarray.o(.text) refers to cxarray.o(.conststring) for .conststring
    cxarray.o(.text) refers to cxarray.o(.bss) for .bss
    cxarray.o(.text) refers to cxcopy.o(.text) for cvCopy
    cxarray.o(.text) refers to cxtables.o(.constdata) for icvDepthToType
    cxarray.o(.text) refers to retarget_io.o(.text) for abort
    cxarray.o(.text) refers to cxdatastructs.o(.text) for cvReleaseMemStorage
    cxarray.o(.text) refers to memmovea.o(.text) for __aeabi_memcpy4
    cxarray.o(.text) refers to memseta.o(.text) for __aeabi_memclr4
    cxarray.o(.text) refers to cxarray.o(i._Z7cvRoundd) for cvRound(double)
    cxarray.o(.text) refers to d2f.o(.text) for __aeabi_d2f
[...]
    FPU_IRQHandler                           0x08004cb7   Thumb Code     0  startup_stm32f40_41xxx.o(.text)
    FSMC_IRQHandler                          0x08004cb7   Thumb Code     0  startup_stm32f40_41xxx.o(.text)
    HASH_RNG_IRQHandler                      0x08004cb7   Thumb Code     0  startup_stm32f40_41xxx.o(.text)
    I2C1_ER_IRQHandler                       0x08004cb7   Thumb Code     0  startup_stm32f40_41xxx.o(.text)
    I2C1_EV_IRQHandler                       0x08004cb7   Thumb Code     0  startup_stm32f40_41xxx.o(.text)
    I2C2_ER_IRQHandler                       0x08004cb7   Thumb Code     0  startup_stm32f40_41xxx.o(.text)
    I2C2_EV_IRQHandler                       0x08004cb7   Thumb Code     0  startup_stm32f40_41xxx.o(.text)
    I2C3_ER_IRQHandler                       0x08004cb7   Thumb Code     0  startup_stm32f40_41xxx.o(.text)
    I2C3_EV_IRQHandler                       0x08004cb7   Thumb Code     0  startup_stm32f40_41xxx.o(.text)
    OTG_FS_IRQHandler                        0x08004cb7   Thumb Code     0  startup_stm32f40_41xxx.o(.text)
    OTG_FS_WKUP_IRQHandler                   0x08004cb7   Thumb Code     0  startup_stm32f40_41xxx.o(.text)
    OTG_HS_EP1_IN_IRQHandler                 0x08004cb7   Thumb Code     0  startup_stm32f40_41xxx.o(.text)
    OTG_HS_EP1_OUT_IRQHandler                0x08004cb7   Thumb Code     0  startup_stm32f40_41xxx.o(.text)
    OTG_HS_IRQHandler                        0x08004cb7   Thumb Code     0  startup_stm32f40_41xxx.o(.text)
    OTG_HS_WKUP_IRQHandler                   0x08004cb7   Thumb Code     0  startup_stm32f40_41xxx.o(.text)
    PVD_IRQHandler                           0x08004cb7   Thumb Code     0  startup_stm32f40_41xxx.o(.text)
    RCC_IRQHandler                           0x08004cb7   Thumb Code     0  startup_stm32f40_41xxx.o(.text)
    RTC_Alarm_IRQHandler                     0x08004cb7   Thumb Code     0  startup_stm32f40_41xxx.o(.text)
    RTC_WKUP_IRQHandler                      0x08004cb7   Thumb Code     0  startup_stm32f40_41xxx.o(.text)
    SDIO_IRQHandler                          0x08004cb7   Thumb Code     0  startup_stm32f40_41xxx.o(.text)
    SPI1_IRQHandler                          0x08004cb7   Thumb Code     0  startup_stm32f40_41xxx.o(.text)
    SPI2_IRQHandler                          0x08004cb7   Thumb Code     0  startup_stm32f40_41xxx.o(.text)
    SPI3_IRQHandler                          0x08004cb7   Thumb Code     0  startup_stm32f40_41xxx.o(.text)
    TAMP_STAMP_IRQHandler                    0x08004cb7   Thumb Code     0  startup_stm32f40_41xxx.o(.text)
    TIM1_BRK_TIM9_IRQHandler                 0x08004cb7   Thumb Code     0  startup_stm32f40_41xxx.o(.text)
    TIM1_CC_IRQHandler                       0x08004cb7   Thumb Code     0  startup_stm32f40_41xxx.o(.text)
    TIM1_TRG_COM_TIM11_IRQHandler            0x08004cb7   Thumb Code     0  startup_stm32f40_41xxx.o(.text)
    TIM1_UP_TIM10_IRQHandler                 0x08004cb7   Thumb Code     0  startup_stm32f40_41xxx.o(.text)
    TIM2_IRQHandler                          0x08004cb7   Thumb Code     0  startup_stm32f40_41xxx.o(.text)
    TIM3_IRQHandler                          0x08004cb7   Thumb Code     0  startup_stm32f40_41xxx.o(.text)
    TIM4_IRQHandler                          0x08004cb7   Thumb Code     0  startup_stm32f40_41xxx.o(.text)
    TIM5_IRQHandler                          0x08004cb7   Thumb Code     0  startup_stm32f40_41xxx.o(.text)
    TIM6_DAC_IRQHandler                      0x08004cb7   Thumb Code     0  startup_stm32f40_41xxx.o(.text)
    TIM7_IRQHandler                          0x08004cb7   Thumb Code     0  startup_stm32f40_41xxx.o(.text)
    TIM8_BRK_TIM12_IRQHandler                0x08004cb7   Thumb Code     0  startup_stm32f40_41xxx.o(.text)
    TIM8_CC_IRQHandler                       0x08004cb7   Thumb Code     0  startup_stm32f40_41xxx.o(.text)
    TIM8_TRG_COM_TIM14_IRQHandler            0x08004cb7   Thumb Code     0  startup_stm32f40_41xxx.o(.text)
    TIM8_UP_TIM13_IRQHandler                 0x08004cb7   Thumb Code     0  startup_stm32f40_41xxx.o(.text)
    UART4_IRQHandler                         0x08004cb7   Thumb Code     0  startup_stm32f40_41xxx.o(.text)
    UART5_IRQHandler                         0x08004cb7   Thumb Code     0  startup_stm32f40_41xxx.o(.text)
    USART2_IRQHandler                        0x08004cb7   Thumb Code     0  startup_stm32f40_41xxx.o(.text)
    USART3_IRQHandler                        0x08004cb7   Thumb Code     0  startup_stm32f40_41xxx.o(.text)
    USART6_IRQHandler                        0x08004cb7   Thumb Code     0  startup_stm32f40_41xxx.o(.text)
    WWDG_IRQHandler                          0x08004cb7   Thumb Code     0  startup_stm32f40_41xxx.o(.text)
    NVIC_PriorityGroupConfig                 0x08004cc1   Thumb Code    10  misc.o(.text)
    NVIC_Init                                0x08004ccb   Thumb Code    96  misc.o(.text)
    NVIC_SetVectorTable                      0x08004d2b   Thumb Code    14  misc.o(.text)
    NVIC_SystemLPConfig                      0x08004d39   Thumb Code    20  misc.o(.text)
    SysTick_CLKSourceConfig                  0x08004d4d   Thumb Code    24  misc.o(.text)
    GPIO_DeInit                              0x08004d71   Thumb Code   216  stm32f4xx_gpio.o(.text)
    GPIO_Init                                0x08004e49   Thumb Code   120  stm32f4xx_gpio.o(.text)
    GPIO_StructInit                          0x08004ec1   Thumb Code    18  stm32f4xx_gpio.o(.text)
    GPIO_PinLockConfig                       0x08004ed3   Thumb Code    24  stm32f4xx_gpio.o(.text)
    GPIO_ReadInputDataBit                    0x08004eeb   Thumb Code    14  stm32f4xx_gpio.o(.text)
    GPIO_ReadInputData                       0x08004ef9   Thumb Code     6  stm32f4xx_gpio.o(.text)
    GPIO_ReadOutputDataBit                   0x08004eff   Thumb Code    14  stm32f4xx_gpio.o(.text)
    GPIO_ReadOutputData                      0x08004f0d   Thumb Code     6  stm32f4xx_gpio.o(.text)
    GPIO_SetBits                             0x08004f13   Thumb Code     4  stm32f4xx_gpio.o(.text)
    GPIO_ResetBits                           0x08004f17   Thumb Code     4  stm32f4xx_gpio.o(.text)
    GPIO_WriteBit                            0x08004f1b   Thumb Code    10  stm32f4xx_gpio.o(.text)
    GPIO_Write                               0x08004f25   Thumb Code     4  stm32f4xx_gpio.o(.text)
    GPIO_ToggleBits                          0x08004f29   Thumb Code     8  stm32f4xx_gpio.o(.text)
    GPIO_PinAFConfig                         0x08004f31   Thumb Code    32  stm32f4xx_gpio.o(.text)
    FSMC_NORSRAMDeInit                       0x08004f7d   Thumb Code    38  stm32f4xx_fsmc.o(.text)
    FSMC_NORSRAMInit                         0x08004fa3   Thumb Code   200  stm32f4xx_fsmc.o(.text)
    FSMC_NORSRAMStructInit                   0x0800506b   Thumb Code    42  stm32f4xx_fsmc.o(.text)
    FSMC_NORSRAMCmd                          0x08005095   Thumb Code    26  stm32f4xx_fsmc.o(.text)
    FSMC_NANDDeInit                          0x080050af   Thumb Code    40  stm32f4xx_fsmc.o(.text)
    FSMC_NANDInit                            0x080050d7   Thumb Code   104  stm32f4xx_fsmc.o(.text)
    FSMC_NANDStructInit                      0x0800513f   Thumb Code    54  stm32f4xx_fsmc.o(.text)
    FSMC_NANDCmd                             0x08005175   Thumb Code    54  stm32f4xx_fsmc.o(.text)
    FSMC_NANDECCCmd                          0x080051ab   Thumb Code    54  stm32f4xx_fsmc.o(.text)
    FSMC_GetECC                              0x080051e1   Thumb Code    18  stm32f4xx_fsmc.o(.text)
    FSMC_PCCARDDeInit                        0x080051f3   Thumb Code    26  stm32f4xx_fsmc.o(.text)
    FSMC_PCCARDInit                          0x0800520d   Thumb Code   102  stm32f4xx_fsmc.o(.text)
    FSMC_PCCARDStructInit                    0x08005273   Thumb Code    60  stm32f4xx_fsmc.o(.text)
    FSMC_PCCARDCmd                           0x080052af   Thumb Code    28  stm32f4xx_fsmc.o(.text)
    FSMC_ITConfig                            0x080052cb   Thumb Code    72  stm32f4xx_fsmc.o(.text)
    FSMC_GetFlagStatus                       0x08005313   Thumb Code    40  stm32f4xx_fsmc.o(.text)
    FSMC_ClearFlag                           0x0800533b   Thumb Code    38  stm32f4xx_fsmc.o(.text)
    FSMC_GetITStatus                         0x08005361   Thumb Code    48  stm32f4xx_fsmc.o(.text)
    FSMC_ClearITPendingBit                   0x08005391   Thumb Code    42  stm32f4xx_fsmc.o(.text)
    RCC_DeInit                               0x080053c5   Thumb Code    68  stm32f4xx_rcc.o(.text)
    RCC_HSEConfig                            0x08005409   Thumb Code    12  stm32f4xx_rcc.o(.text)
    RCC_GetFlagStatus                        0x08005415   Thumb Code    46  stm32f4xx_rcc.o(.text)
    RCC_WaitForHSEStartUp                    0x08005443   Thumb Code    44  stm32f4xx_rcc.o(.text)
    RCC_AdjustHSICalibrationValue            0x0800546f   Thumb Code    16  stm32f4xx_rcc.o(.text)
    RCC_HSICmd                               0x0800547f   Thumb Code     6  stm32f4xx_rcc.o(.text)
    RCC_LSEConfig                            0x08005485   Thumb Code    24  stm32f4xx_rcc.o(.text)
    RCC_LSICmd                               0x0800549d   Thumb Code     6  stm32f4xx_rcc.o(.text)
    RCC_PLLConfig                            0x080054a3   Thumb Code    32  stm32f4xx_rcc.o(.text)
    RCC_PLLCmd                               0x080054c3   Thumb Code     6  stm32f4xx_rcc.o(.text)
    RCC_PLLI2SConfig                         0x080054c9   Thumb Code    14  stm32f4xx_rcc.o(.text)
    RCC_PLLI2SCmd                            0x080054d7   Thumb Code     6  stm32f4xx_rcc.o(.text)
    RCC_PLLSAIConfig                         0x080054dd   Thumb Code    18  stm32f4xx_rcc.o(.text)
    RCC_PLLSAICmd                            0x080054ef   Thumb Code     6  stm32f4xx_rcc.o(.text)
    RCC_ClockSecuritySystemCmd               0x080054f5   Thumb Code     6  stm32f4xx_rcc.o(.text)
    RCC_MCO1Config                           0x080054fb   Thumb Code    18  stm32f4xx_rcc.o(.text)
    RCC_MCO2Config                           0x0800550d   Thumb Code    18  stm32f4xx_rcc.o(.text)
    RCC_SYSCLKConfig                         0x0800551f   Thumb Code    16  stm32f4xx_rcc.o(.text)
    RCC_GetSYSCLKSource                      0x0800552f   Thumb Code    12  stm32f4xx_rcc.o(.text)
    RCC_HCLKConfig                           0x0800553b   Thumb Code    16  stm32f4xx_rcc.o(.text)
    RCC_PCLK1Config                          0x0800554b   Thumb Code    16  stm32f4xx_rcc.o(.text)
    RCC_PCLK2Config                          0x0800555b   Thumb Code    18  stm32f4xx_rcc.o(.text)
    RCC_GetClocksFreq                        0x0800556d   Thumb Code   134  stm32f4xx_rcc.o(.text)
    RCC_RTCCLKConfig                         0x080055f3   Thumb Code    42  stm32f4xx_rcc.o(.text)
    RCC_RTCCLKCmd                            0x0800561d   Thumb Code     8  stm32f4xx_rcc.o(.text)
    RCC_BackupResetCmd                       0x08005625   Thumb Code     8  stm32f4xx_rcc.o(.text)
    RCC_I2SCLKConfig                         0x0800562d   Thumb Code     8  stm32f4xx_rcc.o(.text)
    RCC_SAIPLLI2SClkDivConfig                0x08005635   Thumb Code    18  stm32f4xx_rcc.o(.text)
    RCC_SAIPLLSAIClkDivConfig                0x08005647   Thumb Code    24  stm32f4xx_rcc.o(.text)
    RCC_SAIBlockACLKConfig                   0x0800565f   Thumb Code    16  stm32f4xx_rcc.o(.text)
    RCC_SAIBlockBCLKConfig                   0x0800566f   Thumb Code    16  stm32f4xx_rcc.o(.text)
    RCC_LTDCCLKDivConfig                     0x0800567f   Thumb Code    16  stm32f4xx_rcc.o(.text)
    RCC_TIMCLKPresConfig                     0x0800568f   Thumb Code     8  stm32f4xx_rcc.o(.text)
    RCC_AHB1PeriphClockCmd                   0x08005697   Thumb Code    20  stm32f4xx_rcc.o(.text)
    RCC_AHB2PeriphClockCmd                   0x080056ab   Thumb Code    20  stm32f4xx_rcc.o(.text)
    RCC_AHB3PeriphClockCmd                   0x080056bf   Thumb Code    20  stm32f4xx_rcc.o(.text)
    RCC_APB1PeriphClockCmd                   0x080056d3   Thumb Code    20  stm32f4xx_rcc.o(.text)
    RCC_APB2PeriphClockCmd                   0x080056e7   Thumb Code    20  stm32f4xx_rcc.o(.text)
    RCC_AHB1PeriphResetCmd                   0x080056fb   Thumb Code    20  stm32f4xx_rcc.o(.text)
    RCC_AHB2PeriphResetCmd                   0x0800570f   Thumb Code    20  stm32f4xx_rcc.o(.text)
    RCC_AHB3PeriphResetCmd                   0x08005723   Thumb Code    20  stm32f4xx_rcc.o(.text)
    RCC_APB1PeriphResetCmd                   0x08005737   Thumb Code    20  stm32f4xx_rcc.o(.text)
    RCC_APB2PeriphResetCmd                   0x0800574b   Thumb Code    20  stm32f4xx_rcc.o(.text)
    RCC_AHB1PeriphClockLPModeCmd             0x0800575f   Thumb Code    20  stm32f4xx_rcc.o(.text)
    RCC_AHB2PeriphClockLPModeCmd             0x08005773   Thumb Code    20  stm32f4xx_rcc.o(.text)
    RCC_AHB3PeriphClockLPModeCmd             0x08005787   Thumb Code    20  stm32f4xx_rcc.o(.text)
    RCC_APB1PeriphClockLPModeCmd             0x0800579b   Thumb Code    64  stm32f4xx_rcc.o(.text)
    RCC_APB2PeriphClockLPModeCmd             0x080057db   Thumb Code    18  stm32f4xx_rcc.o(.text)
    RCC_LSEModeConfig                        0x080057ed   Thumb Code    24  stm32f4xx_rcc.o(.text)
    RCC_ITConfig                             0x08005805   Thumb Code    20  stm32f4xx_rcc.o(.text)
    RCC_ClearFlag                            0x08005819   Thumb Code    14  stm32f4xx_rcc.o(.text)
    RCC_GetITStatus                          0x08005827   Thumb Code    18  stm32f4xx_rcc.o(.text)
    RCC_ClearITPendingBit                    0x08005839   Thumb Code     8  stm32f4xx_rcc.o(.text)
    USART_DeInit                             0x08005845   Thumb Code   138  stm32f4xx_usart.o(.text)
    USART_Init                               0x080058cf   Thumb Code   164  stm32f4xx_usart.o(.text)
    USART_StructInit                         0x08005973   Thumb Code    22  stm32f4xx_usart.o(.text)
    USART_ClockInit                          0x08005989   Thumb Code    28  stm32f4xx_usart.o(.text)
    USART_ClockStructInit                    0x080059a5   Thumb Code    12  stm32f4xx_usart.o(.text)
    USART_Cmd                                0x080059b1   Thumb Code    20  stm32f4xx_usart.o(.text)
    USART_SetPrescaler                       0x080059c5   Thumb Code    16  stm32f4xx_usart.o(.text)
    USART_OverSampling8Cmd                   0x080059d5   Thumb Code    20  stm32f4xx_usart.o(.text)
    USART_OneBitMethodCmd                    0x080059e9   Thumb Code    20  stm32f4xx_usart.o(.text)
    USART_SendData                           0x080059fd   Thumb Code     8  stm32f4xx_usart.o(.text)
    USART_ReceiveData                        0x08005a05   Thumb Code     8  stm32f4xx_usart.o(.text)
    USART_SetAddress                         0x08005a0d   Thumb Code    16  stm32f4xx_usart.o(.text)
    USART_ReceiverWakeUpCmd                  0x08005a1d   Thumb Code    20  stm32f4xx_usart.o(.text)
    USART_WakeUpConfig                       0x08005a31   Thumb Code    16  stm32f4xx_usart.o(.text)
    USART_LINBreakDetectLengthConfig         0x08005a41   Thumb Code    16  stm32f4xx_usart.o(.text)
    USART_LINCmd                             0x08005a51   Thumb Code    20  stm32f4xx_usart.o(.text)
    USART_SendBreak                          0x08005a65   Thumb Code    10  stm32f4xx_usart.o(.text)
    USART_HalfDuplexCmd                      0x08005a6f   Thumb Code    20  stm32f4xx_usart.o(.text)
    USART_SetGuardTime                       0x08005a83   Thumb Code    16  stm32f4xx_usart.o(.text)
    USART_SmartCardCmd                       0x08005a93   Thumb Code    20  stm32f4xx_usart.o(.text)
    USART_SmartCardNACKCmd                   0x08005aa7   Thumb Code    20  stm32f4xx_usart.o(.text)
    USART_IrDAConfig                         0x08005abb   Thumb Code    16  stm32f4xx_usart.o(.text)
    USART_IrDACmd                            0x08005acb   Thumb Code    20  stm32f4xx_usart.o(.text)
    USART_DMACmd                             0x08005adf   Thumb Code    16  stm32f4xx_usart.o(.text)
    USART_ITConfig                           0x08005aef   Thumb Code    48  stm32f4xx_usart.o(.text)
    USART_GetFlagStatus                      0x08005b1f   Thumb Code    14  stm32f4xx_usart.o(.text)
    USART_ClearFlag                          0x08005b2d   Thumb Code     6  stm32f4xx_usart.o(.text)
    USART_GetITStatus                        0x08005b33   Thumb Code    62  stm32f4xx_usart.o(.text)
    USART_ClearITPendingBit                  0x08005b71   Thumb Code    12  stm32f4xx_usart.o(.text)
    cvReleaseMat                             0x08005b9d   Thumb Code   100  cxarray.o(.text)
    cvSetIPLAllocators                       0x08005c01   Thumb Code    56  cxarray.o(.text)
    cvCreateData                             0x08005c39   Thumb Code   388  cxarray.o(.text)
    cvCreateMatHeader                        0x08005dbd   Thumb Code   206  cxarray.o(.text)
    cvCreateMat                              0x08005e8b   Thumb Code    78  cxarray.o(.text)
    cvInitMatHeader                          0x08005ed9   Thumb Code   414  cxarray.o(.text)
    cvCloneMat                               0x08006077   Thumb Code   146  cxarray.o(.text)
    cvInitMatNDHeader                        0x08006109   Thumb Code   326  cxarray.o(.text)
    cvCreateMatNDHeader                      0x0800624f   Thumb Code   144  cxarray.o(.text)
    cvCreateMatND                            0x080062df   Thumb Code    86  cxarray.o(.text)
    cvCloneMatND                             0x08006335   Thumb Code   190  cxarray.o(.text)
    cvGetMat                                 0x080063f3   Thumb Code  1002  cxarray.o(.text)
    cvInitNArrayIterator                     0x080068dd   Thumb Code  1058  cxarray.o(.text)
    cvNextNArraySlice                        0x08006cff   Thumb Code   132  cxarray.o(.text)
    cvReleaseSparseMat                       0x08006d83   Thumb Code   100  cxarray.o(.text)
    cvCreateSparseMat                        0x08006de7   Thumb Code   778  cxarray.o(.text)
    cvCloneSparseMat                         0x080070f1   Thumb Code   132  cxarray.o(.text)
    cvInitSparseMatIterator                  0x08007175   Thumb Code   104  cxarray.o(.text)
    cvReleaseData                            0x08007531   Thumb Code   108  cxarray.o(.text)
    cvSetData                                0x0800759d   Thumb Code   450  cxarray.o(.text)
    cvPtr2D                                  0x0800775f   Thumb Code   426  cxarray.o(.text)
    cvGetRawData                             0x08007909   Thumb Code   446  cxarray.o(.text)
    cvGetElemType                            0x08007ac7   Thumb Code   120  cxarray.o(.text)
    cvGetDims                                0x08007b3f   Thumb Code   160  cxarray.o(.text)
    cvGetDimSize                             0x08007bdf   Thumb Code   208  cxarray.o(.text)
    cvGetSize                                0x08007caf   Thumb Code    88  cxarray.o(.text)
    cvGetSubRect                             0x08007d07   Thumb Code   362  cxarray.o(.text)
    cvGetRows                                0x08007e71   Thumb Code   276  cxarray.o(.text)
    cvGetCols                                0x08007f85   Thumb Code   260  cxarray.o(.text)
    cvGetDiag                                0x08008089   Thumb Code   318  cxarray.o(.text)
    cvScalarToRawData                        0x080081c7   Thumb Code   466  cxarray.o(.text)
    cvRawDataToScalar                        0x08008399   Thumb Code   254  cxarray.o(.text)
    cvPtr1D                                  0x08008563   Thumb Code   502  cxarray.o(.text)
    cvPtr3D                                  0x08008759   Thumb Code   170  cxarray.o(.text)
    cvPtrND                                  0x08008803   Thumb Code   208  cxarray.o(.text)
    cvGet1D                                  0x080088d3   Thumb Code   194  cxarray.o(.text)
    cvGet2D                                  0x08008995   Thumb Code   186  cxarray.o(.text)
    cvGet3D                                  0x08008a4f   Thumb Code    92  cxarray.o(.text)
    cvGetND                                  0x08008aab   Thumb Code    82  cxarray.o(.text)
    cvGetReal1D                              0x08008afd   Thumb Code   268  cxarray.o(.text)
    cvGetReal2D                              0x08008c09   Thumb Code   216  cxarray.o(.text)
    cvGetReal3D                              0x08008ce1   Thumb Code   124  cxarray.o(.text)
    cvGetRealND                              0x08008d5d   Thumb Code   118  cxarray.o(.text)
    cvSet1D                                  0x08008dd3   Thumb Code   180  cxarray.o(.text)
    cvSet2D                                  0x08008e87   Thumb Code   168  cxarray.o(.text)
    cvSet3D                                  0x08008f2f   Thumb Code    72  cxarray.o(.text)
    cvSetND                                  0x08008f77   Thumb Code   138  cxarray.o(.text)
    cvSetReal1D                              0x08009001   Thumb Code   230  cxarray.o(.text)
    cvSetReal2D                              0x080090e7   Thumb Code   210  cxarray.o(.text)
    cvSetReal3D                              0x080091b9   Thumb Code   118  cxarray.o(.text)
    cvSetRealND                              0x0800922f   Thumb Code   112  cxarray.o(.text)
    cvClearND                                0x0800929f   Thumb Code    82  cxarray.o(.text)
    cvReshapeMatND                           0x080092f1   Thumb Code  1170  cxarray.o(.text)
    cvReshape                                0x08009783   Thumb Code   410  cxarray.o(.text)
    cvInitImageHeader                        0x0800991d   Thumb Code   706  cxarray.o(.text)
    cvGetImage                               0x08009bdf   Thumb Code   196  cxarray.o(.text)
    cvReleaseImageHeader                     0x08009cfd   Thumb Code    74  cxarray.o(.text)
    cvCreateImageHeader                      0x08009d47   Thumb Code   176  cxarray.o(.text)
    cvReleaseImage                           0x08009df7   Thumb Code    54  cxarray.o(.text)
    cvCreateImage                            0x08009e2d   Thumb Code    88  cxarray.o(.text)
    cvSetImageROI                            0x08009e85   Thumb Code   290  cxarray.o(.text)
    cvResetImageROI                          0x08009fa7   Thumb Code    62  cxarray.o(.text)
    cvGetImageROI                            0x08009fe5   Thumb Code    96  cxarray.o(.text)
    cvSetImageCOI                            0x0800a045   Thumb Code   124  cxarray.o(.text)
    cvGetImageCOI                            0x0800a0c1   Thumb Code    48  cxarray.o(.text)
    cvCloneImage                             0x0800a0f1   Thumb Code   154  cxarray.o(.text)
    cvCheckTermCriteria                      0x0800a18b   Thumb Code   232  cxarray.o(.text)
    cvSetMemoryManager                       0x0800a3c9   Thumb Code    62  cxalloc.o(.text)
    cvAlloc                                  0x0800a407   Thumb Code    64  cxalloc.o(.text)
    cvFree_                                  0x0800a447   Thumb Code    38  cxalloc.o(.text)
    icvCopy_8u_C1R(const unsigned char*, int, unsigned char*, int, CvSize) 0x0800a529   Thumb Code    18  cxcopy.o(.text)
    icvSet_8u_C1MR(unsigned char*, int, const unsigned char*, int, CvSize, const unsigned char*) 0x0800a5bd   Thumb Code    20  cxcopy.o(.text)
    icvSet_16s_C1MR(unsigned short*, int, const unsigned char*, int, CvSize, const unsigned short*) 0x0800a627   Thumb Code    20  cxcopy.o(.text)
    icvSet_8u_C3MR(unsigned char*, int, const unsigned char*, int, CvSize, const unsigned char*) 0x0800a699   Thumb Code    20  cxcopy.o(.text)
    icvSet_8u_C4MR(int*, int, const unsigned char*, int, CvSize, const int*) 0x0800a6ef   Thumb Code    20  cxcopy.o(.text)
    icvSet_16s_C3MR(unsigned short*, int, const unsigned char*, int, CvSize, const unsigned short*) 0x0800a761   Thumb Code    20  cxcopy.o(.text)
    icvSet_16s_C4MR(long long*, int, const unsigned char*, int, CvSize, const long long*) 0x0800a7bb   Thumb Code    20  cxcopy.o(.text)
    icvSet_32f_C3MR(int*, int, const unsigned char*, int, CvSize, const int*) 0x0800a82f   Thumb Code    20  cxcopy.o(.text)
    icvSet_32f_C4MR(int*, int, const unsigned char*, int, CvSize, const int*) 0x0800a889   Thumb Code    20  cxcopy.o(.text)
    icvSet_64s_C3MR(long long*, int, const unsigned char*, int, CvSize, const long long*) 0x0800a8e1   Thumb Code    20  cxcopy.o(.text)
    icvSet_64s_C4MR(long long*, int, const unsigned char*, int, CvSize, const long long*) 0x0800a945   Thumb Code    20  cxcopy.o(.text)
    icvCopy_8u_C1MR(const unsigned char*, int, unsigned char*, int, CvSize, const unsigned char*, int) 0x0800a9b1   Thumb Code    28  cxcopy.o(.text)
    icvCopy_16s_C1MR(const unsigned short*, int, unsigned short*, int, CvSize, const unsigned char*, int) 0x0800aa39   Thumb Code    24  cxcopy.o(.text)
    icvCopy_8u_C3MR(const unsigned char*, int, unsigned char*, int, CvSize, const unsigned char*, int) 0x0800aac9   Thumb Code    24  cxcopy.o(.text)
    icvCopy_8u_C4MR(const int*, int, int*, int, CvSize, const unsigned char*, int) 0x0800ab25   Thumb Code    24  cxcopy.o(.text)
    icvCopy_16s_C3MR(const unsigned short*, int, unsigned short*, int, CvSize, const unsigned char*, int) 0x0800abb5   Thumb Code    24  cxcopy.o(.text)
    icvCopy_16s_C4MR(const long long*, int, long long*, int, CvSize, const unsigned char*, int) 0x0800ac23   Thumb Code    24  cxcopy.o(.text)
    icvCopy_32f_C3MR(const int*, int, int*, int, CvSize, const unsigned char*, int) 0x0800acb7   Thumb Code    24  cxcopy.o(.text)
    icvCopy_32f_C4MR(const int*, int, int*, int, CvSize, const unsigned char*, int) 0x0800ad25   Thumb Code    28  cxcopy.o(.text)
    icvCopy_64s_C3MR(const long long*, int, long long*, int, CvSize, const unsigned char*, int) 0x0800ad93   Thumb Code    24  cxcopy.o(.text)
    icvCopy_64s_C4MR(const long long*, int, long long*, int, CvSize, const unsigned char*, int) 0x0800adf7   Thumb Code    24  cxcopy.o(.text)
    icvGetCopyMaskFunc(int)                  0x0800ae61   Thumb Code    80  cxcopy.o(.text)
    cvCopy                                   0x0800aeb1   Thumb Code  1218  cxcopy.o(.text)
    icvSetZero_8u_C1R(unsigned char*, int, CvSize) 0x0800b373   Thumb Code    64  cxcopy.o(.text)
    cvSetZero                                0x0800b3b3   Thumb Code   374  cxcopy.o(.text)
    cvSet                                    0x0800b529   Thumb Code  1074  cxcopy.o(.text)
    cvFlip                                   0x0800be83   Thumb Code   574  cxcopy.o(.text)
    cvRepeat                                 0x0800c0c1   Thumb Code   370  cxcopy.o(.text)
    cvGetErrMode                             0x0800c265   Thumb Code    10  cxerror.o(.text)
    cvErrorStr                               0x0800c26f   Thumb Code   234  cxerror.o(.text)
    cvStdErrReport                           0x0800c359   Thumb Code    96  cxerror.o(.text)
    cvGuiBoxReport                           0x0800c3b9   Thumb Code    16  cxerror.o(.text)
    cvNulDevReport                           0x0800c3c9   Thumb Code    16  cxerror.o(.text)
    cvRedirectError                          0x0800c3d9   Thumb Code    42  cxerror.o(.text)
    cvGetErrStatus                           0x0800c403   Thumb Code   934  cxerror.o(.text)
    cvGetErrInfo                             0x0800c7a9   Thumb Code    86  cxerror.o(.text)
    cvSetErrMode                             0x0800c7ff   Thumb Code    16  cxerror.o(.text)
    cvSetErrStatus                           0x0800c80f   Thumb Code    12  cxerror.o(.text)
    cvError                                  0x0800c81b   Thumb Code    94  cxerror.o(.text)
    icvPthreadDestructor(void*)              0x0800c879   Thumb Code     4  cxerror.o(.text)
    cvErrorFromIppStatus                     0x0800c87d   Thumb Code   214  cxerror.o(.text)
    cvRestoreMemStoragePos                   0x0800c985   Thumb Code    82  cxdatastructs.o(.text)
    cvSaveMemStoragePos                      0x0800c9d7   Thumb Code    40  cxdatastructs.o(.text)
    cvMemStorageAlloc                        0x0800cac9   Thumb Code   162  cxdatastructs.o(.text)
    cvSetSeqBlockSize                        0x0800cb6b   Thumb Code   118  cxdatastructs.o(.text)
    cvSetAdd                                 0x0800cedd   Thumb Code   220  cxdatastructs.o(.text)
    cvGetSeqElem                             0x0800cfb9   Thumb Code    84  cxdatastructs.o(.text)
    cvCreateMemStorage                       0x0800d00d   Thumb Code   132  cxdatastructs.o(.text)
    cvCreateChildMemStorage                  0x0800d091   Thumb Code    90  cxdatastructs.o(.text)
    cvReleaseMemStorage                      0x0800d155   Thumb Code    80  cxdatastructs.o(.text)
    cvClearMemStorage                        0x0800d1a5   Thumb Code    50  cxdatastructs.o(.text)
    cvMemStorageAllocString                  0x0800d1d7   Thumb Code    88  cxdatastructs.o(.text)
    cvCreateSeq                              0x0800d22f   Thumb Code   290  cxdatastructs.o(.text)
    cvSeqElemIdx                             0x0800d351   Thumb Code   110  cxdatastructs.o(.text)
    cvSliceLength                            0x0800d3bf   Thumb Code    36  cxdatastructs.o(.text)
    cvSetSeqReaderPos                        0x0800d3e3   Thumb Code   250  cxdatastructs.o(.text)
    cvStartReadSeq                           0x0800d4dd   Thumb Code   130  cxdatastructs.o(.text)
    cvCvtSeqToArray                          0x0800d55f   Thumb Code   174  cxdatastructs.o(.text)
    cvMakeSeqHeaderForArray                  0x0800d60d   Thumb Code   218  cxdatastructs.o(.text)
    cvStartAppendToSeq                       0x0800d79f   Thumb Code    68  cxdatastructs.o(.text)
    cvStartWriteSeq                          0x0800d7e3   Thumb Code    84  cxdatastructs.o(.text)
    cvFlushSeqWriter                         0x0800d837   Thumb Code    90  cxdatastructs.o(.text)
    cvEndWriteSeq                            0x0800d891   Thumb Code   132  cxdatastructs.o(.text)
    cvCreateSeqBlock                         0x0800d915   Thumb Code    98  cxdatastructs.o(.text)
    cvChangeSeqBlock                         0x0800d977   Thumb Code    88  cxdatastructs.o(.text)
    cvGetSeqReaderPos                        0x0800d9cf   Thumb Code    86  cxdatastructs.o(.text)
    cvSeqPush                                0x0800da25   Thumb Code   168  cxdatastructs.o(.text)
    cvSeqPop                                 0x0800dacd   Thumb Code   152  cxdatastructs.o(.text)
    cvSeqPushFront                           0x0800db65   Thumb Code   180  cxdatastructs.o(.text)
    cvSeqPopFront                            0x0800dc19   Thumb Code   142  cxdatastructs.o(.text)
    cvSeqInsert                              0x0800dca7   Thumb Code   542  cxdatastructs.o(.text)
    cvSeqRemove                              0x0800dec5   Thumb Code   368  cxdatastructs.o(.text)
    cvSeqPushMulti                           0x0800e035   Thumb Code   276  cxdatastructs.o(.text)
    cvSeqPopMulti                            0x0800e149   Thumb Code   244  cxdatastructs.o(.text)
    cvClearSeq                               0x0800e23d   Thumb Code    46  cxdatastructs.o(.text)
    cvSeqSlice                               0x0800e26b   Thumb Code   358  cxdatastructs.o(.text)
    cvSeqRemoveSlice                         0x0800e3d1   Thumb Code   562  cxdatastructs.o(.text)
    cvSeqInsertSlice                         0x0800e603   Thumb Code   884  cxdatastructs.o(.text)
    cvSeqSort                                0x0800e977   Thumb Code  2350  cxdatastructs.o(.text)
    cvSeqSearch                              0x0800f2a5   Thumb Code   372  cxdatastructs.o(.text)
    cvSeqInvert                              0x0800f419   Thumb Code   160  cxdatastructs.o(.text)
    cvSeqPartition                           0x0800f4b9   Thumb Code   678  cxdatastructs.o(.text)
    cvCreateSet                              0x0800f75f   Thumb Code    82  cxdatastructs.o(.text)
    cvSetRemove                              0x0800f7b1   Thumb Code    52  cxdatastructs.o(.text)
    cvClearSet                               0x0800f7e5   Thumb Code    50  cxdatastructs.o(.text)
    cvCreateGraph                            0x0800f817   Thumb Code   128  cxdatastructs.o(.text)
    cvClearGraph                             0x0800f897   Thumb Code    46  cxdatastructs.o(.text)
    cvGraphAddVtx                            0x0800f8c5   Thumb Code   102  cxdatastructs.o(.text)
    cvGraphRemoveEdgeByPtr                   0x0800f92b   Thumb Code   224  cxdatastructs.o(.text)
    cvGraphRemoveVtxByPtr                    0x0800fa0b   Thumb Code   102  cxdatastructs.o(.text)
    cvGraphRemoveVtx                         0x0800fa71   Thumb Code   106  cxdatastructs.o(.text)
    cvFindGraphEdgeByPtr                     0x0800fadb   Thumb Code   114  cxdatastructs.o(.text)
    cvFindGraphEdge                          0x0800fb4d   Thumb Code   144  cxdatastructs.o(.text)
    cvGraphAddEdgeByPtr                      0x0800fbdd   Thumb Code   314  cxdatastructs.o(.text)
    cvGraphAddEdge                           0x0800fd17   Thumb Code    78  cxdatastructs.o(.text)
    cvGraphRemoveEdge                        0x0800fd65   Thumb Code    60  cxdatastructs.o(.text)
    cvGraphVtxDegreeByPtr                    0x0800fda1   Thumb Code    86  cxdatastructs.o(.text)
    cvGraphVtxDegree                         0x0800fdf7   Thumb Code   112  cxdatastructs.o(.text)
    cvCreateGraphScanner                     0x08010039   Thumb Code   254  cxdatastructs.o(.text)
    cvReleaseGraphScanner                    0x08010137   Thumb Code    90  cxdatastructs.o(.text)
    cvNextGraphItem                          0x08010191   Thumb Code   416  cxdatastructs.o(.text)
    cvCloneGraph                             0x08010331   Thumb Code   678  cxdatastructs.o(.text)
    cvNextTreeNode                           0x080105d7   Thumb Code    92  cxdatastructs.o(.text)
    cvInitTreeNodeIterator                   0x08010633   Thumb Code    68  cxdatastructs.o(.text)
    cvTreeToNodeSeq                          0x08010677   Thumb Code   132  cxdatastructs.o(.text)
    cvInsertNodeIntoTree                     0x080106fb   Thumb Code    68  cxdatastructs.o(.text)
    cvRemoveNodeFromTree                     0x0801073f   Thumb Code    96  cxdatastructs.o(.text)
    cvPrevTreeNode                           0x0801079f   Thumb Code    90  cxdatastructs.o(.text)
    icvCopy_8u_C2P2R(const unsigned char*, int, unsigned char**, int, CvSize) 0x08010839   Thumb Code    18  cxconvert.o(.text)
    icvCopy_8u_C3P3R(const unsigned char*, int, unsigned char**, int, CvSize) 0x08010885   Thumb Code    18  cxconvert.o(.text)
    icvCopy_8u_C4P4R(const unsigned char*, int, unsigned char**, int, CvSize) 0x080108e1   Thumb Code    18  cxconvert.o(.text)
    icvCopy_16s_C2P2R(const unsigned short*, int, unsigned short**, int, CvSize) 0x08010949   Thumb Code    18  cxconvert.o(.text)
    icvCopy_16s_C3P3R(const unsigned short*, int, unsigned short**, int, CvSize) 0x080109a1   Thumb Code    18  cxconvert.o(.text)
    icvCopy_16s_C4P4R(const unsigned short*, int, unsigned short**, int, CvSize) 0x08010a0d   Thumb Code    18  cxconvert.o(.text)
    icvCopy_32f_C2P2R(const int*, int, int**, int, CvSize) 0x08010a83   Thumb Code    18  cxconvert.o(.text)
    icvCopy_32f_C3P3R(const int*, int, int**, int, CvSize) 0x08010ad7   Thumb Code    18  cxconvert.o(.text)
    icvCopy_32f_C4P4R(const int*, int, int**, int, CvSize) 0x08010b3b   Thumb Code    18  cxconvert.o(.text)
    icvCopy_64f_C2P2R(const long long*, int, long long**, int, CvSize) 0x08010ba9   Thumb Code    18  cxconvert.o(.text)
    icvCopy_64f_C3P3R(const long long*, int, long long**, int, CvSize) 0x08010c0b   Thumb Code    22  cxconvert.o(.text)
    icvCopy_64f_C4P4R(const long long*, int, long long**, int, CvSize) 0x08010c91   Thumb Code    18  cxconvert.o(.text)
    icvCopy_8u_CnC1CR(const unsigned char*, int, unsigned char*, int, CvSize, int, int) 0x08010d21   Thumb Code    28  cxconvert.o(.text)
    icvCopy_16s_CnC1CR(const unsigned short*, int, unsigned short*, int, CvSize, int, int) 0x08010d9d   Thumb Code    24  cxconvert.o(.text)
    icvCopy_32f_CnC1CR(const int*, int, int*, int, CvSize, int, int) 0x08010e2f   Thumb Code    24  cxconvert.o(.text)
    icvCopy_64f_CnC1CR(const long long*, int, long long*, int, CvSize, int, int) 0x08010ebf   Thumb Code    24  cxconvert.o(.text)
    icvCopy_8u_P2C2R(const unsigned char**, int, unsigned char*, int, CvSize) 0x08010f67   Thumb Code    18  cxconvert.o(.text)
    icvCopy_8u_P3C3R(const unsigned char**, int, unsigned char*, int, CvSize) 0x08010fb3   Thumb Code    18  cxconvert.o(.text)
    icvCopy_8u_P4C4R(const unsigned char**, int, unsigned char*, int, CvSize) 0x08011011   Thumb Code    18  cxconvert.o(.text)
    icvCopy_16s_P2C2R(const unsigned short**, int, unsigned short*, int, CvSize) 0x08011081   Thumb Code    18  cxconvert.o(.text)
    icvCopy_16s_P3C3R(const unsigned short**, int, unsigned short*, int, CvSize) 0x080110d9   Thumb Code    18  cxconvert.o(.text)
    icvCopy_16s_P4C4R(const unsigned short**, int, unsigned short*, int, CvSize) 0x08011147   Thumb Code    18  cxconvert.o(.text)
    icvCopy_32f_P2C2R(const int**, int, int*, int, CvSize) 0x080111c1   Thumb Code    18  cxconvert.o(.text)
    icvCopy_32f_P3C3R(const int**, int, int*, int, CvSize) 0x08011215   Thumb Code    18  cxconvert.o(.text)
    icvCopy_32f_P4C4R(const int**, int, int*, int, CvSize) 0x0801127b   Thumb Code    18  cxconvert.o(.text)
    icvCopy_64f_P2C2R(const long long**, int, long long*, int, CvSize) 0x080112ed   Thumb Code    18  cxconvert.o(.text)
    icvCopy_64f_P3C3R(const long long**, int, long long*, int, CvSize) 0x08011351   Thumb Code    18  cxconvert.o(.text)
    icvCopy_64f_P4C4R(const long long**, int, long long*, int, CvSize) 0x080113cf   Thumb Code    18  cxconvert.o(.text)
    icvCopy_8u_C1CnCR(const unsigned char*, int, unsigned char*, int, CvSize, int, int) 0x08011459   Thumb Code    28  cxconvert.o(.text)
    icvCopy_16s_C1CnCR(const unsigned short*, int, unsigned short*, int, CvSize, int, int) 0x080114dd   Thumb Code    24  cxconvert.o(.text)
    icvCopy_32f_C1CnCR(const int*, int, int*, int, CvSize, int, int) 0x08011571   Thumb Code    24  cxconvert.o(.text)
    icvCopy_64f_C1CnCR(const long long*, int, long long*, int, CvSize, int, int) 0x08011603   Thumb Code    24  cxconvert.o(.text)
    cvSplit                                  0x080116ab   Thumb Code   654  cxconvert.o(.text)
    cvMerge                                  0x08011939   Thumb Code   612  cxconvert.o(.text)
    cvMixChannels                            0x08011fc5   Thumb Code  1392  cxconvert.o(.text)
    cvConvertScaleAbs                        0x0801314d   Thumb Code   308  cxconvert.o(.text)
    cvConvertScale                           0x0801a455   Thumb Code  1032  cxconvert.o(.text)
    icvCvt_32f64f(const float*, double*, int) 0x0801a85d   Thumb Code     8  cxconvert.o(.text)
    icvCvt_64f32f(const double*, float*, int) 0x0801a8d5   Thumb Code     8  cxconvert.o(.text)
    icvScale_32f(const float*, float*, int, float, float) 0x0801a95f   Thumb Code   236  cxconvert.o(.text)
    icvScale_64f(const double*, double*, int, double, double) 0x0801aa4b   Thumb Code   226  cxconvert.o(.text)
    icvLUT_Transform8u_8u_C1R(const unsigned char*, int, unsigned char*, int, CvSize, const unsigned char*) 0x0801ac15   Thumb Code    90  cxlut.o(.text)
    icvLUT_Transform8u_16u_C1R(const unsigned char*, int, unsigned short*, int, CvSize, const unsigned short*) 0x0801ac6f   Thumb Code   106  cxlut.o(.text)
    icvLUT_Transform8u_32s_C1R(const unsigned char*, int, int*, int, CvSize, const int*) 0x0801acd9   Thumb Code   106  cxlut.o(.text)
    icvLUT_Transform8u_64f_C1R(const unsigned char*, int, double*, int, CvSize, const double*) 0x0801ad43   Thumb Code   132  cxlut.o(.text)
    icvLUT_Transform8u_8u_C2R(const unsigned char*, int, unsigned char*, int, CvSize, const unsigned char*) 0x0801adc7   Thumb Code    60  cxlut.o(.text)
    icvLUT_Transform8u_8u_C3R(const unsigned char*, int, unsigned char*, int, CvSize, const unsigned char*) 0x0801ae03   Thumb Code    82  cxlut.o(.text)
    icvLUT_Transform8u_8u_C4R(const unsigned char*, int, unsigned char*, int, CvSize, const unsigned char*) 0x0801ae55   Thumb Code    84  cxlut.o(.text)
    cvLUT                                    0x0801b379   Thumb Code   808  cxlut.o(.text)
    cvFastArctan                             0x0801b715   Thumb Code   234  cxmathfuncs.o(.text)
    icvFastArctan_32f(const float*, const float*, float*, int) 0x0801b7ff   Thumb Code    12  cxmathfuncs.o(.text)
    cvCbrt                                   0x0801bac7   Thumb Code   420  cxmathfuncs.o(.text)
    icvInvSqrt_32f(const float*, float*, int) 0x0801bc6b   Thumb Code     6  cxmathfuncs.o(.text)
    icvSqrt_32f(const float*, float*, int)   0x0801bcbf   Thumb Code     6  cxmathfuncs.o(.text)
    icvSqrt_64f(const double*, double*, int) 0x0801bcff   Thumb Code     6  cxmathfuncs.o(.text)
    icvInvSqrt_64f(const double*, double*, int) 0x0801bd3f   Thumb Code     6  cxmathfuncs.o(.text)
    cvCartToPolar                            0x0801bee5   Thumb Code  1166  cxmathfuncs.o(.text)
    cvPolarToCart                            0x0801c525   Thumb Code  1216  cxmathfuncs.o(.text)
    icvExp_32f(const float*, float*, int)    0x0801c9e5   Thumb Code     6  cxmathfuncs.o(.text)
    icvExp_64f(const double*, double*, int)  0x0801cf97   Thumb Code     6  cxmathfuncs.o(.text)
    cvExp                                    0x0801d581   Thumb Code   520  cxmathfuncs.o(.text)
    icvLog_32f(const float*, float*, int)    0x0801d789   Thumb Code     8  cxmathfuncs.o(.text)
    icvLog_64f(const double*, double*, int)  0x0801dc49   Thumb Code     6  cxmathfuncs.o(.text)
    cvLog                                    0x0801e2bb   Thumb Code   526  cxmathfuncs.o(.text)
    cvPow                                    0x0801e6c5   Thumb Code  1156  cxmathfuncs.o(.text)
    icvCheckArray_32f_C1R(const float*, int, CvSize, int, double, double) 0x0801eb49   Thumb Code    14  cxmathfuncs.o(.text)
    icvCheckArray_64f_C1R(const double*, int, CvSize, int, double, double) 0x0801ebfb   Thumb Code    14  cxmathfuncs.o(.text)
    cvCheckArr                               0x0801eccf   Thumb Code   276  cxmathfuncs.o(.text)
    icvAdd_8u_C1R(const unsigned char*, int, const unsigned char*, int, unsigned char*, int, CvSize, int) 0x0801eecd   Thumb Code    30  cxarithm.o(.text)
    icvAdd_16u_C1R(const unsigned short*, int, const unsigned short*, int, unsigned short*, int, CvSize, int) 0x0801eff3   Thumb Code    28  cxarithm.o(.text)
    icvAdd_16s_C1R(const short*, int, const short*, int, short*, int, CvSize, int) 0x0801f12d   Thumb Code    28  cxarithm.o(.text)
    icvAdd_32s_C1R(const int*, int, const int*, int, int*, int, CvSize) 0x0801f28f   Thumb Code    28  cxarithm.o(.text)
    icvAdd_32f_C1R(const float*, int, const float*, int, float*, int, CvSize) 0x0801f369   Thumb Code    24  cxarithm.o(.text)
    icvAdd_64f_C1R(const double*, int, const double*, int, double*, int, CvSize) 0x0801f451   Thumb Code    24  cxarithm.o(.text)
    icvSub_8u_C1R(const unsigned char*, int, const unsigned char*, int, unsigned char*, int, CvSize, int) 0x0801f5a7   Thumb Code    28  cxarithm.o(.text)
    icvSub_16u_C1R(const unsigned short*, int, const unsigned short*, int, unsigned short*, int, CvSize, int) 0x0801f6cd   Thumb Code    28  cxarithm.o(.text)
    icvSub_16s_C1R(const short*, int, const short*, int, short*, int, CvSize, int) 0x0801f813   Thumb Code    28  cxarithm.o(.text)
    icvSub_32s_C1R(const int*, int, const int*, int, int*, int, CvSize) 0x0801f97d   Thumb Code    24  cxarithm.o(.text)
    icvSub_32f_C1R(const float*, int, const float*, int, float*, int, CvSize) 0x0801fa4b   Thumb Code    24  cxarithm.o(.text)
    icvSub_64f_C1R(const double*, int, const double*, int, double*, int, CvSize) 0x0801fb33   Thumb Code    24  cxarithm.o(.text)
    cvSub                                    0x0802102b   Thumb Code  1816  cxarithm.o(.text)
    cvSubRS                                  0x08021743   Thumb Code  1528  cxarithm.o(.text)
    cvAdd                                    0x08021d3b   Thumb Code  1756  cxarithm.o(.text)
    cvAddS                                   0x08022417   Thumb Code  1504  cxarithm.o(.text)
    cvMul                                    0x08023a39   Thumb Code   890  cxarithm.o(.text)
    cvDiv                                    0x08026225   Thumb Code   986  cxarithm.o(.text)
    cvAddWeighted                            0x080275a3   Thumb Code   594  cxarithm.o(.text)
    cvCvtColor                               0x0802adc1   Thumb Code  1788  cvcolor.o(.text)
    fgetc                                    0x0802b5d3   Thumb Code    36  retarget_io.o(.text)
    __backspace                              0x0802b5f7   Thumb Code    30  retarget_io.o(.text)
    abort                                    0x0802b615   Thumb Code     2  retarget_io.o(.text)
    __aeabi_assert                           0x0802b617   Thumb Code    98  retarget_io.o(.text)
    ___aeabi_memcpy8$move                    0x0802b6b1   Thumb Code     0  memmovea.o(.text)
    __aeabi_memcpy                           0x0802b6b1   Thumb Code    64  memmovea.o(.text)
    __aeabi_memcpy4                          0x0802b6b1   Thumb Code     0  memmovea.o(.text)
    __aeabi_memmove                          0x0802b6b1   Thumb Code     0  memmovea.o(.text)
    __aeabi_memmove4                         0x0802b6b1   Thumb Code     0  memmovea.o(.text)
    __aeabi_memmove8                         0x0802b6b1   Thumb Code     0  memmovea.o(.text)
    __aeabi_memset                           0x0802b6f1   Thumb Code    14  memseta.o(.text)
    __aeabi_memset4                          0x0802b6f1   Thumb Code     0  memseta.o(.text)
    __aeabi_memset8                          0x0802b6f1   Thumb Code     0  memseta.o(.text)
    __aeabi_memclr                           0x0802b6ff   Thumb Code     4  memseta.o(.text)
    __aeabi_memclr4                          0x0802b6ff   Thumb Code     0  memseta.o(.text)
    __aeabi_memclr8                          0x0802b6ff   Thumb Code     0  memseta.o(.text)
    _memset$wrapper                          0x0802b703   Thumb Code    18  memseta.o(.text)
    strncpy                                  0x0802b715   Thumb Code    24  strncpy.o(.text)
    strlen                                   0x0802b72d   Thumb Code    14  strlen.o(.text)
    strcpy                                   0x0802b73b   Thumb Code    18  strcpy.o(.text)
    __aeabi_dadd                             0x0802b74d   Thumb Code   322  dadd.o(.text)
    __aeabi_dsub                             0x0802b88f   Thumb Code     6  dadd.o(.text)
    __aeabi_drsub                            0x0802b895   Thumb Code     6  dadd.o(.text)
    __aeabi_dmul                             0x0802b89b   Thumb Code   228  dmul.o(.text)
    __aeabi_ddiv                             0x0802b97f   Thumb Code   222  ddiv.o(.text)
    __aeabi_i2d                              0x0802ba5d   Thumb Code    34  dflti.o(.text)
    __aeabi_ui2d                             0x0802ba7f   Thumb Code    26  dfltui.o(.text)
    __aeabi_d2uiz                            0x0802ba99   Thumb Code    50  dfixui.o(.text)
    __aeabi_f2d                              0x0802bacb   Thumb Code    38  f2d.o(.text)
    __aeabi_cdcmpeq                          0x0802baf1   Thumb Code     0  cdcmple.o(.text)
    __aeabi_cdcmple                          0x0802baf1   Thumb Code    48  cdcmple.o(.text)
    __aeabi_d2f                              0x0802bb21   Thumb Code    56  d2f.o(.text)
    __aeabi_uldivmod                         0x0802bb59   Thumb Code    98  uldiv.o(.text)
    __aeabi_llsl                             0x0802bbbb   Thumb Code    30  llshl.o(.text)
    _ll_shift_l                              0x0802bbbb   Thumb Code     0  llshl.o(.text)
    __aeabi_llsr                             0x0802bbd9   Thumb Code    32  llushr.o(.text)
    _ll_ushift_r                             0x0802bbd9   Thumb Code     0  llushr.o(.text)
    __aeabi_lasr                             0x0802bbf9   Thumb Code    36  llsshr.o(.text)
    _ll_sshift_r                             0x0802bbf9   Thumb Code     0  llsshr.o(.text)
    __I$use$fp                               0x0802bc1d   Thumb Code     0  iusefp.o(.text)
    _float_round                             0x0802bc1d   Thumb Code    18  fepilogue.o(.text)
    _float_epilogue                          0x0802bc2f   Thumb Code    92  fepilogue.o(.text)
    _double_round                            0x0802bc8b   Thumb Code    30  depilogue.o(.text)
    _double_epilogue                         0x0802bca9   Thumb Code   156  depilogue.o(.text)
    _dsqrt                                   0x0802bd45   Thumb Code   162  dsqrt.o(.text)
    __scatterload                            0x0802bde9   Thumb Code    28  init.o(.text)
    __scatterload_rt2                        0x0802bde9   Thumb Code     0  init.o(.text)
    __aeabi_d2iz                             0x0802be0d   Thumb Code    62  dfixi.o(.text)
    __decompress                             0x0802be4b   Thumb Code     0  __dclz77c.o(.text)
    __decompress2                            0x0802be4b   Thumb Code    94  __dclz77c.o(.text)
    cvAlignPtr(const void*, int)             0x0802bea9   Thumb Code    20  cxarray.o(i._Z10cvAlignPtrPKvi)
    icvLUT_Transform8u_8s_C1R(const unsigned char*, int, char*, int, CvSize, const char*) 0x0802bebd   Thumb Code    18  cxconvert.o(i._Z25icvLUT_Transform8u_8s_C1RPKhiPci6CvSizePKc)
    icvLUT_Transform8u_16s_C1R(const unsigned char*, int, short*, int, CvSize, const short*) 0x0802becf   Thumb Code    18  cxconvert.o(i._Z26icvLUT_Transform8u_16s_C1RPKhiPsi6CvSizePKs)
    icvLUT_Transform8u_32f_C1R(const unsigned char*, int, float*, int, CvSize, const float*) 0x0802bee1   Thumb Code    18  cxconvert.o(i._Z26icvLUT_Transform8u_32f_C1RPKhiPfi6CvSizePKf)
    cvMat(int, int, int, void*)              0x0802bef5   Thumb Code    86  cxarithm.o(i._Z5cvMatiiiPv)
    cvAlign(int, int)                        0x0802bf51   Thumb Code    30  cxarray.o(i._Z7cvAlignii)
    cvFloor(double)                          0x0802bf6f   Thumb Code    46  cvcolor.o(i._Z7cvFloord)
    cvRound(double)                          0x0802bf9d   Thumb Code    24  cxarray.o(i._Z7cvRoundd)
    icvMed3(char*, char*, char*, int(*)(const void*, const void*, void*), void*) 0x0802bfbd   Thumb Code    82  cxdatastructs.o(i._Z7icvMed3PcS_S_PFYiPKvS1_PvES2_)
    std::fabs(float)                         0x0802c00f   Thumb Code     6  cxmathfuncs.o(i._ZSt4fabsf)
    std::sqrt(float)                         0x0802c015   Thumb Code     4  cxmathfuncs.o(i._ZSt4sqrtf)
    __0fprintf$5                             0x0802c019   Thumb Code    22  printf5.o(i.__0fprintf$5)
    __1fprintf$5                             0x0802c019   Thumb Code     0  printf5.o(i.__0fprintf$5)
    __2fprintf                               0x0802c019   Thumb Code     0  printf5.o(i.__0fprintf$5)
    __0printf$5                              0x0802c035   Thumb Code    22  printf5.o(i.__0printf$5)
    __1printf$5                              0x0802c035   Thumb Code     0  printf5.o(i.__0printf$5)
    __2printf                                0x0802c035   Thumb Code     0  printf5.o(i.__0printf$5)
    __0sprintf$5                             0x0802c055   Thumb Code    34  printf5.o(i.__0sprintf$5)
    __1sprintf$5                             0x0802c055   Thumb Code     0  printf5.o(i.__0sprintf$5)
    __2sprintf                               0x0802c055   Thumb Code     0  printf5.o(i.__0sprintf$5)
    __ARM_fpclassify                         0x0802c07d   Thumb Code    48  fpclassify.o(i.__ARM_fpclassify)
    __hardfp_cos                             0x0802c0b1   Thumb Code   180  cos.o(i.__hardfp_cos)
    __hardfp_fabs                            0x0802c179   Thumb Code    20  fabs.o(i.__hardfp_fabs)
    __hardfp_sin                             0x0802c191   Thumb Code   180  sin.o(i.__hardfp_sin)
    __hardfp_sqrt                            0x0802c259   Thumb Code   122  sqrt.o(i.__hardfp_sqrt)
    __hardfp_sqrtf                           0x0802c2d3   Thumb Code    58  sqrtf.o(i.__hardfp_sqrtf)
    __ieee754_rem_pio2                       0x0802c311   Thumb Code   938  rred.o(i.__ieee754_rem_pio2)
    __kernel_cos                             0x0802c749   Thumb Code   322  cos_i.o(i.__kernel_cos)
    __kernel_poly                            0x0802c8b9   Thumb Code   248  poly.o(i.__kernel_poly)
    __kernel_sin                             0x0802c9b1   Thumb Code   280  sin_i.o(i.__kernel_sin)
    __mathlib_dbl_infnan                     0x0802cae1   Thumb Code    20  dunder.o(i.__mathlib_dbl_infnan)
    __mathlib_dbl_invalid                    0x0802caf9   Thumb Code    24  dunder.o(i.__mathlib_dbl_invalid)
    __mathlib_dbl_underflow                  0x0802cb19   Thumb Code    24  dunder.o(i.__mathlib_dbl_underflow)
    __scatterload_copy                       0x0802cb39   Thumb Code    14  handlers.o(i.__scatterload_copy)
    __scatterload_null                       0x0802cb47   Thumb Code     2  handlers.o(i.__scatterload_null)
    __scatterload_zeroinit                   0x0802cb49   Thumb Code    14  handlers.o(i.__scatterload_zeroinit)
    __set_errno                              0x0802cb59   Thumb Code     6  errno.o(i.__set_errno)
    cvDecRefData                             0x0802ce2f   Thumb Code    86  cxarray.o(i.cvDecRefData)
    cvGetSetElem                             0x0802ce85   Thumb Code    18  cxdatastructs.o(i.cvGetSetElem)
    cvSetNew                                 0x0802ce97   Thumb Code    40  cxdatastructs.o(i.cvSetNew)
    cvSetRemoveByPtr                         0x0802cebf   Thumb Code    38  cxdatastructs.o(i.cvSetRemoveByPtr)
    fabs                                     0x0802cee5   Thumb Code    24  fabs.o(i.fabs)
    fputs                                    0x0802cefd   Thumb Code    24  fputs.o(i.fputs)
    free                                     0x0802cf15   Thumb Code    76  malloc.o(i.free)
    malloc                                   0x0802cf65   Thumb Code    92  malloc.o(i.malloc)
    asc2_1206                                0x08034500   Data        1140  lcd.o(.constdata)
    asc2_1608                                0x08034974   Data        1520  lcd.o(.constdata)
    asc2_2412                                0x08034f64   Data        3420  lcd.o(.constdata)
    FSMC_DefaultTimingStruct                 0x08035cc0   Data          28  stm32f4xx_fsmc.o(.constdata)
    icvDepthToType                           0x08035cfc   Data          18  cxtables.o(.constdata)
    icv8x32fTab                              0x08035d10   Data        1536  cxtables.o(.constdata)
    icvSaturate8u                            0x08036310   Data         769  cxtables.o(.constdata)
    icv8x32fTab_cv                           0x08037a78   Data        3072  cvtables.o(.constdata)
    icvSaturate8u_cv                         0x08038678   Data         769  cvtables.o(.constdata)
    Region$$Table$$Base                      0x08039a7c   Number         0  anon$$obj.o(Region$$Table)
    Region$$Table$$Limit                     0x08039a9c   Number         0  anon$$obj.o(Region$$Table)
    mem3base                                 0x10000000   Data       61440  malloc.o(.ARM.__AT_0x10000000)
    mem3mapbase                              0x1000f000   Data        3840  malloc.o(.ARM.__AT_0x1000F000)
    SystemCoreClock                          0x20000000   Data           4  system_stm32f4xx.o(.data)
    AHBPrescTable                            0x20000004   Data          16  system_stm32f4xx.o(.data)
    POINT_COLOR                              0x20000014   Data           2  lcd.o(.data)
    BACK_COLOR                               0x20000016   Data           2  lcd.o(.data)
    USART_RX_STA                             0x2000001c   Data           2  usart.o(.data)
    icvCopy_8u_C1R_p                         0x200003e8   Data           4  cxcopy.o(.data)
    icvSet_8u_C1MR_p                         0x200003ec   Data           4  cxcopy.o(.data)
    icvSet_16s_C1MR_p                        0x200003f0   Data           4  cxcopy.o(.data)
    icvSet_8u_C3MR_p                         0x200003f4   Data           4  cxcopy.o(.data)
    icvSet_8u_C4MR_p                         0x200003f8   Data           4  cxcopy.o(.data)
    icvSet_16s_C3MR_p                        0x200003fc   Data           4  cxcopy.o(.data)
    icvSet_16s_C4MR_p                        0x20000400   Data           4  cxcopy.o(.data)
    icvSet_32f_C3MR_p                        0x20000404   Data           4  cxcopy.o(.data)
    icvSet_32f_C4MR_p                        0x20000408   Data           4  cxcopy.o(.data)
    icvSet_64s_C3MR_p                        0x2000040c   Data           4  cxcopy.o(.data)
    icvSet_64s_C4MR_p                        0x20000410   Data           4  cxcopy.o(.data)
    icvCopy_8u_C1MR_p                        0x20000414   Data           4  cxcopy.o(.data)
    icvCopy_16s_C1MR_p                       0x20000418   Data           4  cxcopy.o(.data)
    icvCopy_8u_C3MR_p                        0x2000041c   Data           4  cxcopy.o(.data)
    icvCopy_8u_C4MR_p                        0x20000420   Data           4  cxcopy.o(.data)
    icvCopy_16s_C3MR_p                       0x20000424   Data           4  cxcopy.o(.data)
    icvCopy_16s_C4MR_p                       0x20000428   Data           4  cxcopy.o(.data)
    icvCopy_32f_C3MR_p                       0x2000042c   Data           4  cxcopy.o(.data)
    icvCopy_32f_C4MR_p                       0x20000430   Data           4  cxcopy.o(.data)
    icvCopy_64s_C3MR_p                       0x20000434   Data           4  cxcopy.o(.data)
    icvCopy_64s_C4MR_p                       0x20000438   Data           4  cxcopy.o(.data)
    icvSetByte_8u_C1R_p                      0x2000043c   Data           4  cxcopy.o(.data)
    icvCopy_8u_C2P2R_p                       0x2000090c   Data           4  cxconvert.o(.data)
    icvCopy_8u_C3P3R_p                       0x20000910   Data           4  cxconvert.o(.data)
    icvCopy_8u_C4P4R_p                       0x20000914   Data           4  cxconvert.o(.data)
    icvCopy_16s_C2P2R_p                      0x20000918   Data           4  cxconvert.o(.data)
    icvCopy_16s_C3P3R_p                      0x2000091c   Data           4  cxconvert.o(.data)
    icvCopy_16s_C4P4R_p                      0x20000920   Data           4  cxconvert.o(.data)
    icvCopy_32f_C2P2R_p                      0x20000924   Data           4  cxconvert.o(.data)
    icvCopy_32f_C3P3R_p                      0x20000928   Data           4  cxconvert.o(.data)
    icvCopy_32f_C4P4R_p                      0x2000092c   Data           4  cxconvert.o(.data)
    icvCopy_64f_C2P2R_p                      0x20000930   Data           4  cxconvert.o(.data)
    icvCopy_64f_C3P3R_p                      0x20000934   Data           4  cxconvert.o(.data)
    icvCopy_64f_C4P4R_p                      0x20000938   Data           4  cxconvert.o(.data)
    icvCopy_8u_CnC1CR_p                      0x2000093c   Data           4  cxconvert.o(.data)
    icvCopy_16s_CnC1CR_p                     0x20000940   Data           4  cxconvert.o(.data)
    icvCopy_32f_CnC1CR_p                     0x20000944   Data           4  cxconvert.o(.data)
    icvCopy_64f_CnC1CR_p                     0x20000948   Data           4  cxconvert.o(.data)
    icvCopy_8u_P2C2R_p                       0x2000094c   Data           4  cxconvert.o(.data)
    icvCopy_8u_P3C3R_p                       0x20000950   Data           4  cxconvert.o(.data)
    icvCopy_8u_P4C4R_p                       0x20000954   Data           4  cxconvert.o(.data)
    icvCopy_16s_P2C2R_p                      0x20000958   Data           4  cxconvert.o(.data)
    icvCopy_16s_P3C3R_p                      0x2000095c   Data           4  cxconvert.o(.data)
    icvCopy_16s_P4C4R_p                      0x20000960   Data           4  cxconvert.o(.data)
    icvCopy_32f_P2C2R_p                      0x20000964   Data           4  cxconvert.o(.data)
    icvCopy_32f_P3C3R_p                      0x20000968   Data           4  cxconvert.o(.data)
    icvCopy_32f_P4C4R_p                      0x2000096c   Data           4  cxconvert.o(.data)
    icvCopy_64f_P2C2R_p                      0x20000970   Data           4  cxconvert.o(.data)
    icvCopy_64f_P3C3R_p                      0x20000974   Data           4  cxconvert.o(.data)
    icvCopy_64f_P4C4R_p                      0x20000978   Data           4  cxconvert.o(.data)
    icvCopy_8u_C1CnCR_p                      0x2000097c   Data           4  cxconvert.o(.data)
    icvCopy_16s_C1CnCR_p                     0x20000980   Data           4  cxconvert.o(.data)
    icvCopy_32f_C1CnCR_p                     0x20000984   Data           4  cxconvert.o(.data)
    icvCopy_64f_C1CnCR_p                     0x20000988   Data           4  cxconvert.o(.data)
    icvCvt_32f64f_p                          0x2000098c   Data           4  cxconvert.o(.data)
    icvCvt_64f32f_p                          0x20000990   Data           4  cxconvert.o(.data)
    icvFastArctan_32f_p                      0x200009f0   Data           4  cxmathfuncs.o(.data)
    icvInvSqrt_32f_p                         0x200009f4   Data           4  cxmathfuncs.o(.data)
    icvSqrt_32f_p                            0x200009f8   Data           4  cxmathfuncs.o(.data)
    icvSqrt_64f_p                            0x200009fc   Data           4  cxmathfuncs.o(.data)
    icvInvSqrt_64f_p                         0x20000a00   Data           4  cxmathfuncs.o(.data)
    icvExp_32f_p                             0x20000a04   Data           4  cxmathfuncs.o(.data)
    icvExp_64f_p                             0x20000a08   Data           4  cxmathfuncs.o(.data)
    icvLog_32f_p                             0x20000a0c   Data           4  cxmathfuncs.o(.data)
    icvLog_64f_p                             0x20000a10   Data           4  cxmathfuncs.o(.data)
    icvCheckArray_32f_C1R_p                  0x20000a14   Data           4  cxmathfuncs.o(.data)
    icvCheckArray_64f_C1R_p                  0x20000a18   Data           4  cxmathfuncs.o(.data)
    icvAdd_8u_C1R_p                          0x20000a5c   Data           4  cxarithm.o(.data)
    icvAdd_16u_C1R_p                         0x20000a60   Data           4  cxarithm.o(.data)
    icvAdd_16s_C1R_p                         0x20000a64   Data           4  cxarithm.o(.data)
    icvAdd_32s_C1R_p                         0x20000a68   Data           4  cxarithm.o(.data)
    icvAdd_32f_C1R_p                         0x20000a6c   Data           4  cxarithm.o(.data)
    icvAdd_64f_C1R_p                         0x20000a70   Data           4  cxarithm.o(.data)
    icvSub_8u_C1R_p                          0x20000a74   Data           4  cxarithm.o(.data)
    icvSub_16u_C1R_p                         0x20000a78   Data           4  cxarithm.o(.data)
    icvSub_16s_C1R_p                         0x20000a7c   Data           4  cxarithm.o(.data)
    icvSub_32s_C1R_p                         0x20000a80   Data           4  cxarithm.o(.data)
    icvSub_32f_C1R_p                         0x20000a84   Data           4  cxarithm.o(.data)
    icvSub_64f_C1R_p                         0x20000a88   Data           4  cxarithm.o(.data)
    icvRGB2XYZ_8u_C3R_p                      0x20000ae0   Data           4  cvcolor.o(.data)
    icvRGB2XYZ_16u_C3R_p                     0x20000ae4   Data           4  cvcolor.o(.data)
    icvRGB2XYZ_32f_C3R_p                     0x20000ae8   Data           4  cvcolor.o(.data)
    icvXYZ2RGB_8u_C3R_p                      0x20000aec   Data           4  cvcolor.o(.data)
    icvXYZ2RGB_16u_C3R_p                     0x20000af0   Data           4  cvcolor.o(.data)
    icvXYZ2RGB_32f_C3R_p                     0x20000af4   Data           4  cvcolor.o(.data)
    icvRGB2HSV_8u_C3R_p                      0x20000af8   Data           4  cvcolor.o(.data)
    icvHSV2RGB_8u_C3R_p                      0x20000afc   Data           4  cvcolor.o(.data)
    icvLab2BGR_8u_C3R_p                      0x20000b00   Data           4  cvcolor.o(.data)
    icvRGB2HLS_8u_C3R_p                      0x20000b04   Data           4  cvcolor.o(.data)
    icvRGB2HLS_32f_C3R_p                     0x20000b08   Data           4  cvcolor.o(.data)
    icvHLS2RGB_8u_C3R_p                      0x20000b0c   Data           4  cvcolor.o(.data)
    icvHLS2RGB_32f_C3R_p                     0x20000b10   Data           4  cvcolor.o(.data)
    icvRGB2Luv_8u_C3R_p                      0x20000b14   Data           4  cvcolor.o(.data)
    icvLuv2RGB_8u_C3R_p                      0x20000b18   Data           4  cvcolor.o(.data)
    __stdin                                  0x20000f30   Data           4  stdin.o(.data)
    __stdout                                 0x20000f34   Data           4  stdout.o(.data)
    __stderr                                 0x20000f38   Data           4  stderr.o(.data)
    __microlib_freelist                      0x20000f3c   Data           4  mvars.o(.data)
    __microlib_freelist_initialised          0x20000f40   Data           4  mvars.o(.data)
    lcddev                                   0x20000f48   Data          14  lcd.o(.bss)
    USART_RX_BUF                             0x20000f56   Data         200  usart.o(.bss)
    __heap_base                              0x200024d0   Data           0  startup_stm32f40_41xxx.o(HEAP)
    __heap_limit                             0x200111d0   Data           0  startup_stm32f40_41xxx.o(HEAP)
    __initial_sp                             0x2001fed0   Data           0  startup_stm32f40_41xxx.o(STACK)
    mem2base                                 0x68000000   Data       983040  malloc.o(.ARM.__AT_0x68000000)
    mem2mapbase                              0x680f0000   Data       61440  malloc.o(.ARM.__AT_0x680F0000)



==============================================================================

Memory Map of the image

  Image Entry point : 0x08000189

  Load Region LR_IROM1 (Base: 0x08000000, Size: 0x0003a9e4, Max: 0x00100000, ABSOLUTE, COMPRESSED[0x0003a460])

    Execution Region ER_IROM1 (Exec base: 0x08000000, Load base: 0x08000000, Size: 0x00039a9c, Max: 0x00100000, ABSOLUTE)

    Exec Addr    Load Addr    Size         Type   Attr      Idx    E Section Name        Object

    0x08000000   0x08000000   0x00000188   Data   RO          591    RESET               startup_stm32f40_41xxx.o
    0x08000188   0x08000188   0x00000000   Code   RO         1489  * .ARM.Collect$$$$00000000  mc_w.l(entry.o)
    0x08000188   0x08000188   0x00000004   Code   RO         1852    .ARM.Collect$$$$00000001  mc_w.l(entry2.o)
    0x0800018c   0x0800018c   0x00000004   Code   RO         1855    .ARM.Collect$$$$00000004  mc_w.l(entry5.o)
    0x08000190   0x08000190   0x00000000   Code   RO         1857    .ARM.Collect$$$$00000008  mc_w.l(entry7b.o)
    0x08000190   0x08000190   0x00000000   Code   RO         1859    .ARM.Collect$$$$0000000A  mc_w.l(entry8b.o)
    0x08000190   0x08000190   0x00000008   Code   RO         1860    .ARM.Collect$$$$0000000B  mc_w.l(entry9a.o)
    0x08000198   0x08000198   0x00000000   Code   RO         1862    .ARM.Collect$$$$0000000D  mc_w.l(entry10a.o)
    0x08000198   0x08000198   0x00000000   Code   RO         1864    .ARM.Collect$$$$0000000F  mc_w.l(entry11a.o)
    0x08000198   0x08000198   0x00000004   Code   RO         1853    .ARM.Collect$$$$00002712  mc_w.l(entry2.o)
    0x0800019c   0x0800019c   0x00000012   Code   RO            3    .text               stm32f4xx_it.o
    0x080001ae   0x080001ae   0x00000002   PAD
    0x080001b0   0x080001b0   0x0000017c   Code   RO          133    .text               system_stm32f4xx.o
    0x0800032c   0x0800032c   0x00000178   Code   RO          159    .text               main.o
    0x080004a4   0x080004a4   0x00000040   Code   RO          448    .text               led.o
    0x080004e4   0x080004e4   0x000045d4   Code   RO          474    .text               lcd.o
    0x08004ab8   0x08004ab8   0x000000b8   Code   RO          520    .text               delay.o
    0x08004b70   0x08004b70   0x0000012c   Code   RO          560    .text               usart.o
    0x08004c9c   0x08004c9c   0x00000024   Code   RO          592    .text               startup_stm32f40_41xxx.o
    0x08004cc0   0x08004cc0   0x000000b0   Code   RO          598    .text               misc.o
    0x08004d70   0x08004d70   0x0000020c   Code   RO          618    .text               stm32f4xx_gpio.o
    0x08004f7c   0x08004f7c   0x00000448   Code   RO          638    .text               stm32f4xx_fsmc.o
    0x080053c4   0x080053c4   0x00000480   Code   RO          661    .text               stm32f4xx_rcc.o
    0x08005844   0x08005844   0x00000358   Code   RO          703    .text               stm32f4xx_usart.o
    0x08005b9c   0x08005b9c   0x000047e8   Code   RO          721    .text               cxarray.o
    0x0800a384   0x0800a384   0x000001a4   Code   RO          833    .text               cxalloc.o
    0x0800a528   0x0800a528   0x00001d3c   Code   RO          871    .text               cxcopy.o
    0x0800c264   0x0800c264   0x00000720   Code   RO          914    .text               cxerror.o
    0x0800c984   0x0800c984   0x00003eb4   Code   RO          942    .text               cxdatastructs.o
    0x08010838   0x08010838   0x0000a3dc   Code   RO         1027    .text               cxconvert.o
    0x0801ac14   0x0801ac14   0x00000b00   Code   RO         1101    .text               cxlut.o
    0x0801b714   0x0801b714   0x000037b6   Code   RO         1132    .text               cxmathfuncs.o
    0x0801eeca   0x0801eeca   0x00000002   PAD
    0x0801eecc   0x0801eecc   0x00008a6c   Code   RO         1209    .text               cxarithm.o
    0x08027938   0x08027938   0x00003c80   Code   RO         1313    .text               cvcolor.o
    0x0802b5b8   0x0802b5b8   0x000000f8   Code   RO         1401    .text               retarget_io.o
    0x0802b6b0   0x0802b6b0   0x00000040   Code   RO         1501    .text               mc_w.l(memmovea.o)
    0x0802b6f0   0x0802b6f0   0x00000024   Code   RO         1503    .text               mc_w.l(memseta.o)
    0x0802b714   0x0802b714   0x00000018   Code   RO         1505    .text               mc_w.l(strncpy.o)
    0x0802b72c   0x0802b72c   0x0000000e   Code   RO         1507    .text               mc_w.l(strlen.o)
    0x0802b73a   0x0802b73a   0x00000012   Code   RO         1509    .text               mc_w.l(strcpy.o)
    0x0802b74c   0x0802b74c   0x0000014e   Code   RO         1804    .text               mf_w.l(dadd.o)
    0x0802b89a   0x0802b89a   0x000000e4   Code   RO         1806    .text               mf_w.l(dmul.o)
    0x0802b97e   0x0802b97e   0x000000de   Code   RO         1808    .text               mf_w.l(ddiv.o)
    0x0802ba5c   0x0802ba5c   0x00000022   Code   RO         1812    .text               mf_w.l(dflti.o)
    0x0802ba7e   0x0802ba7e   0x0000001a   Code   RO         1814    .text               mf_w.l(dfltui.o)
    0x0802ba98   0x0802ba98   0x00000032   Code   RO         1816    .text               mf_w.l(dfixui.o)
    0x0802baca   0x0802baca   0x00000026   Code   RO         1818    .text               mf_w.l(f2d.o)
    0x0802baf0   0x0802baf0   0x00000030   Code   RO         1820    .text               mf_w.l(cdcmple.o)
    0x0802bb20   0x0802bb20   0x00000038   Code   RO         1822    .text               mf_w.l(d2f.o)
    0x0802bb58   0x0802bb58   0x00000062   Code   RO         1868    .text               mc_w.l(uldiv.o)
    0x0802bbba   0x0802bbba   0x0000001e   Code   RO         1870    .text               mc_w.l(llshl.o)
    0x0802bbd8   0x0802bbd8   0x00000020   Code   RO         1872    .text               mc_w.l(llushr.o)
    0x0802bbf8   0x0802bbf8   0x00000024   Code   RO         1874    .text               mc_w.l(llsshr.o)
    0x0802bc1c   0x0802bc1c   0x00000000   Code   RO         1885    .text               mc_w.l(iusefp.o)
    0x0802bc1c   0x0802bc1c   0x0000006e   Code   RO         1886    .text               mf_w.l(fepilogue.o)
    0x0802bc8a   0x0802bc8a   0x000000ba   Code   RO         1888    .text               mf_w.l(depilogue.o)
    0x0802bd44   0x0802bd44   0x000000a2   Code   RO         1890    .text               mf_w.l(dsqrt.o)
    0x0802bde6   0x0802bde6   0x00000002   PAD
    0x0802bde8   0x0802bde8   0x00000024   Code   RO         1900    .text               mc_w.l(init.o)
    0x0802be0c   0x0802be0c   0x0000003e   Code   RO         1902    .text               mf_w.l(dfixi.o)
    0x0802be4a   0x0802be4a   0x0000005e   Code   RO         1912    .text               mc_w.l(__dclz77c.o)
    0x0802bea8   0x0802bea8   0x00000014   Code   RO          748    i._Z10cvAlignPtrPKvi  cxarray.o
    0x0802bebc   0x0802bebc   0x00000012   Code   RO         1042    i._Z25icvLUT_Transform8u_8s_C1RPKhiPci6CvSizePKc  cxconvert.o
    0x0802bece   0x0802bece   0x00000012   Code   RO         1048    i._Z26icvLUT_Transform8u_16s_C1RPKhiPsi6CvSizePKs  cxconvert.o
    0x0802bee0   0x0802bee0   0x00000012   Code   RO         1054    i._Z26icvLUT_Transform8u_32f_C1RPKhiPfi6CvSizePKf  cxconvert.o
    0x0802bef2   0x0802bef2   0x00000002   PAD
    0x0802bef4   0x0802bef4   0x0000005c   Code   RO         1224    i._Z5cvMatiiiPv     cxarithm.o
    0x0802bf50   0x0802bf50   0x0000001e   Code   RO          754    i._Z7cvAlignii      cxarray.o
    0x0802bf6e   0x0802bf6e   0x0000002e   Code   RO         1329    i._Z7cvFloord       cvcolor.o
    0x0802bf9c   0x0802bf9c   0x00000020   Code   RO          742    i._Z7cvRoundd       cxarray.o
    0x0802bfbc   0x0802bfbc   0x00000052   Code   RO          963    i._Z7icvMed3PcS_S_PFYiPKvS1_PvES2_  cxdatastructs.o
    0x0802c00e   0x0802c00e   0x00000006   Code   RO         1148    i._ZSt4fabsf        cxmathfuncs.o
    0x0802c014   0x0802c014   0x00000004   Code   RO         1154    i._ZSt4sqrtf        cxmathfuncs.o
    0x0802c018   0x0802c018   0x0000001c   Code   RO         1647    i.__0fprintf$5      mc_w.l(printf5.o)
    0x0802c034   0x0802c034   0x00000020   Code   RO         1648    i.__0printf$5       mc_w.l(printf5.o)
    0x0802c054   0x0802c054   0x00000028   Code   RO         1650    i.__0sprintf$5      mc_w.l(printf5.o)
    0x0802c07c   0x0802c07c   0x00000030   Code   RO         1896    i.__ARM_fpclassify  m_wm.l(fpclassify.o)
    0x0802c0ac   0x0802c0ac   0x00000004   PAD
    0x0802c0b0   0x0802c0b0   0x000000c8   Code   RO         1435    i.__hardfp_cos      m_wm.l(cos.o)
    0x0802c178   0x0802c178   0x00000014   Code   RO         1447    i.__hardfp_fabs     m_wm.l(fabs.o)
    0x0802c18c   0x0802c18c   0x00000004   PAD
    0x0802c190   0x0802c190   0x000000c8   Code   RO         1453    i.__hardfp_sin      m_wm.l(sin.o)
    0x0802c258   0x0802c258   0x0000007a   Code   RO         1465    i.__hardfp_sqrt     m_wm.l(sqrt.o)
    0x0802c2d2   0x0802c2d2   0x0000003a   Code   RO         1477    i.__hardfp_sqrtf    m_wm.l(sqrtf.o)
    0x0802c30c   0x0802c30c   0x00000004   PAD
    0x0802c310   0x0802c310   0x00000438   Code   RO         1841    i.__ieee754_rem_pio2  m_wm.l(rred.o)
    0x0802c748   0x0802c748   0x00000170   Code   RO         1824    i.__kernel_cos      m_wm.l(cos_i.o)
    0x0802c8b8   0x0802c8b8   0x000000f8   Code   RO         1898    i.__kernel_poly     m_wm.l(poly.o)
    0x0802c9b0   0x0802c9b0   0x00000130   Code   RO         1846    i.__kernel_sin      m_wm.l(sin_i.o)
    0x0802cae0   0x0802cae0   0x00000014   Code   RO         1828    i.__mathlib_dbl_infnan  m_wm.l(dunder.o)
    0x0802caf4   0x0802caf4   0x00000004   PAD
    0x0802caf8   0x0802caf8   0x00000020   Code   RO         1830    i.__mathlib_dbl_invalid  m_wm.l(dunder.o)
    0x0802cb18   0x0802cb18   0x00000020   Code   RO         1833    i.__mathlib_dbl_underflow  m_wm.l(dunder.o)
    0x0802cb38   0x0802cb38   0x0000000e   Code   RO         1906    i.__scatterload_copy  mc_w.l(handlers.o)
    0x0802cb46   0x0802cb46   0x00000002   Code   RO         1907    i.__scatterload_null  mc_w.l(handlers.o)
    0x0802cb48   0x0802cb48   0x0000000e   Code   RO         1908    i.__scatterload_zeroinit  mc_w.l(handlers.o)
    0x0802cb56   0x0802cb56   0x00000002   PAD
    0x0802cb58   0x0802cb58   0x0000000c   Code   RO         1880    i.__set_errno       mc_w.l(errno.o)
    0x0802cb64   0x0802cb64   0x000002c0   Code   RO         1655    i._printf_core      mc_w.l(printf5.o)
    0x0802ce24   0x0802ce24   0x0000000a   Code   RO         1657    i._sputc            mc_w.l(printf5.o)
    0x0802ce2e   0x0802ce2e   0x00000056   Code   RO          735    i.cvDecRefData      cxarray.o
    0x0802ce84   0x0802ce84   0x00000012   Code   RO          976    i.cvGetSetElem      cxdatastructs.o
    0x0802ce96   0x0802ce96   0x00000028   Code   RO          956    i.cvSetNew          cxdatastructs.o
    0x0802cebe   0x0802cebe   0x00000026   Code   RO          970    i.cvSetRemoveByPtr  cxdatastructs.o
    0x0802cee4   0x0802cee4   0x00000018   Code   RO         1449    i.fabs              m_wm.l(fabs.o)
    0x0802cefc   0x0802cefc   0x00000018   Code   RO         1492    i.fputs             mc_w.l(fputs.o)
    0x0802cf14   0x0802cf14   0x00000050   Code   RO         1776    i.free              mc_w.l(malloc.o)
    0x0802cf64   0x0802cf64   0x0000006c   Code   RO         1777    i.malloc            mc_w.l(malloc.o)
    0x0802cfd0   0x0802cfd0   0x00007530   Data   RO          161    .constdata          main.o
    0x08034500   0x08034500   0x000017c0   Data   RO          476    .constdata          lcd.o
    0x08035cc0   0x08035cc0   0x0000001c   Data   RO          639    .constdata          stm32f4xx_fsmc.o
    0x08035cdc   0x08035cdc   0x00000020   Data   RO          944    .constdata          cxdatastructs.o
    0x08035cfc   0x08035cfc   0x00000012   Data   RO         1011    .constdata          cxtables.o
    0x08035d0e   0x08035d0e   0x00000002   PAD
    0x08035d10   0x08035d10   0x00000600   Data   RO         1012    .constdata          cxtables.o
    0x08036310   0x08036310   0x00000301   Data   RO         1014    .constdata          cxtables.o
    0x08036611   0x08036611   0x00000007   PAD
    0x08036618   0x08036618   0x00001460   Data   RO         1135    .constdata          cxmathfuncs.o
    0x08037a78   0x08037a78   0x00000c00   Data   RO         1265    .constdata          cvtables.o
    0x08038678   0x08038678   0x00000301   Data   RO         1267    .constdata          cvtables.o
    0x08038979   0x08038979   0x00000003   PAD
    0x0803897c   0x0803897c   0x000007f8   Data   RO         1315    .constdata          cvcolor.o
    0x08039174   0x08039174   0x00000004   PAD
    0x08039178   0x08039178   0x00000030   Data   RO         1825    .constdata          m_wm.l(cos_i.o)
    0x080391a8   0x080391a8   0x000000c8   Data   RO         1843    .constdata          m_wm.l(rred.o)
    0x08039270   0x08039270   0x00000028   Data   RO         1847    .constdata          m_wm.l(sin_i.o)
    0x08039298   0x08039298   0x000002c9   Data   RO          724    .conststring        cxarray.o
    0x08039561   0x08039561   0x00000003   PAD
    0x08039564   0x08039564   0x0000011e   Data   RO          945    .conststring        cxdatastructs.o
    0x08039682   0x08039682   0x00000002   PAD
    0x08039684   0x08039684   0x0000014d   Data   RO         1030    .conststring        cxconvert.o
    0x080397d1   0x080397d1   0x00000003   PAD
    0x080397d4   0x080397d4   0x00000054   Data   RO         1104    .conststring        cxlut.o
    0x08039828   0x08039828   0x00000057   Data   RO         1136    .conststring        cxmathfuncs.o
    0x0803987f   0x0803987f   0x00000001   PAD
    0x08039880   0x08039880   0x00000041   Data   RO         1212    .conststring        cxarithm.o
    0x080398c1   0x080398c1   0x00000003   PAD
    0x080398c4   0x080398c4   0x000001b5   Data   RO         1316    .conststring        cvcolor.o
    0x08039a79   0x08039a79   0x00000003   PAD
    0x08039a7c   0x08039a7c   0x00000020   Data   RO         1904    Region$$Table       anon$$obj.o


    Execution Region RW_IRAM1 (Exec base: 0x20000000, Load base: 0x08039a9c, Size: 0x0001fed0, Max: 0x00020000, ABSOLUTE, COMPRESSED[0x000009c4])

    Exec Addr    Load Addr    Size         Type   Attr      Idx    E Section Name        Object

    0x20000000   COMPRESSED   0x00000014   Data   RW          134    .data               system_stm32f4xx.o
    0x20000014   COMPRESSED   0x00000004   Data   RW          477    .data               lcd.o
    0x20000018   COMPRESSED   0x00000004   Data   RW          521    .data               delay.o
    0x2000001c   COMPRESSED   0x00000002   Data   RW          562    .data               usart.o
    0x2000001e   COMPRESSED   0x00000010   Data   RW          662    .data               stm32f4xx_rcc.o
    0x2000002e   COMPRESSED   0x00000002   PAD
    0x20000030   COMPRESSED   0x00000385   Data   RW          725    .data               cxarray.o
    0x200003b5   COMPRESSED   0x00000003   PAD
    0x200003b8   COMPRESSED   0x0000002f   Data   RW          835    .data               cxalloc.o
    0x200003e7   COMPRESSED   0x00000001   PAD
    0x200003e8   COMPRESSED   0x0000008b   Data   RW          874    .data               cxcopy.o
    0x20000473   COMPRESSED   0x00000001   PAD
    0x20000474   COMPRESSED   0x00000004   Data   RW          917    .data               cxerror.o
    0x20000478   COMPRESSED   0x00000491   Data   RW          946    .data               cxdatastructs.o
    0x20000909   COMPRESSED   0x00000003   PAD
    0x2000090c   COMPRESSED   0x000000d7   Data   RW         1031    .data               cxconvert.o
    0x200009e3   COMPRESSED   0x00000001   PAD
    0x200009e4   COMPRESSED   0x0000000a   Data   RW         1105    .data               cxlut.o
    0x200009ee   COMPRESSED   0x00000002   PAD
    0x200009f0   COMPRESSED   0x00000069   Data   RW         1137    .data               cxmathfuncs.o
    0x20000a59   COMPRESSED   0x00000003   PAD
    0x20000a5c   COMPRESSED   0x00000081   Data   RW         1213    .data               cxarithm.o
    0x20000add   COMPRESSED   0x00000003   PAD
    0x20000ae0   COMPRESSED   0x00000447   Data   RW         1317    .data               cvcolor.o
    0x20000f27   COMPRESSED   0x00000001   PAD
    0x20000f28   COMPRESSED   0x00000008   Data   RW         1402    .data               retarget_io.o
    0x20000f30   COMPRESSED   0x00000004   Data   RW         1496    .data               mc_w.l(stdin.o)
    0x20000f34   COMPRESSED   0x00000004   Data   RW         1497    .data               mc_w.l(stdout.o)
    0x20000f38   COMPRESSED   0x00000004   Data   RW         1498    .data               mc_w.l(stderr.o)
    0x20000f3c   COMPRESSED   0x00000004   Data   RW         1876    .data               mc_w.l(mvars.o)
    0x20000f40   COMPRESSED   0x00000004   Data   RW         1877    .data               mc_w.l(mvars.o)
    0x20000f44   COMPRESSED   0x00000004   Data   RW         1881    .data               mc_w.l(errno.o)
    0x20000f48        -       0x0000000e   Zero   RW          475    .bss                lcd.o
    0x20000f56        -       0x000000c8   Zero   RW          561    .bss                usart.o
    0x2000101e   COMPRESSED   0x00000002   PAD
    0x20001020        -       0x00000014   Zero   RW          723    .bss                cxarray.o
    0x20001034        -       0x0000018c   Zero   RW          873    .bss                cxcopy.o
    0x200011c0        -       0x00000100   Zero   RW          916    .bss                cxerror.o
    0x200012c0        -       0x000010a0   Zero   RW         1029    .bss                cxconvert.o
    0x20002360        -       0x00000050   Zero   RW         1103    .bss                cxlut.o
    0x200023b0        -       0x00000020   Zero   RW         1134    .bss                cxmathfuncs.o
    0x200023d0        -       0x00000100   Zero   RW         1211    .bss                cxarithm.o
    0x200024d0        -       0x0000ed00   Zero   RW          590    HEAP                startup_stm32f40_41xxx.o
    0x200111d0        -       0x0000ed00   Zero   RW          589    STACK               startup_stm32f40_41xxx.o



  Load Region LR$$.ARM.__AT_0x10000000 (Base: 0x10000000, Size: 0x00000000, Max: 0x0000f000, ABSOLUTE)

    Execution Region ER$$.ARM.__AT_0x10000000 (Exec base: 0x10000000, Load base: 0x10000000, Size: 0x0000f000, Max: 0x0000f000, ABSOLUTE, UNINIT)

    Exec Addr    Load Addr    Size         Type   Attr      Idx    E Section Name        Object

    0x10000000        -       0x0000f000   Zero   RW          389    .ARM.__AT_0x10000000  malloc.o



  Load Region LR$$.ARM.__AT_0x1000F000 (Base: 0x1000f000, Size: 0x00000000, Max: 0x00000f00, ABSOLUTE)

    Execution Region ER$$.ARM.__AT_0x1000F000 (Exec base: 0x1000f000, Load base: 0x1000f000, Size: 0x00000f00, Max: 0x00000f00, ABSOLUTE, UNINIT)

    Exec Addr    Load Addr    Size         Type   Attr      Idx    E Section Name        Object

    0x1000f000        -       0x00000f00   Zero   RW          390    .ARM.__AT_0x1000F000  malloc.o



  Load Region LR$$.ARM.__AT_0x68000000 (Base: 0x68000000, Size: 0x00000000, Max: 0x000f0000, ABSOLUTE)

    Execution Region ER$$.ARM.__AT_0x68000000 (Exec base: 0x68000000, Load base: 0x68000000, Size: 0x000f0000, Max: 0x000f0000, ABSOLUTE, UNINIT)

    Exec Addr    Load Addr    Size         Type   Attr      Idx    E Section Name        Object

    0x68000000        -       0x000f0000   Zero   RW          391    .ARM.__AT_0x68000000  malloc.o



  Load Region LR$$.ARM.__AT_0x680F0000 (Base: 0x680f0000, Size: 0x00000000, Max: 0x0000f000, ABSOLUTE)

    Execution Region ER$$.ARM.__AT_0x680F0000 (Exec base: 0x680f0000, Load base: 0x680f0000, Size: 0x0000f000, Max: 0x0000f000, ABSOLUTE, UNINIT)

    Exec Addr    Load Addr    Size         Type   Attr      Idx    E Section Name        Object

    0x680f0000        -       0x0000f000   Zero   RW          392    .ARM.__AT_0x680F0000  malloc.o


==============================================================================

Image component sizes


      Code (inc. data)   RO Data    RW Data    ZI Data      Debug   Object Name

     15534        912       2477       1095          0     162871   cvcolor.o
         0          0       3841          0          0       1433   cvtables.o
       420        188          0         47          0      34383   cxalloc.o
     35528        738         65        129        256     198247   cxarithm.o
     18576       2836        713        901         20      90949   cxarray.o
     42002       1014        333        215       4256     223906   cxconvert.o
      7484        264          0        139        396     119158   cxcopy.o
     16230       1138        318       1169          0      67275   cxdatastructs.o
      1824        958          0          4        256       6611   cxerror.o
      2816        116         84         10         80      34276   cxlut.o
     14272        756       5303        105         32     137092   cxmathfuncs.o
         0          0       2323          0          0        854   cxtables.o
       184          4          0          4          0       1601   delay.o
     17876        110       6080          4         14      24288   lcd.o
        64          6          0          0          0        583   led.o
       376          8      30000          0          0     262233   main.o
         0          0          0          0    1109760     231329   malloc.o
       176         12          0          0          0       2069   misc.o
       248         56          0          8          0       3795   retarget_io.o
        36          8        392          0     121344        856   startup_stm32f40_41xxx.o
      1096         10         28          0          0       6262   stm32f4xx_fsmc.o
       524         44          0          0          0       4593   stm32f4xx_gpio.o
        18          0          0          0          0      42022   stm32f4xx_it.o
      1152         48          0         16          0      13504   stm32f4xx_rcc.o
       856         32          0          0          0       8412   stm32f4xx_usart.o
       380         36          0         20          0       2011   system_stm32f4xx.o
       300         18          0          2        200       3599   usart.o

    ----------------------------------------------------------------------
    177978       9312      52020       3888    1236616    1684212   Object Totals
         0          0         32          0          0          0   (incl. Generated)
         6          0         31         20          2          0   (incl. Padding)

    ----------------------------------------------------------------------

      Code (inc. data)   RO Data    RW Data    ZI Data      Debug   Library Member Name

       200         20          0          0          0        164   cos.o
       368         46         48          0          0        200   cos_i.o
        84         16          0          0          0        372   dunder.o
        44          0          0          0          0        248   fabs.o
        48          0          0          0          0        124   fpclassify.o
       248          0          0          0          0        152   poly.o
      1080        142        200          0          0        188   rred.o
       200         20          0          0          0        164   sin.o
       304         24         40          0          0        208   sin_i.o
       122          0          0          0          0        148   sqrt.o
        58          0          0          0          0        136   sqrtf.o
        94          0          0          0          0          0   __dclz77c.o
         0          0          0          0          0          0   entry.o
         0          0          0          0          0          0   entry10a.o
         0          0          0          0          0          0   entry11a.o
         8          4          0          0          0          0   entry2.o
         4          0          0          0          0          0   entry5.o
         0          0          0          0          0          0   entry7b.o
         0          0          0          0          0          0   entry8b.o
         8          4          0          0          0          0   entry9a.o
        12          6          0          4          0         68   errno.o
        24          0          0          0          0         80   fputs.o
        30          0          0          0          0          0   handlers.o
        36          8          0          0          0         68   init.o
         0          0          0          0          0          0   iusefp.o
        30          0          0          0          0         68   llshl.o
        36          0          0          0          0         68   llsshr.o
        32          0          0          0          0         68   llushr.o
       188         20          0          0          0        160   malloc.o
        64          0          0          0          0         76   memmovea.o
        36          0          0          0          0        108   memseta.o
         0          0          0          8          0          0   mvars.o
       814         68          0          0          0        420   printf5.o
         0          0          0          4          0          0   stderr.o
         0          0          0          4          0          0   stdin.o
         0          0          0          4          0          0   stdout.o
        18          0          0          0          0         68   strcpy.o
        14          0          0          0          0         68   strlen.o
        24          0          0          0          0         76   strncpy.o
        98          0          0          0          0         92   uldiv.o
        48          0          0          0          0         68   cdcmple.o
        56          0          0          0          0         88   d2f.o
       334          0          0          0          0        148   dadd.o
       222          0          0          0          0        100   ddiv.o
       186          0          0          0          0        176   depilogue.o
        62          0          0          0          0         80   dfixi.o
        50          0          0          0          0         76   dfixui.o
        34          0          0          0          0         76   dflti.o
        26          0          0          0          0         76   dfltui.o
       228          0          0          0          0         96   dmul.o
       162          0          0          0          0        100   dsqrt.o
        38          0          0          0          0         68   f2d.o
       110          0          0          0          0        168   fepilogue.o

    ----------------------------------------------------------------------
      5902        378        288         24          0       4912   Library Totals
        20          0          0          0          0          0   (incl. Padding)

    ----------------------------------------------------------------------

      Code (inc. data)   RO Data    RW Data    ZI Data      Debug   Library Name

      2756        268        288          0          0       2104   m_wm.l
      1570        110          0         24          0       1488   mc_w.l
      1556          0          0          0          0       1320   mf_w.l

    ----------------------------------------------------------------------
      5902        378        288         24          0       4912   Library Totals

    ----------------------------------------------------------------------

==============================================================================


      Code (inc. data)   RO Data    RW Data    ZI Data      Debug   

    183880       9690      52308       3912    1236616    1680500   Grand Totals
    183880       9690      52308       2500    1236616    1680500   ELF Image Totals (compressed)
    183880       9690      52308       2500          0          0   ROM Totals

==============================================================================

    Total RO  Size (Code + RO Data)               236188 ( 230.65kB)
    Total RW  Size (RW Data + ZI Data)           1240528 (1211.45kB)
    Total ROM Size (Code + RO Data + RW Data)     238688 ( 233.09kB)

==============================================================================

