<!doctype html public "-//w3c//dtd html 4.0 transitional//en">
<html><head>
<title>Static Call Graph - [..\OBJ\LCD.axf]</title></head>
<body><HR>
<H1>Static Call Graph for image ..\OBJ\LCD.axf</H1><HR>
<BR><P>#&#060CALLGRAPH&#062# ARM Linker, 5060750: Last Updated: Tue Feb 22 11:20:53 2022
<BR><P>
<H3>Maximum Stack Usage =       8312 bytes + Unknown(Cycles, Untraceable Function Pointers)</H3><H3>
Call chain for Maximum Stack Depth:</H3>
icvLUT_Transform8u_64f_CnR(const unsigned char*, int, double*, int, CvSize, const double*, int)
<P>
<H3>
Mutually Recursive functions
</H3> <LI><a href="#[53]">HardFault_Handler</a>&nbsp;&nbsp;&nbsp;&rArr;&nbsp;&nbsp;&nbsp;<a href="#[53]">HardFault_Handler</a><BR>
 <LI><a href="#[54]">MemManage_Handler</a>&nbsp;&nbsp;&nbsp;&rArr;&nbsp;&nbsp;&nbsp;<a href="#[54]">MemManage_Handler</a><BR>
 <LI><a href="#[55]">BusFault_Handler</a>&nbsp;&nbsp;&nbsp;&rArr;&nbsp;&nbsp;&nbsp;<a href="#[55]">BusFault_Handler</a><BR>
 <LI><a href="#[56]">UsageFault_Handler</a>&nbsp;&nbsp;&nbsp;&rArr;&nbsp;&nbsp;&nbsp;<a href="#[56]">UsageFault_Handler</a><BR>
 <LI><a href="#[1c0]">abort</a>&nbsp;&nbsp;&nbsp;&rArr;&nbsp;&nbsp;&nbsp;<a href="#[1c0]">abort</a><BR>
 <LI><a href="#[6d]">ADC_IRQHandler</a>&nbsp;&nbsp;&nbsp;&rArr;&nbsp;&nbsp;&nbsp;<a href="#[6d]">ADC_IRQHandler</a><BR>
</UL>
<P>
<H3>
Function Pointers
</H3><UL>
 <LI><a href="#[6d]">ADC_IRQHandler</a> from startup_stm32f40_41xxx.o(.text) referenced from startup_stm32f40_41xxx.o(RESET)
 <LI><a href="#[55]">BusFault_Handler</a> from stm32f4xx_it.o(.text) referenced from startup_stm32f40_41xxx.o(RESET)
 <LI><a href="#[6f]">CAN1_RX0_IRQHandler</a> from startup_stm32f40_41xxx.o(.text) referenced from startup_stm32f40_41xxx.o(RESET)
 <LI><a href="#[70]">CAN1_RX1_IRQHandler</a> from startup_stm32f40_41xxx.o(.text) referenced from startup_stm32f40_41xxx.o(RESET)
 <LI><a href="#[71]">CAN1_SCE_IRQHandler</a> from startup_stm32f40_41xxx.o(.text) referenced from startup_stm32f40_41xxx.o(RESET)
 <LI><a href="#[6e]">CAN1_TX_IRQHandler</a> from startup_stm32f40_41xxx.o(.text) referenced from startup_stm32f40_41xxx.o(RESET)
 <LI><a href="#[9b]">CAN2_RX0_IRQHandler</a> from startup_stm32f40_41xxx.o(.text) referenced from startup_stm32f40_41xxx.o(RESET)
 <LI><a href="#[9c]">CAN2_RX1_IRQHandler</a> from startup_stm32f40_41xxx.o(.text) referenced from startup_stm32f40_41xxx.o(RESET)
 <LI><a href="#[9d]">CAN2_SCE_IRQHandler</a> from startup_stm32f40_41xxx.o(.text) referenced from startup_stm32f40_41xxx.o(RESET)
 <LI><a href="#[9a]">CAN2_TX_IRQHandler</a> from startup_stm32f40_41xxx.o(.text) referenced from startup_stm32f40_41xxx.o(RESET)
 <LI><a href="#[aa]">CRYP_IRQHandler</a> from startup_stm32f40_41xxx.o(.text) referenced from startup_stm32f40_41xxx.o(RESET)
 <LI><a href="#[a9]">DCMI_IRQHandler</a> from startup_stm32f40_41xxx.o(.text) referenced from startup_stm32f40_41xxx.o(RESET)
 <LI><a href="#[66]">DMA1_Stream0_IRQHandler</a> from startup_stm32f40_41xxx.o(.text) referenced from startup_stm32f40_41xxx.o(RESET)
 <LI><a href="#[67]">DMA1_Stream1_IRQHandler</a> from startup_stm32f40_41xxx.o(.text) referenced from startup_stm32f40_41xxx.o(RESET)
 <LI><a href="#[68]">DMA1_Stream2_IRQHandler</a> from startup_stm32f40_41xxx.o(.text) referenced from startup_stm32f40_41xxx.o(RESET)
 <LI><a href="#[69]">DMA1_Stream3_IRQHandler</a> from startup_stm32f40_41xxx.o(.text) referenced from startup_stm32f40_41xxx.o(RESET)
 <LI><a href="#[6a]">DMA1_Stream4_IRQHandler</a> from startup_stm32f40_41xxx.o(.text) referenced from startup_stm32f40_41xxx.o(RESET)
 <LI><a href="#[6b]">DMA1_Stream5_IRQHandler</a> from startup_stm32f40_41xxx.o(.text) referenced from startup_stm32f40_41xxx.o(RESET)
 <LI><a href="#[6c]">DMA1_Stream6_IRQHandler</a> from startup_stm32f40_41xxx.o(.text) referenced from startup_stm32f40_41xxx.o(RESET)
 <LI><a href="#[8a]">DMA1_Stream7_IRQHandler</a> from startup_stm32f40_41xxx.o(.text) referenced from startup_stm32f40_41xxx.o(RESET)
 <LI><a href="#[93]">DMA2_Stream0_IRQHandler</a> from startup_stm32f40_41xxx.o(.text) referenced from startup_stm32f40_41xxx.o(RESET)
 <LI><a href="#[94]">DMA2_Stream1_IRQHandler</a> from startup_stm32f40_41xxx.o(.text) referenced from startup_stm32f40_41xxx.o(RESET)
 <LI><a href="#[95]">DMA2_Stream2_IRQHandler</a> from startup_stm32f40_41xxx.o(.text) referenced from startup_stm32f40_41xxx.o(RESET)
 <LI><a href="#[96]">DMA2_Stream3_IRQHandler</a> from startup_stm32f40_41xxx.o(.text) referenced from startup_stm32f40_41xxx.o(RESET)
 <LI><a href="#[97]">DMA2_Stream4_IRQHandler</a> from startup_stm32f40_41xxx.o(.text) referenced from startup_stm32f40_41xxx.o(RESET)
 <LI><a href="#[9f]">DMA2_Stream5_IRQHandler</a> from startup_stm32f40_41xxx.o(.text) referenced from startup_stm32f40_41xxx.o(RESET)
 <LI><a href="#[a0]">DMA2_Stream6_IRQHandler</a> from startup_stm32f40_41xxx.o(.text) referenced from startup_stm32f40_41xxx.o(RESET)
 <LI><a href="#[a1]">DMA2_Stream7_IRQHandler</a> from startup_stm32f40_41xxx.o(.text) referenced from startup_stm32f40_41xxx.o(RESET)
 <LI><a href="#[58]">DebugMon_Handler</a> from stm32f4xx_it.o(.text) referenced from startup_stm32f40_41xxx.o(RESET)
 <LI><a href="#[98]">ETH_IRQHandler</a> from startup_stm32f40_41xxx.o(.text) referenced from startup_stm32f40_41xxx.o(RESET)
 <LI><a href="#[99]">ETH_WKUP_IRQHandler</a> from startup_stm32f40_41xxx.o(.text) referenced from startup_stm32f40_41xxx.o(RESET)
 <LI><a href="#[61]">EXTI0_IRQHandler</a> from startup_stm32f40_41xxx.o(.text) referenced from startup_stm32f40_41xxx.o(RESET)
 <LI><a href="#[83]">EXTI15_10_IRQHandler</a> from startup_stm32f40_41xxx.o(.text) referenced from startup_stm32f40_41xxx.o(RESET)
 <LI><a href="#[62]">EXTI1_IRQHandler</a> from startup_stm32f40_41xxx.o(.text) referenced from startup_stm32f40_41xxx.o(RESET)
 <LI><a href="#[63]">EXTI2_IRQHandler</a> from startup_stm32f40_41xxx.o(.text) referenced from startup_stm32f40_41xxx.o(RESET)
 <LI><a href="#[64]">EXTI3_IRQHandler</a> from startup_stm32f40_41xxx.o(.text) referenced from startup_stm32f40_41xxx.o(RESET)
 <LI><a href="#[65]">EXTI4_IRQHandler</a> from startup_stm32f40_41xxx.o(.text) referenced from startup_stm32f40_41xxx.o(RESET)
 <LI><a href="#[72]">EXTI9_5_IRQHandler</a> from startup_stm32f40_41xxx.o(.text) referenced from startup_stm32f40_41xxx.o(RESET)
 <LI><a href="#[5f]">FLASH_IRQHandler</a> from startup_stm32f40_41xxx.o(.text) referenced from startup_stm32f40_41xxx.o(RESET)
 <LI><a href="#[ac]">FPU_IRQHandler</a> from startup_stm32f40_41xxx.o(.text) referenced from startup_stm32f40_41xxx.o(RESET)
 <LI><a href="#[8b]">FSMC_IRQHandler</a> from startup_stm32f40_41xxx.o(.text) referenced from startup_stm32f40_41xxx.o(RESET)
 <LI><a href="#[ab]">HASH_RNG_IRQHandler</a> from startup_stm32f40_41xxx.o(.text) referenced from startup_stm32f40_41xxx.o(RESET)
 <LI><a href="#[53]">HardFault_Handler</a> from stm32f4xx_it.o(.text) referenced from startup_stm32f40_41xxx.o(RESET)
 <LI><a href="#[7b]">I2C1_ER_IRQHandler</a> from startup_stm32f40_41xxx.o(.text) referenced from startup_stm32f40_41xxx.o(RESET)
 <LI><a href="#[7a]">I2C1_EV_IRQHandler</a> from startup_stm32f40_41xxx.o(.text) referenced from startup_stm32f40_41xxx.o(RESET)
 <LI><a href="#[7d]">I2C2_ER_IRQHandler</a> from startup_stm32f40_41xxx.o(.text) referenced from startup_stm32f40_41xxx.o(RESET)
 <LI><a href="#[7c]">I2C2_EV_IRQHandler</a> from startup_stm32f40_41xxx.o(.text) referenced from startup_stm32f40_41xxx.o(RESET)
 <LI><a href="#[a4]">I2C3_ER_IRQHandler</a> from startup_stm32f40_41xxx.o(.text) referenced from startup_stm32f40_41xxx.o(RESET)
 <LI><a href="#[a3]">I2C3_EV_IRQHandler</a> from startup_stm32f40_41xxx.o(.text) referenced from startup_stm32f40_41xxx.o(RESET)
 <LI><a href="#[54]">MemManage_Handler</a> from stm32f4xx_it.o(.text) referenced from startup_stm32f40_41xxx.o(RESET)
 <LI><a href="#[52]">NMI_Handler</a> from stm32f4xx_it.o(.text) referenced from startup_stm32f40_41xxx.o(RESET)
 <LI><a href="#[9e]">OTG_FS_IRQHandler</a> from startup_stm32f40_41xxx.o(.text) referenced from startup_stm32f40_41xxx.o(RESET)
 <LI><a href="#[85]">OTG_FS_WKUP_IRQHandler</a> from startup_stm32f40_41xxx.o(.text) referenced from startup_stm32f40_41xxx.o(RESET)
 <LI><a href="#[a6]">OTG_HS_EP1_IN_IRQHandler</a> from startup_stm32f40_41xxx.o(.text) referenced from startup_stm32f40_41xxx.o(RESET)
 <LI><a href="#[a5]">OTG_HS_EP1_OUT_IRQHandler</a> from startup_stm32f40_41xxx.o(.text) referenced from startup_stm32f40_41xxx.o(RESET)
 <LI><a href="#[a8]">OTG_HS_IRQHandler</a> from startup_stm32f40_41xxx.o(.text) referenced from startup_stm32f40_41xxx.o(RESET)
 <LI><a href="#[a7]">OTG_HS_WKUP_IRQHandler</a> from startup_stm32f40_41xxx.o(.text) referenced from startup_stm32f40_41xxx.o(RESET)
 <LI><a href="#[5c]">PVD_IRQHandler</a> from startup_stm32f40_41xxx.o(.text) referenced from startup_stm32f40_41xxx.o(RESET)
 <LI><a href="#[59]">PendSV_Handler</a> from stm32f4xx_it.o(.text) referenced from startup_stm32f40_41xxx.o(RESET)
 <LI><a href="#[60]">RCC_IRQHandler</a> from startup_stm32f40_41xxx.o(.text) referenced from startup_stm32f40_41xxx.o(RESET)
 <LI><a href="#[84]">RTC_Alarm_IRQHandler</a> from startup_stm32f40_41xxx.o(.text) referenced from startup_stm32f40_41xxx.o(RESET)
 <LI><a href="#[5e]">RTC_WKUP_IRQHandler</a> from startup_stm32f40_41xxx.o(.text) referenced from startup_stm32f40_41xxx.o(RESET)
 <LI><a href="#[51]">Reset_Handler</a> from startup_stm32f40_41xxx.o(.text) referenced from startup_stm32f40_41xxx.o(RESET)
 <LI><a href="#[8c]">SDIO_IRQHandler</a> from startup_stm32f40_41xxx.o(.text) referenced from startup_stm32f40_41xxx.o(RESET)
 <LI><a href="#[7e]">SPI1_IRQHandler</a> from startup_stm32f40_41xxx.o(.text) referenced from startup_stm32f40_41xxx.o(RESET)
 <LI><a href="#[7f]">SPI2_IRQHandler</a> from startup_stm32f40_41xxx.o(.text) referenced from startup_stm32f40_41xxx.o(RESET)
 <LI><a href="#[8e]">SPI3_IRQHandler</a> from startup_stm32f40_41xxx.o(.text) referenced from startup_stm32f40_41xxx.o(RESET)
 <LI><a href="#[57]">SVC_Handler</a> from stm32f4xx_it.o(.text) referenced from startup_stm32f40_41xxx.o(RESET)
 <LI><a href="#[5a]">SysTick_Handler</a> from stm32f4xx_it.o(.text) referenced from startup_stm32f40_41xxx.o(RESET)
 <LI><a href="#[ae]">SystemInit</a> from system_stm32f4xx.o(.text) referenced from startup_stm32f40_41xxx.o(.text)
 <LI><a href="#[5d]">TAMP_STAMP_IRQHandler</a> from startup_stm32f40_41xxx.o(.text) referenced from startup_stm32f40_41xxx.o(RESET)
 <LI><a href="#[73]">TIM1_BRK_TIM9_IRQHandler</a> from startup_stm32f40_41xxx.o(.text) referenced from startup_stm32f40_41xxx.o(RESET)
 <LI><a href="#[76]">TIM1_CC_IRQHandler</a> from startup_stm32f40_41xxx.o(.text) referenced from startup_stm32f40_41xxx.o(RESET)
 <LI><a href="#[75]">TIM1_TRG_COM_TIM11_IRQHandler</a> from startup_stm32f40_41xxx.o(.text) referenced from startup_stm32f40_41xxx.o(RESET)
 <LI><a href="#[74]">TIM1_UP_TIM10_IRQHandler</a> from startup_stm32f40_41xxx.o(.text) referenced from startup_stm32f40_41xxx.o(RESET)
 <LI><a href="#[77]">TIM2_IRQHandler</a> from startup_stm32f40_41xxx.o(.text) referenced from startup_stm32f40_41xxx.o(RESET)
 <LI><a href="#[78]">TIM3_IRQHandler</a> from startup_stm32f40_41xxx.o(.text) referenced from startup_stm32f40_41xxx.o(RESET)
 <LI><a href="#[79]">TIM4_IRQHandler</a> from startup_stm32f40_41xxx.o(.text) referenced from startup_stm32f40_41xxx.o(RESET)
 <LI><a href="#[8d]">TIM5_IRQHandler</a> from startup_stm32f40_41xxx.o(.text) referenced from startup_stm32f40_41xxx.o(RESET)
 <LI><a href="#[91]">TIM6_DAC_IRQHandler</a> from startup_stm32f40_41xxx.o(.text) referenced from startup_stm32f40_41xxx.o(RESET)
 <LI><a href="#[92]">TIM7_IRQHandler</a> from startup_stm32f40_41xxx.o(.text) referenced from startup_stm32f40_41xxx.o(RESET)
 <LI><a href="#[86]">TIM8_BRK_TIM12_IRQHandler</a> from startup_stm32f40_41xxx.o(.text) referenced from startup_stm32f40_41xxx.o(RESET)
 <LI><a href="#[89]">TIM8_CC_IRQHandler</a> from startup_stm32f40_41xxx.o(.text) referenced from startup_stm32f40_41xxx.o(RESET)
 <LI><a href="#[88]">TIM8_TRG_COM_TIM14_IRQHandler</a> from startup_stm32f40_41xxx.o(.text) referenced from startup_stm32f40_41xxx.o(RESET)
 <LI><a href="#[87]">TIM8_UP_TIM13_IRQHandler</a> from startup_stm32f40_41xxx.o(.text) referenced from startup_stm32f40_41xxx.o(RESET)
 <LI><a href="#[8f]">UART4_IRQHandler</a> from startup_stm32f40_41xxx.o(.text) referenced from startup_stm32f40_41xxx.o(RESET)
 <LI><a href="#[90]">UART5_IRQHandler</a> from startup_stm32f40_41xxx.o(.text) referenced from startup_stm32f40_41xxx.o(RESET)
 <LI><a href="#[80]">USART1_IRQHandler</a> from usart.o(.text) referenced from startup_stm32f40_41xxx.o(RESET)
 <LI><a href="#[81]">USART2_IRQHandler</a> from startup_stm32f40_41xxx.o(.text) referenced from startup_stm32f40_41xxx.o(RESET)
 <LI><a href="#[82]">USART3_IRQHandler</a> from startup_stm32f40_41xxx.o(.text) referenced from startup_stm32f40_41xxx.o(RESET)
 <LI><a href="#[a2]">USART6_IRQHandler</a> from startup_stm32f40_41xxx.o(.text) referenced from startup_stm32f40_41xxx.o(RESET)
 <LI><a href="#[56]">UsageFault_Handler</a> from stm32f4xx_it.o(.text) referenced from startup_stm32f40_41xxx.o(RESET)
 <LI><a href="#[5b]">WWDG_IRQHandler</a> from startup_stm32f40_41xxx.o(.text) referenced from startup_stm32f40_41xxx.o(RESET)
 <LI><a href="#[f0]">icvIPow_8u(const unsigned char*, unsigned char*, int, int)</a> from cxmathfuncs.o(.text) referenced from cxmathfuncs.o(.text)
 <LI><a href="#[f2]">icvIPow_16s(const short*, short*, int, int)</a> from cxmathfuncs.o(.text) referenced from cxmathfuncs.o(.text)
 <LI><a href="#[f1]">icvIPow_16u(const unsigned short*, unsigned short*, int, int)</a> from cxmathfuncs.o(.text) referenced from cxmathfuncs.o(.text)
 <LI><a href="#[f4]">icvIPow_32f(const float*, float*, int, int)</a> from cxmathfuncs.o(.text) referenced from cxmathfuncs.o(.text)
 <LI><a href="#[f3]">icvIPow_32s(const int*, int*, int, int)</a> from cxmathfuncs.o(.text) referenced from cxmathfuncs.o(.text)
 <LI><a href="#[f5]">icvIPow_64f(const double*, double*, int, int)</a> from cxmathfuncs.o(.text) referenced from cxmathfuncs.o(.text)
 <LI><a href="#[f9]">icvSqrt_32f(const float*, float*, int)</a> from cxmathfuncs.o(.text) referenced from cxmathfuncs.o(.text)
 <LI><a href="#[f8]">icvSqrt_64f(const double*, double*, int)</a> from cxmathfuncs.o(.text) referenced from cxmathfuncs.o(.text)
 <LI><a href="#[3f]">icvExp_32f_f(const float*, float*, int)</a> from cxmathfuncs.o(.text) referenced 2 times from cxmathfuncs.o(.data)
 <LI><a href="#[40]">icvExp_64f_f(const double*, double*, int)</a> from cxmathfuncs.o(.text) referenced 2 times from cxmathfuncs.o(.data)
 <LI><a href="#[41]">icvLog_32f_f(const float*, float*, int)</a> from cxmathfuncs.o(.text) referenced 2 times from cxmathfuncs.o(.data)
 <LI><a href="#[42]">icvLog_64f_f(const double*, double*, int)</a> from cxmathfuncs.o(.text) referenced 2 times from cxmathfuncs.o(.data)
 <LI><a href="#[125]">icvAdd_8u_C1R(const unsigned char*, int, const unsigned char*, int, unsigned char*, int, CvSize, int)</a> from cxarithm.o(.text) referenced from cxarithm.o(.text)
 <LI><a href="#[10c]">icvDiv_8u_C1R(const unsigned char*, int, const unsigned char*, int, unsigned char*, int, CvSize, double)</a> from cxarithm.o(.text) referenced from cxarithm.o(.text)
 <LI><a href="#[106]">icvMul_8u_C1R(const unsigned char*, int, const unsigned char*, int, unsigned char*, int, CvSize, double)</a> from cxarithm.o(.text) referenced from cxarithm.o(.text)
 <LI><a href="#[3c]">icvSqrt_32f_f(const float*, float*, int)</a> from cxmathfuncs.o(.text) referenced 2 times from cxmathfuncs.o(.data)
 <LI><a href="#[3d]">icvSqrt_64f_f(const double*, double*, int)</a> from cxmathfuncs.o(.text) referenced 2 times from cxmathfuncs.o(.data)
 <LI><a href="#[11f]">icvSub_8u_C1R(const unsigned char*, int, const unsigned char*, int, unsigned char*, int, CvSize, int)</a> from cxarithm.o(.text) referenced from cxarithm.o(.text)
 <LI><a href="#[100]">icvAddC_8u_C1R(const unsigned char*, int, unsigned char*, int, CvSize, const int*)</a> from cxarithm.o(.text) referenced from cxarithm.o(.text)
 <LI><a href="#[127]">icvAdd_16s_C1R(const short*, int, const short*, int, short*, int, CvSize, int)</a> from cxarithm.o(.text) referenced from cxarithm.o(.text)
 <LI><a href="#[126]">icvAdd_16u_C1R(const unsigned short*, int, const unsigned short*, int, unsigned short*, int, CvSize, int)</a> from cxarithm.o(.text) referenced from cxarithm.o(.text)
 <LI><a href="#[129]">icvAdd_32f_C1R(const float*, int, const float*, int, float*, int, CvSize)</a> from cxarithm.o(.text) referenced from cxarithm.o(.text)
 <LI><a href="#[128]">icvAdd_32s_C1R(const int*, int, const int*, int, int*, int, CvSize)</a> from cxarithm.o(.text) referenced from cxarithm.o(.text)
 <LI><a href="#[12a]">icvAdd_64f_C1R(const double*, int, const double*, int, double*, int, CvSize)</a> from cxarithm.o(.text) referenced from cxarithm.o(.text)
 <LI><a href="#[2]">icvDefaultFree(void*, void*)</a> from cxalloc.o(.text) referenced 2 times from cxalloc.o(.data)
 <LI><a href="#[2]">icvDefaultFree(void*, void*)</a> from cxalloc.o(.text) referenced from cxalloc.o(.text)
 <LI><a href="#[10e]">icvDiv_16s_C1R(const short*, int, const short*, int, short*, int, CvSize, double)</a> from cxarithm.o(.text) referenced from cxarithm.o(.text)
 <LI><a href="#[10d]">icvDiv_16u_C1R(const unsigned short*, int, const unsigned short*, int, unsigned short*, int, CvSize, double)</a> from cxarithm.o(.text) referenced from cxarithm.o(.text)
 <LI><a href="#[110]">icvDiv_32f_C1R(const float*, int, const float*, int, float*, int, CvSize, double)</a> from cxarithm.o(.text) referenced from cxarithm.o(.text)
 <LI><a href="#[10f]">icvDiv_32s_C1R(const int*, int, const int*, int, int*, int, CvSize, double)</a> from cxarithm.o(.text) referenced from cxarithm.o(.text)
 <LI><a href="#[111]">icvDiv_64f_C1R(const double*, int, const double*, int, double*, int, CvSize, double)</a> from cxarithm.o(.text) referenced from cxarithm.o(.text)
 <LI><a href="#[f7]">icvInvSqrt_32f(const float*, float*, int)</a> from cxmathfuncs.o(.text) referenced from cxmathfuncs.o(.text)
 <LI><a href="#[f6]">icvInvSqrt_64f(const double*, double*, int)</a> from cxmathfuncs.o(.text) referenced from cxmathfuncs.o(.text)
 <LI><a href="#[108]">icvMul_16s_C1R(const short*, int, const short*, int, short*, int, CvSize, double)</a> from cxarithm.o(.text) referenced from cxarithm.o(.text)
 <LI><a href="#[107]">icvMul_16u_C1R(const unsigned short*, int, const unsigned short*, int, unsigned short*, int, CvSize, double)</a> from cxarithm.o(.text) referenced from cxarithm.o(.text)
 <LI><a href="#[10a]">icvMul_32f_C1R(const float*, int, const float*, int, float*, int, CvSize, double)</a> from cxarithm.o(.text) referenced from cxarithm.o(.text)
 <LI><a href="#[109]">icvMul_32s_C1R(const int*, int, const int*, int, int*, int, CvSize, double)</a> from cxarithm.o(.text) referenced from cxarithm.o(.text)
 <LI><a href="#[10b]">icvMul_64f_C1R(const double*, int, const double*, int, double*, int, CvSize, double)</a> from cxarithm.o(.text) referenced from cxarithm.o(.text)
 <LI><a href="#[b0]">icvSet_8u_C1MR(unsigned char*, int, const unsigned char*, int, CvSize, const unsigned char*)</a> from cxcopy.o(.text) referenced from cxcopy.o(.text)
 <LI><a href="#[b2]">icvSet_8u_C3MR(unsigned char*, int, const unsigned char*, int, CvSize, const unsigned char*)</a> from cxcopy.o(.text) referenced from cxcopy.o(.text)
 <LI><a href="#[b3]">icvSet_8u_C4MR(int*, int, const unsigned char*, int, CvSize, const int*)</a> from cxcopy.o(.text) referenced from cxcopy.o(.text)
 <LI><a href="#[121]">icvSub_16s_C1R(const short*, int, const short*, int, short*, int, CvSize, int)</a> from cxarithm.o(.text) referenced from cxarithm.o(.text)
 <LI><a href="#[120]">icvSub_16u_C1R(const unsigned short*, int, const unsigned short*, int, unsigned short*, int, CvSize, int)</a> from cxarithm.o(.text) referenced from cxarithm.o(.text)
 <LI><a href="#[123]">icvSub_32f_C1R(const float*, int, const float*, int, float*, int, CvSize)</a> from cxarithm.o(.text) referenced from cxarithm.o(.text)
 <LI><a href="#[122]">icvSub_32s_C1R(const int*, int, const int*, int, int*, int, CvSize)</a> from cxarithm.o(.text) referenced from cxarithm.o(.text)
 <LI><a href="#[124]">icvSub_64f_C1R(const double*, int, const double*, int, double*, int, CvSize)</a> from cxarithm.o(.text) referenced from cxarithm.o(.text)
 <LI><a href="#[102]">icvAddC_16s_C1R(const short*, int, short*, int, CvSize, const int*)</a> from cxarithm.o(.text) referenced from cxarithm.o(.text)
 <LI><a href="#[101]">icvAddC_16u_C1R(const unsigned short*, int, unsigned short*, int, CvSize, const int*)</a> from cxarithm.o(.text) referenced from cxarithm.o(.text)
 <LI><a href="#[104]">icvAddC_32f_C1R(const float*, int, float*, int, CvSize, const float*)</a> from cxarithm.o(.text) referenced from cxarithm.o(.text)
 <LI><a href="#[103]">icvAddC_32s_C1R(const int*, int, int*, int, CvSize, const int*)</a> from cxarithm.o(.text) referenced from cxarithm.o(.text)
 <LI><a href="#[105]">icvAddC_64f_C1R(const double*, int, double*, int, CvSize, const double*)</a> from cxarithm.o(.text) referenced from cxarithm.o(.text)
 <LI><a href="#[45]">icvAdd_8u_C1R_f(const unsigned char*, int, const unsigned char*, int, unsigned char*, int, CvSize, int)</a> from cxarithm.o(.text) referenced 2 times from cxarithm.o(.data)
 <LI><a href="#[20a]">icvCopy_8u_C1MR(const unsigned char*, int, unsigned char*, int, CvSize, const unsigned char*, int)</a> from cxcopy.o(.text) referenced from cxcopy.o(.text)
 <LI><a href="#[20c]">icvCopy_8u_C3MR(const unsigned char*, int, unsigned char*, int, CvSize, const unsigned char*, int)</a> from cxcopy.o(.text) referenced from cxcopy.o(.text)
 <LI><a href="#[20d]">icvCopy_8u_C4MR(const int*, int, int*, int, CvSize, const unsigned char*, int)</a> from cxcopy.o(.text) referenced from cxcopy.o(.text)
 <LI><a href="#[ce]">icvCvtTo_8s_C1R(const unsigned char*, int, char*, int, CvSize, int)</a> from cxconvert.o(.text) referenced from cxconvert.o(.text)
 <LI><a href="#[cd]">icvCvtTo_8u_C1R(const unsigned char*, int, unsigned char*, int, CvSize, int)</a> from cxconvert.o(.text) referenced from cxconvert.o(.text)
 <LI><a href="#[38]">icvCvt_32f64f_f(const float*, double*, int)</a> from cxconvert.o(.text) referenced 2 times from cxconvert.o(.data)
 <LI><a href="#[39]">icvCvt_64f32f_f(const double*, float*, int)</a> from cxconvert.o(.text) referenced 2 times from cxconvert.o(.data)
 <LI><a href="#[1]">icvDefaultAlloc(unsigned, void*)</a> from cxalloc.o(.text) referenced 2 times from cxalloc.o(.data)
 <LI><a href="#[1]">icvDefaultAlloc(unsigned, void*)</a> from cxalloc.o(.text) referenced from cxalloc.o(.text)
 <LI><a href="#[112]">icvRecip_8u_C1R(const unsigned char*, int, unsigned char*, int, CvSize, double)</a> from cxarithm.o(.text) referenced from cxarithm.o(.text)
 <LI><a href="#[b1]">icvSet_16s_C1MR(unsigned short*, int, const unsigned char*, int, CvSize, const unsigned short*)</a> from cxcopy.o(.text) referenced from cxcopy.o(.text)
 <LI><a href="#[b4]">icvSet_16s_C3MR(unsigned short*, int, const unsigned char*, int, CvSize, const unsigned short*)</a> from cxcopy.o(.text) referenced from cxcopy.o(.text)
 <LI><a href="#[b5]">icvSet_16s_C4MR(long long*, int, const unsigned char*, int, CvSize, const long long*)</a> from cxcopy.o(.text) referenced from cxcopy.o(.text)
 <LI><a href="#[b6]">icvSet_32f_C3MR(int*, int, const unsigned char*, int, CvSize, const int*)</a> from cxcopy.o(.text) referenced from cxcopy.o(.text)
 <LI><a href="#[b7]">icvSet_32f_C4MR(int*, int, const unsigned char*, int, CvSize, const int*)</a> from cxcopy.o(.text) referenced from cxcopy.o(.text)
 <LI><a href="#[21f]">icvSet_64s_C3MR(long long*, int, const unsigned char*, int, CvSize, const long long*)</a> from cxcopy.o(.text) referenced from cxcopy.o(.text)
 <LI><a href="#[220]">icvSet_64s_C4MR(long long*, int, const unsigned char*, int, CvSize, const long long*)</a> from cxcopy.o(.text) referenced from cxcopy.o(.text)
 <LI><a href="#[fa]">icvSubRC_8u_C1R(const unsigned char*, int, unsigned char*, int, CvSize, const int*)</a> from cxarithm.o(.text) referenced from cxarithm.o(.text)
 <LI><a href="#[4b]">icvSub_8u_C1R_f(const unsigned char*, int, const unsigned char*, int, unsigned char*, int, CvSize, int)</a> from cxarithm.o(.text) referenced 2 times from cxarithm.o(.data)
 <LI><a href="#[47]">icvAdd_16s_C1R_f(const short*, int, const short*, int, short*, int, CvSize, int)</a> from cxarithm.o(.text) referenced 2 times from cxarithm.o(.data)
 <LI><a href="#[46]">icvAdd_16u_C1R_f(const unsigned short*, int, const unsigned short*, int, unsigned short*, int, CvSize, int)</a> from cxarithm.o(.text) referenced 2 times from cxarithm.o(.data)
 <LI><a href="#[49]">icvAdd_32f_C1R_f(const float*, int, const float*, int, float*, int, CvSize)</a> from cxarithm.o(.text) referenced 2 times from cxarithm.o(.data)
 <LI><a href="#[48]">icvAdd_32s_C1R_f(const int*, int, const int*, int, int*, int, CvSize)</a> from cxarithm.o(.text) referenced 2 times from cxarithm.o(.data)
 <LI><a href="#[4a]">icvAdd_64f_C1R_f(const double*, int, const double*, int, double*, int, CvSize)</a> from cxarithm.o(.text) referenced 2 times from cxarithm.o(.data)
 <LI><a href="#[20b]">icvCopy_16s_C1MR(const unsigned short*, int, unsigned short*, int, CvSize, const unsigned char*, int)</a> from cxcopy.o(.text) referenced from cxcopy.o(.text)
 <LI><a href="#[20e]">icvCopy_16s_C3MR(const unsigned short*, int, unsigned short*, int, CvSize, const unsigned char*, int)</a> from cxcopy.o(.text) referenced from cxcopy.o(.text)
 <LI><a href="#[20f]">icvCopy_16s_C4MR(const long long*, int, long long*, int, CvSize, const unsigned char*, int)</a> from cxcopy.o(.text) referenced from cxcopy.o(.text)
 <LI><a href="#[210]">icvCopy_32f_C3MR(const int*, int, int*, int, CvSize, const unsigned char*, int)</a> from cxcopy.o(.text) referenced from cxcopy.o(.text)
 <LI><a href="#[211]">icvCopy_32f_C4MR(const int*, int, int*, int, CvSize, const unsigned char*, int)</a> from cxcopy.o(.text) referenced from cxcopy.o(.text)
 <LI><a href="#[212]">icvCopy_64s_C3MR(const long long*, int, long long*, int, CvSize, const unsigned char*, int)</a> from cxcopy.o(.text) referenced from cxcopy.o(.text)
 <LI><a href="#[213]">icvCopy_64s_C4MR(const long long*, int, long long*, int, CvSize, const unsigned char*, int)</a> from cxcopy.o(.text) referenced from cxcopy.o(.text)
 <LI><a href="#[3]">icvCopy_8u_C1R_f(const unsigned char*, int, unsigned char*, int, CvSize)</a> from cxcopy.o(.text) referenced 2 times from cxcopy.o(.data)
 <LI><a href="#[d4]">icvCopy_8u_C2P2R(const unsigned char*, int, unsigned char**, int, CvSize)</a> from cxconvert.o(.text) referenced from cxconvert.o(.text)
 <LI><a href="#[d5]">icvCopy_8u_C3P3R(const unsigned char*, int, unsigned char**, int, CvSize)</a> from cxconvert.o(.text) referenced from cxconvert.o(.text)
 <LI><a href="#[d6]">icvCopy_8u_C4P4R(const unsigned char*, int, unsigned char**, int, CvSize)</a> from cxconvert.o(.text) referenced from cxconvert.o(.text)
 <LI><a href="#[e0]">icvCopy_8u_P2C2R(const unsigned char**, int, unsigned char*, int, CvSize)</a> from cxconvert.o(.text) referenced from cxconvert.o(.text)
 <LI><a href="#[e1]">icvCopy_8u_P3C3R(const unsigned char**, int, unsigned char*, int, CvSize)</a> from cxconvert.o(.text) referenced from cxconvert.o(.text)
 <LI><a href="#[e2]">icvCopy_8u_P4C4R(const unsigned char**, int, unsigned char*, int, CvSize)</a> from cxconvert.o(.text) referenced from cxconvert.o(.text)
 <LI><a href="#[d0]">icvCvtTo_16s_C1R(const unsigned char*, int, short*, int, CvSize, int)</a> from cxconvert.o(.text) referenced from cxconvert.o(.text)
 <LI><a href="#[cf]">icvCvtTo_16u_C1R(const unsigned char*, int, unsigned short*, int, CvSize, int)</a> from cxconvert.o(.text) referenced from cxconvert.o(.text)
 <LI><a href="#[d2]">icvCvtTo_32f_C1R(const unsigned char*, int, float*, int, CvSize, int)</a> from cxconvert.o(.text) referenced from cxconvert.o(.text)
 <LI><a href="#[d1]">icvCvtTo_32s_C1R(const unsigned char*, int, int*, int, CvSize, int)</a> from cxconvert.o(.text) referenced from cxconvert.o(.text)
 <LI><a href="#[d3]">icvCvtTo_64f_C1R(const unsigned char*, int, double*, int, CvSize, int)</a> from cxconvert.o(.text) referenced from cxconvert.o(.text)
 <LI><a href="#[3b]">icvInvSqrt_32f_f(const float*, float*, int)</a> from cxmathfuncs.o(.text) referenced 2 times from cxmathfuncs.o(.data)
 <LI><a href="#[3e]">icvInvSqrt_64f_f(const double*, double*, int)</a> from cxmathfuncs.o(.text) referenced 2 times from cxmathfuncs.o(.data)
 <LI><a href="#[114]">icvRecip_16s_C1R(const short*, int, short*, int, CvSize, double)</a> from cxarithm.o(.text) referenced from cxarithm.o(.text)
 <LI><a href="#[113]">icvRecip_16u_C1R(const unsigned short*, int, unsigned short*, int, CvSize, double)</a> from cxarithm.o(.text) referenced from cxarithm.o(.text)
 <LI><a href="#[116]">icvRecip_32f_C1R(const float*, int, float*, int, CvSize, double)</a> from cxarithm.o(.text) referenced from cxarithm.o(.text)
 <LI><a href="#[115]">icvRecip_32s_C1R(const int*, int, int*, int, CvSize, double)</a> from cxarithm.o(.text) referenced from cxarithm.o(.text)
 <LI><a href="#[117]">icvRecip_64f_C1R(const double*, int, double*, int, CvSize, double)</a> from cxarithm.o(.text) referenced from cxarithm.o(.text)
 <LI><a href="#[4]">icvSet_8u_C1MR_f(unsigned char*, int, const unsigned char*, int, CvSize, const unsigned char*)</a> from cxcopy.o(.text) referenced 2 times from cxcopy.o(.data)
 <LI><a href="#[6]">icvSet_8u_C3MR_f(unsigned char*, int, const unsigned char*, int, CvSize, const unsigned char*)</a> from cxcopy.o(.text) referenced 2 times from cxcopy.o(.data)
 <LI><a href="#[7]">icvSet_8u_C4MR_f(int*, int, const unsigned char*, int, CvSize, const int*)</a> from cxcopy.o(.text) referenced 2 times from cxcopy.o(.data)
 <LI><a href="#[fc]">icvSubRC_16s_C1R(const short*, int, short*, int, CvSize, const int*)</a> from cxarithm.o(.text) referenced from cxarithm.o(.text)
 <LI><a href="#[fb]">icvSubRC_16u_C1R(const unsigned short*, int, unsigned short*, int, CvSize, const int*)</a> from cxarithm.o(.text) referenced from cxarithm.o(.text)
 <LI><a href="#[fe]">icvSubRC_32f_C1R(const float*, int, float*, int, CvSize, const float*)</a> from cxarithm.o(.text) referenced from cxarithm.o(.text)
 <LI><a href="#[fd]">icvSubRC_32s_C1R(const int*, int, int*, int, CvSize, const int*)</a> from cxarithm.o(.text) referenced from cxarithm.o(.text)
 <LI><a href="#[ff]">icvSubRC_64f_C1R(const double*, int, double*, int, CvSize, const double*)</a> from cxarithm.o(.text) referenced from cxarithm.o(.text)
 <LI><a href="#[4d]">icvSub_16s_C1R_f(const short*, int, const short*, int, short*, int, CvSize, int)</a> from cxarithm.o(.text) referenced 2 times from cxarithm.o(.data)
 <LI><a href="#[4c]">icvSub_16u_C1R_f(const unsigned short*, int, const unsigned short*, int, unsigned short*, int, CvSize, int)</a> from cxarithm.o(.text) referenced 2 times from cxarithm.o(.data)
 <LI><a href="#[4f]">icvSub_32f_C1R_f(const float*, int, const float*, int, float*, int, CvSize)</a> from cxarithm.o(.text) referenced 2 times from cxarithm.o(.data)
 <LI><a href="#[4e]">icvSub_32s_C1R_f(const int*, int, const int*, int, int*, int, CvSize)</a> from cxarithm.o(.text) referenced 2 times from cxarithm.o(.data)
 <LI><a href="#[50]">icvSub_64f_C1R_f(const double*, int, const double*, int, double*, int, CvSize)</a> from cxarithm.o(.text) referenced 2 times from cxarithm.o(.data)
 <LI><a href="#[d7]">icvCopy_16s_C2P2R(const unsigned short*, int, unsigned short**, int, CvSize)</a> from cxconvert.o(.text) referenced from cxconvert.o(.text)
 <LI><a href="#[d8]">icvCopy_16s_C3P3R(const unsigned short*, int, unsigned short**, int, CvSize)</a> from cxconvert.o(.text) referenced from cxconvert.o(.text)
 <LI><a href="#[d9]">icvCopy_16s_C4P4R(const unsigned short*, int, unsigned short**, int, CvSize)</a> from cxconvert.o(.text) referenced from cxconvert.o(.text)
 <LI><a href="#[e3]">icvCopy_16s_P2C2R(const unsigned short**, int, unsigned short*, int, CvSize)</a> from cxconvert.o(.text) referenced from cxconvert.o(.text)
 <LI><a href="#[e4]">icvCopy_16s_P3C3R(const unsigned short**, int, unsigned short*, int, CvSize)</a> from cxconvert.o(.text) referenced from cxconvert.o(.text)
 <LI><a href="#[e5]">icvCopy_16s_P4C4R(const unsigned short**, int, unsigned short*, int, CvSize)</a> from cxconvert.o(.text) referenced from cxconvert.o(.text)
 <LI><a href="#[da]">icvCopy_32f_C2P2R(const int*, int, int**, int, CvSize)</a> from cxconvert.o(.text) referenced from cxconvert.o(.text)
 <LI><a href="#[db]">icvCopy_32f_C3P3R(const int*, int, int**, int, CvSize)</a> from cxconvert.o(.text) referenced from cxconvert.o(.text)
 <LI><a href="#[dc]">icvCopy_32f_C4P4R(const int*, int, int**, int, CvSize)</a> from cxconvert.o(.text) referenced from cxconvert.o(.text)
 <LI><a href="#[e6]">icvCopy_32f_P2C2R(const int**, int, int*, int, CvSize)</a> from cxconvert.o(.text) referenced from cxconvert.o(.text)
 <LI><a href="#[e7]">icvCopy_32f_P3C3R(const int**, int, int*, int, CvSize)</a> from cxconvert.o(.text) referenced from cxconvert.o(.text)
 <LI><a href="#[e8]">icvCopy_32f_P4C4R(const int**, int, int*, int, CvSize)</a> from cxconvert.o(.text) referenced from cxconvert.o(.text)
 <LI><a href="#[dd]">icvCopy_64f_C2P2R(const long long*, int, long long**, int, CvSize)</a> from cxconvert.o(.text) referenced from cxconvert.o(.text)
 <LI><a href="#[de]">icvCopy_64f_C3P3R(const long long*, int, long long**, int, CvSize)</a> from cxconvert.o(.text) referenced from cxconvert.o(.text)
 <LI><a href="#[df]">icvCopy_64f_C4P4R(const long long*, int, long long**, int, CvSize)</a> from cxconvert.o(.text) referenced from cxconvert.o(.text)
 <LI><a href="#[e9]">icvCopy_64f_P2C2R(const long long**, int, long long*, int, CvSize)</a> from cxconvert.o(.text) referenced from cxconvert.o(.text)
 <LI><a href="#[ea]">icvCopy_64f_P3C3R(const long long**, int, long long*, int, CvSize)</a> from cxconvert.o(.text) referenced from cxconvert.o(.text)
 <LI><a href="#[eb]">icvCopy_64f_P4C4R(const long long**, int, long long*, int, CvSize)</a> from cxconvert.o(.text) referenced from cxconvert.o(.text)
 <LI><a href="#[283]">icvCopy_8u_C1CnCR(const unsigned char*, int, unsigned char*, int, CvSize, int, int)</a> from cxconvert.o(.text) referenced from cxconvert.o(.text)
 <LI><a href="#[e]">icvCopy_8u_C1MR_f(const unsigned char*, int, unsigned char*, int, CvSize, const unsigned char*, int)</a> from cxcopy.o(.text) referenced 2 times from cxcopy.o(.data)
 <LI><a href="#[10]">icvCopy_8u_C3MR_f(const unsigned char*, int, unsigned char*, int, CvSize, const unsigned char*, int)</a> from cxcopy.o(.text) referenced 2 times from cxcopy.o(.data)
 <LI><a href="#[11]">icvCopy_8u_C4MR_f(const int*, int, int*, int, CvSize, const unsigned char*, int)</a> from cxcopy.o(.text) referenced 2 times from cxcopy.o(.data)
 <LI><a href="#[27e]">icvCopy_8u_CnC1CR(const unsigned char*, int, unsigned char*, int, CvSize, int, int)</a> from cxconvert.o(.text) referenced from cxconvert.o(.text)
 <LI><a href="#[c2]">icvMixChannels_8u(const unsigned char**, int*, int*, unsigned char**, int*, int*, int, CvSize)</a> from cxconvert.o(.text) referenced from cxconvert.o(.text)
 <LI><a href="#[5]">icvSet_16s_C1MR_f(unsigned short*, int, const unsigned char*, int, CvSize, const unsigned short*)</a> from cxcopy.o(.text) referenced 2 times from cxcopy.o(.data)
 <LI><a href="#[8]">icvSet_16s_C3MR_f(unsigned short*, int, const unsigned char*, int, CvSize, const unsigned short*)</a> from cxcopy.o(.text) referenced 2 times from cxcopy.o(.data)
 <LI><a href="#[9]">icvSet_16s_C4MR_f(long long*, int, const unsigned char*, int, CvSize, const long long*)</a> from cxcopy.o(.text) referenced 2 times from cxcopy.o(.data)
 <LI><a href="#[a]">icvSet_32f_C3MR_f(int*, int, const unsigned char*, int, CvSize, const int*)</a> from cxcopy.o(.text) referenced 2 times from cxcopy.o(.data)
 <LI><a href="#[b]">icvSet_32f_C4MR_f(int*, int, const unsigned char*, int, CvSize, const int*)</a> from cxcopy.o(.text) referenced 2 times from cxcopy.o(.data)
 <LI><a href="#[c]">icvSet_64s_C3MR_f(long long*, int, const unsigned char*, int, CvSize, const long long*)</a> from cxcopy.o(.text) referenced 2 times from cxcopy.o(.data)
 <LI><a href="#[d]">icvSet_64s_C4MR_f(long long*, int, const unsigned char*, int, CvSize, const long long*)</a> from cxcopy.o(.text) referenced 2 times from cxcopy.o(.data)
 <LI><a href="#[284]">icvCopy_16s_C1CnCR(const unsigned short*, int, unsigned short*, int, CvSize, int, int)</a> from cxconvert.o(.text) referenced from cxconvert.o(.text)
 <LI><a href="#[f]">icvCopy_16s_C1MR_f(const unsigned short*, int, unsigned short*, int, CvSize, const unsigned char*, int)</a> from cxcopy.o(.text) referenced 2 times from cxcopy.o(.data)
 <LI><a href="#[12]">icvCopy_16s_C3MR_f(const unsigned short*, int, unsigned short*, int, CvSize, const unsigned char*, int)</a> from cxcopy.o(.text) referenced 2 times from cxcopy.o(.data)
 <LI><a href="#[13]">icvCopy_16s_C4MR_f(const long long*, int, long long*, int, CvSize, const unsigned char*, int)</a> from cxcopy.o(.text) referenced 2 times from cxcopy.o(.data)
 <LI><a href="#[27f]">icvCopy_16s_CnC1CR(const unsigned short*, int, unsigned short*, int, CvSize, int, int)</a> from cxconvert.o(.text) referenced from cxconvert.o(.text)
 <LI><a href="#[285]">icvCopy_32f_C1CnCR(const int*, int, int*, int, CvSize, int, int)</a> from cxconvert.o(.text) referenced from cxconvert.o(.text)
 <LI><a href="#[14]">icvCopy_32f_C3MR_f(const int*, int, int*, int, CvSize, const unsigned char*, int)</a> from cxcopy.o(.text) referenced 2 times from cxcopy.o(.data)
 <LI><a href="#[15]">icvCopy_32f_C4MR_f(const int*, int, int*, int, CvSize, const unsigned char*, int)</a> from cxcopy.o(.text) referenced 2 times from cxcopy.o(.data)
 <LI><a href="#[280]">icvCopy_32f_CnC1CR(const int*, int, int*, int, CvSize, int, int)</a> from cxconvert.o(.text) referenced from cxconvert.o(.text)
 <LI><a href="#[286]">icvCopy_64f_C1CnCR(const long long*, int, long long*, int, CvSize, int, int)</a> from cxconvert.o(.text) referenced from cxconvert.o(.text)
 <LI><a href="#[281]">icvCopy_64f_CnC1CR(const long long*, int, long long*, int, CvSize, int, int)</a> from cxconvert.o(.text) referenced from cxconvert.o(.text)
 <LI><a href="#[16]">icvCopy_64s_C3MR_f(const long long*, int, long long*, int, CvSize, const unsigned char*, int)</a> from cxcopy.o(.text) referenced 2 times from cxcopy.o(.data)
 <LI><a href="#[17]">icvCopy_64s_C4MR_f(const long long*, int, long long*, int, CvSize, const unsigned char*, int)</a> from cxcopy.o(.text) referenced 2 times from cxcopy.o(.data)
 <LI><a href="#[18]">icvCopy_8u_C2P2R_f(const unsigned char*, int, unsigned char**, int, CvSize)</a> from cxconvert.o(.text) referenced 2 times from cxconvert.o(.data)
 <LI><a href="#[19]">icvCopy_8u_C3P3R_f(const unsigned char*, int, unsigned char**, int, CvSize)</a> from cxconvert.o(.text) referenced 2 times from cxconvert.o(.data)
 <LI><a href="#[1a]">icvCopy_8u_C4P4R_f(const unsigned char*, int, unsigned char**, int, CvSize)</a> from cxconvert.o(.text) referenced 2 times from cxconvert.o(.data)
 <LI><a href="#[28]">icvCopy_8u_P2C2R_f(const unsigned char**, int, unsigned char*, int, CvSize)</a> from cxconvert.o(.text) referenced 2 times from cxconvert.o(.data)
 <LI><a href="#[29]">icvCopy_8u_P3C3R_f(const unsigned char**, int, unsigned char*, int, CvSize)</a> from cxconvert.o(.text) referenced 2 times from cxconvert.o(.data)
 <LI><a href="#[2a]">icvCopy_8u_P4C4R_f(const unsigned char**, int, unsigned char*, int, CvSize)</a> from cxconvert.o(.text) referenced 2 times from cxconvert.o(.data)
 <LI><a href="#[b8]">icvFlipHorz_8u_C1R(const unsigned char*, int, unsigned char*, int, CvSize)</a> from cxcopy.o(.text) referenced from cxcopy.o(.text)
 <LI><a href="#[b9]">icvFlipHorz_8u_C2R(const unsigned short*, int, unsigned short*, int, CvSize)</a> from cxcopy.o(.text) referenced from cxcopy.o(.text)
 <LI><a href="#[ba]">icvFlipHorz_8u_C3R(const unsigned char*, int, unsigned char*, int, CvSize)</a> from cxcopy.o(.text) referenced from cxcopy.o(.text)
 <LI><a href="#[c3]">icvMixChannels_16u(const unsigned short**, int*, int*, unsigned short**, int*, int*, int, CvSize)</a> from cxconvert.o(.text) referenced from cxconvert.o(.text)
 <LI><a href="#[c4]">icvMixChannels_32s(const int**, int*, int*, int**, int*, int*, int, CvSize)</a> from cxconvert.o(.text) referenced from cxconvert.o(.text)
 <LI><a href="#[c5]">icvMixChannels_64s(const long long**, int*, int*, long long**, int*, int*, int, CvSize)</a> from cxconvert.o(.text) referenced from cxconvert.o(.text)
 <LI><a href="#[137]">icvBGRA2RGBA_8u_C4R(const unsigned char*, int, unsigned char*, int, CvSize)</a> from cvcolor.o(.text) referenced from cvcolor.o(.text)
 <LI><a href="#[1b]">icvCopy_16s_C2P2R_f(const unsigned short*, int, unsigned short**, int, CvSize)</a> from cxconvert.o(.text) referenced 2 times from cxconvert.o(.data)
 <LI><a href="#[1c]">icvCopy_16s_C3P3R_f(const unsigned short*, int, unsigned short**, int, CvSize)</a> from cxconvert.o(.text) referenced 2 times from cxconvert.o(.data)
 <LI><a href="#[1d]">icvCopy_16s_C4P4R_f(const unsigned short*, int, unsigned short**, int, CvSize)</a> from cxconvert.o(.text) referenced 2 times from cxconvert.o(.data)
 <LI><a href="#[2b]">icvCopy_16s_P2C2R_f(const unsigned short**, int, unsigned short*, int, CvSize)</a> from cxconvert.o(.text) referenced 2 times from cxconvert.o(.data)
 <LI><a href="#[2c]">icvCopy_16s_P3C3R_f(const unsigned short**, int, unsigned short*, int, CvSize)</a> from cxconvert.o(.text) referenced 2 times from cxconvert.o(.data)
 <LI><a href="#[2d]">icvCopy_16s_P4C4R_f(const unsigned short**, int, unsigned short*, int, CvSize)</a> from cxconvert.o(.text) referenced 2 times from cxconvert.o(.data)
 <LI><a href="#[1e]">icvCopy_32f_C2P2R_f(const int*, int, int**, int, CvSize)</a> from cxconvert.o(.text) referenced 2 times from cxconvert.o(.data)
 <LI><a href="#[1f]">icvCopy_32f_C3P3R_f(const int*, int, int**, int, CvSize)</a> from cxconvert.o(.text) referenced 2 times from cxconvert.o(.data)
 <LI><a href="#[20]">icvCopy_32f_C4P4R_f(const int*, int, int**, int, CvSize)</a> from cxconvert.o(.text) referenced 2 times from cxconvert.o(.data)
 <LI><a href="#[2e]">icvCopy_32f_P2C2R_f(const int**, int, int*, int, CvSize)</a> from cxconvert.o(.text) referenced 2 times from cxconvert.o(.data)
 <LI><a href="#[2f]">icvCopy_32f_P3C3R_f(const int**, int, int*, int, CvSize)</a> from cxconvert.o(.text) referenced 2 times from cxconvert.o(.data)
 <LI><a href="#[30]">icvCopy_32f_P4C4R_f(const int**, int, int*, int, CvSize)</a> from cxconvert.o(.text) referenced 2 times from cxconvert.o(.data)
 <LI><a href="#[21]">icvCopy_64f_C2P2R_f(const long long*, int, long long**, int, CvSize)</a> from cxconvert.o(.text) referenced 2 times from cxconvert.o(.data)
 <LI><a href="#[22]">icvCopy_64f_C3P3R_f(const long long*, int, long long**, int, CvSize)</a> from cxconvert.o(.text) referenced 2 times from cxconvert.o(.data)
 <LI><a href="#[23]">icvCopy_64f_C4P4R_f(const long long*, int, long long**, int, CvSize)</a> from cxconvert.o(.text) referenced 2 times from cxconvert.o(.data)
 <LI><a href="#[31]">icvCopy_64f_P2C2R_f(const long long**, int, long long*, int, CvSize)</a> from cxconvert.o(.text) referenced 2 times from cxconvert.o(.data)
 <LI><a href="#[32]">icvCopy_64f_P3C3R_f(const long long**, int, long long*, int, CvSize)</a> from cxconvert.o(.text) referenced 2 times from cxconvert.o(.data)
 <LI><a href="#[33]">icvCopy_64f_P4C4R_f(const long long**, int, long long*, int, CvSize)</a> from cxconvert.o(.text) referenced 2 times from cxconvert.o(.data)
 <LI><a href="#[34]">icvCopy_8u_C1CnCR_f(const unsigned char*, int, unsigned char*, int, CvSize, int, int)</a> from cxconvert.o(.text) referenced 2 times from cxconvert.o(.data)
 <LI><a href="#[24]">icvCopy_8u_CnC1CR_f(const unsigned char*, int, unsigned char*, int, CvSize, int, int)</a> from cxconvert.o(.text) referenced 2 times from cxconvert.o(.data)
 <LI><a href="#[3a]">icvFastArctan_32f_f(const float*, const float*, float*, int)</a> from cxmathfuncs.o(.text) referenced 2 times from cxmathfuncs.o(.data)
 <LI><a href="#[bb]">icvFlipHorz_16u_C2R(const int*, int, int*, int, CvSize)</a> from cxcopy.o(.text) referenced from cxcopy.o(.text)
 <LI><a href="#[bc]">icvFlipHorz_16u_C3R(const unsigned short*, int, unsigned short*, int, CvSize)</a> from cxcopy.o(.text) referenced from cxcopy.o(.text)
 <LI><a href="#[bd]">icvFlipHorz_32s_C2R(const long long*, int, long long*, int, CvSize)</a> from cxcopy.o(.text) referenced from cxcopy.o(.text)
 <LI><a href="#[be]">icvFlipHorz_32s_C3R(const int*, int, int*, int, CvSize)</a> from cxcopy.o(.text) referenced from cxcopy.o(.text)
 <LI><a href="#[bf]">icvFlipHorz_64s_C2R(const int*, int, int*, int, CvSize)</a> from cxcopy.o(.text) referenced from cxcopy.o(.text)
 <LI><a href="#[c0]">icvFlipHorz_64s_C3R(const long long*, int, long long*, int, CvSize)</a> from cxcopy.o(.text) referenced from cxcopy.o(.text)
 <LI><a href="#[c1]">icvFlipHorz_64s_C4R(const long long*, int, long long*, int, CvSize)</a> from cxcopy.o(.text) referenced from cxcopy.o(.text)
 <LI><a href="#[131]">icvBGR2BGRx_8u_C3C4R(const unsigned char*, int, unsigned char*, int, CvSize, int)</a> from cvcolor.o(.text) referenced from cvcolor.o(.text)
 <LI><a href="#[138]">icvBGRA2RGBA_16u_C4R(const unsigned short*, int, unsigned short*, int, CvSize)</a> from cvcolor.o(.text) referenced from cvcolor.o(.text)
 <LI><a href="#[139]">icvBGRA2RGBA_32f_C4R(const int*, int, int*, int, CvSize)</a> from cvcolor.o(.text) referenced from cvcolor.o(.text)
 <LI><a href="#[134]">icvBGRx2BGR_8u_CnC3R(const unsigned char*, int, unsigned char*, int, CvSize, int, int)</a> from cvcolor.o(.text) referenced from cvcolor.o(.text)
 <LI><a href="#[149]">icvBGRx2HLS_8u_CnC3R(const unsigned char*, int, unsigned char*, int, CvSize, int, int)</a> from cvcolor.o(.text) referenced from cvcolor.o(.text)
 <LI><a href="#[146]">icvBGRx2HSV_8u_CnC3R(const unsigned char*, int, unsigned char*, int, CvSize, int, int)</a> from cvcolor.o(.text) referenced from cvcolor.o(.text)
 <LI><a href="#[147]">icvBGRx2Lab_8u_CnC3R(const unsigned char*, int, unsigned char*, int, CvSize, int, int)</a> from cvcolor.o(.text) referenced from cvcolor.o(.text)
 <LI><a href="#[148]">icvBGRx2Luv_8u_CnC3R(const unsigned char*, int, unsigned char*, int, CvSize, int, int)</a> from cvcolor.o(.text) referenced from cvcolor.o(.text)
 <LI><a href="#[145]">icvBGRx2XYZ_8u_CnC3R(const unsigned char*, int, unsigned char*, int, CvSize, int, int)</a> from cvcolor.o(.text) referenced from cvcolor.o(.text)
 <LI><a href="#[35]">icvCopy_16s_C1CnCR_f(const unsigned short*, int, unsigned short*, int, CvSize, int, int)</a> from cxconvert.o(.text) referenced 2 times from cxconvert.o(.data)
 <LI><a href="#[25]">icvCopy_16s_CnC1CR_f(const unsigned short*, int, unsigned short*, int, CvSize, int, int)</a> from cxconvert.o(.text) referenced 2 times from cxconvert.o(.data)
 <LI><a href="#[36]">icvCopy_32f_C1CnCR_f(const int*, int, int*, int, CvSize, int, int)</a> from cxconvert.o(.text) referenced 2 times from cxconvert.o(.data)
 <LI><a href="#[26]">icvCopy_32f_CnC1CR_f(const int*, int, int*, int, CvSize, int, int)</a> from cxconvert.o(.text) referenced 2 times from cxconvert.o(.data)
 <LI><a href="#[37]">icvCopy_64f_C1CnCR_f(const long long*, int, long long*, int, CvSize, int, int)</a> from cxconvert.o(.text) referenced 2 times from cxconvert.o(.data)
 <LI><a href="#[27]">icvCopy_64f_CnC1CR_f(const long long*, int, long long*, int, CvSize, int, int)</a> from cxconvert.o(.text) referenced 2 times from cxconvert.o(.data)
 <LI><a href="#[c7]">icvCvtScaleTo_8s_C1R(const unsigned char*, int, char*, int, CvSize, double, double, int)</a> from cxconvert.o(.text) referenced from cxconvert.o(.text)
 <LI><a href="#[c6]">icvCvtScaleTo_8u_C1R(const unsigned char*, int, unsigned char*, int, CvSize, double, double, int)</a> from cxconvert.o(.text) referenced from cxconvert.o(.text)
 <LI><a href="#[153]">icvHLS2BGRx_8u_C3CnR(const unsigned char*, int, unsigned char*, int, CvSize, int, int)</a> from cvcolor.o(.text) referenced from cvcolor.o(.text)
 <LI><a href="#[152]">icvHSV2BGRx_8u_C3CnR(const unsigned char*, int, unsigned char*, int, CvSize, int, int)</a> from cvcolor.o(.text) referenced from cvcolor.o(.text)
 <LI><a href="#[154]">icvLab2BGRx_8u_C3CnR(const unsigned char*, int, unsigned char*, int, CvSize, int, int)</a> from cvcolor.o(.text) referenced from cvcolor.o(.text)
 <LI><a href="#[155]">icvLuv2BGRx_8u_C3CnR(const unsigned char*, int, unsigned char*, int, CvSize, int, int)</a> from cvcolor.o(.text) referenced from cvcolor.o(.text)
 <LI><a href="#[151]">icvXYZ2BGRx_8u_C3CnR(const unsigned char*, int, unsigned char*, int, CvSize, int, int)</a> from cvcolor.o(.text) referenced from cvcolor.o(.text)
 <LI><a href="#[118]">icvAddWeighted_8u_C1R(const unsigned char*, int, double, const unsigned char*, int, double, double, unsigned char*, int, CvSize)</a> from cxarithm.o(.text) referenced from cxarithm.o(.text)
 <LI><a href="#[132]">icvBGR2BGRx_16u_C3C4R(const unsigned short*, int, unsigned short*, int, CvSize, int)</a> from cvcolor.o(.text) referenced from cvcolor.o(.text)
 <LI><a href="#[133]">icvBGR2BGRx_32f_C3C4R(const int*, int, int*, int, CvSize, int)</a> from cvcolor.o(.text) referenced from cvcolor.o(.text)
 <LI><a href="#[135]">icvBGRx2BGR_16u_CnC3R(const unsigned short*, int, unsigned short*, int, CvSize, int, int)</a> from cvcolor.o(.text) referenced from cvcolor.o(.text)
 <LI><a href="#[136]">icvBGRx2BGR_32f_CnC3R(const int*, int, int*, int, CvSize, int, int)</a> from cvcolor.o(.text) referenced from cvcolor.o(.text)
 <LI><a href="#[13c]">icvBGRx2Gray_8u_CnC1R(const unsigned char*, int, unsigned char*, int, CvSize, int, int)</a> from cvcolor.o(.text) referenced from cvcolor.o(.text)
 <LI><a href="#[12c]">icvBGRx2HLS_32f_CnC3R(const float*, int, float*, int, CvSize, int, int)</a> from cvcolor.o(.text) referenced 2 times from cvcolor.o(.text)
 <LI><a href="#[14e]">icvBGRx2HSV_32f_CnC3R(const float*, int, float*, int, CvSize, int, int)</a> from cvcolor.o(.text) referenced from cvcolor.o(.text)
 <LI><a href="#[14f]">icvBGRx2Lab_32f_CnC3R(const float*, int, float*, int, CvSize, int, int)</a> from cvcolor.o(.text) referenced from cvcolor.o(.text)
 <LI><a href="#[12f]">icvBGRx2Luv_32f_CnC3R(const float*, int, float*, int, CvSize, int, int)</a> from cvcolor.o(.text) referenced 2 times from cvcolor.o(.text)
 <LI><a href="#[14b]">icvBGRx2XYZ_16u_CnC3R(const unsigned short*, int, unsigned short*, int, CvSize, int, int)</a> from cvcolor.o(.text) referenced from cvcolor.o(.text)
 <LI><a href="#[14d]">icvBGRx2XYZ_32f_CnC3R(const float*, int, float*, int, CvSize, int, int)</a> from cvcolor.o(.text) referenced from cvcolor.o(.text)
 <LI><a href="#[15a]">icvBayer2BGR_8u_C1C3R(const unsigned char*, int, unsigned char*, int, CvSize, int)</a> from cvcolor.o(.text) referenced from cvcolor.o(.text)
 <LI><a href="#[c9]">icvCvtScaleTo_16s_C1R(const unsigned char*, int, short*, int, CvSize, double, double, int)</a> from cxconvert.o(.text) referenced from cxconvert.o(.text)
 <LI><a href="#[c8]">icvCvtScaleTo_16u_C1R(const unsigned char*, int, unsigned short*, int, CvSize, double, double, int)</a> from cxconvert.o(.text) referenced from cxconvert.o(.text)
 <LI><a href="#[cb]">icvCvtScaleTo_32f_C1R(const unsigned char*, int, float*, int, CvSize, double, double, int)</a> from cxconvert.o(.text) referenced from cxconvert.o(.text)
 <LI><a href="#[ca]">icvCvtScaleTo_32s_C1R(const unsigned char*, int, int*, int, CvSize, double, double, int)</a> from cxconvert.o(.text) referenced from cxconvert.o(.text)
 <LI><a href="#[cc]">icvCvtScaleTo_64f_C1R(const unsigned char*, int, double*, int, CvSize, double, double, int)</a> from cxconvert.o(.text) referenced from cxconvert.o(.text)
 <LI><a href="#[140]">icvGray2BGRx_8u_C1CnR(const unsigned char*, int, unsigned char*, int, CvSize, int)</a> from cvcolor.o(.text) referenced from cvcolor.o(.text)
 <LI><a href="#[12d]">icvHLS2BGRx_32f_C3CnR(const float*, int, float*, int, CvSize, int, int)</a> from cvcolor.o(.text) referenced 2 times from cvcolor.o(.text)
 <LI><a href="#[12b]">icvHSV2BGRx_32f_C3CnR(const float*, int, float*, int, CvSize, int, int)</a> from cvcolor.o(.text) referenced 2 times from cvcolor.o(.text)
 <LI><a href="#[12e]">icvLab2BGRx_32f_C3CnR(const float*, int, float*, int, CvSize, int, int)</a> from cvcolor.o(.text) referenced 2 times from cvcolor.o(.text)
 <LI><a href="#[130]">icvLuv2BGRx_32f_C3CnR(const float*, int, float*, int, CvSize, int, int)</a> from cvcolor.o(.text) referenced 2 times from cvcolor.o(.text)
 <LI><a href="#[157]">icvXYZ2BGRx_16u_C3CnR(const unsigned short*, int, unsigned short*, int, CvSize, int, int)</a> from cvcolor.o(.text) referenced from cvcolor.o(.text)
 <LI><a href="#[159]">icvXYZ2BGRx_32f_C3CnR(const float*, int, float*, int, CvSize, int, int)</a> from cvcolor.o(.text) referenced from cvcolor.o(.text)
 <LI><a href="#[11a]">icvAddWeighted_16s_C1R(const short*, int, double, const short*, int, double, double, short*, int, CvSize)</a> from cxarithm.o(.text) referenced from cxarithm.o(.text)
 <LI><a href="#[119]">icvAddWeighted_16u_C1R(const unsigned short*, int, double, const unsigned short*, int, double, double, unsigned short*, int, CvSize)</a> from cxarithm.o(.text) referenced from cxarithm.o(.text)
 <LI><a href="#[11c]">icvAddWeighted_32f_C1R(const float*, int, double, const float*, int, double, double, float*, int, CvSize)</a> from cxarithm.o(.text) referenced from cxarithm.o(.text)
 <LI><a href="#[11b]">icvAddWeighted_32s_C1R(const int*, int, double, const int*, int, double, double, int*, int, CvSize)</a> from cxarithm.o(.text) referenced from cxarithm.o(.text)
 <LI><a href="#[11d]">icvAddWeighted_64f_C1R(const double*, int, double, const double*, int, double, double, double*, int, CvSize)</a> from cxarithm.o(.text) referenced from cxarithm.o(.text)
 <LI><a href="#[13d]">icvBGRx2Gray_16u_CnC1R(const unsigned short*, int, unsigned short*, int, CvSize, int, int)</a> from cvcolor.o(.text) referenced from cvcolor.o(.text)
 <LI><a href="#[13e]">icvBGRx2Gray_32f_CnC1R(const float*, int, float*, int, CvSize, int, int)</a> from cvcolor.o(.text) referenced from cvcolor.o(.text)
 <LI><a href="#[144]">icvBGRx2YCrCb_8u_CnC3R(const unsigned char*, int, unsigned char*, int, CvSize, int, int)</a> from cvcolor.o(.text) referenced from cvcolor.o(.text)
 <LI><a href="#[141]">icvGray2BGRx_16u_C1CnR(const unsigned short*, int, unsigned short*, int, CvSize, int)</a> from cvcolor.o(.text) referenced from cvcolor.o(.text)
 <LI><a href="#[142]">icvGray2BGRx_32f_C1CnR(const float*, int, float*, int, CvSize, int)</a> from cvcolor.o(.text) referenced from cvcolor.o(.text)
 <LI><a href="#[150]">icvYCrCb2BGRx_8u_C3CnR(const unsigned char*, int, unsigned char*, int, CvSize, int, int)</a> from cvcolor.o(.text) referenced from cvcolor.o(.text)
 <LI><a href="#[13b]">icvBGR5x52BGRx_8u_C2CnR(const unsigned char*, int, unsigned char*, int, CvSize, int, int, int)</a> from cvcolor.o(.text) referenced from cvcolor.o(.text)
 <LI><a href="#[13f]">icvBGR5x52Gray_8u_C2C1R(const unsigned char*, int, unsigned char*, int, CvSize, int)</a> from cvcolor.o(.text) referenced from cvcolor.o(.text)
 <LI><a href="#[13a]">icvBGRx2BGR5x5_8u_CnC2R(const unsigned char*, int, unsigned char*, int, CvSize, int, int, int)</a> from cvcolor.o(.text) referenced from cvcolor.o(.text)
 <LI><a href="#[14a]">icvBGRx2YCrCb_16u_CnC3R(const unsigned short*, int, unsigned short*, int, CvSize, int, int)</a> from cvcolor.o(.text) referenced from cvcolor.o(.text)
 <LI><a href="#[14c]">icvBGRx2YCrCb_32f_CnC3R(const float*, int, float*, int, CvSize, int, int)</a> from cvcolor.o(.text) referenced from cvcolor.o(.text)
 <LI><a href="#[43]">icvCheckArray_32f_C1R_f(const float*, int, CvSize, int, double, double)</a> from cxmathfuncs.o(.text) referenced 2 times from cxmathfuncs.o(.data)
 <LI><a href="#[44]">icvCheckArray_64f_C1R_f(const double*, int, CvSize, int, double, double)</a> from cxmathfuncs.o(.text) referenced 2 times from cxmathfuncs.o(.data)
 <LI><a href="#[143]">icvGray2BGR5x5_8u_C1C2R(const unsigned char*, int, unsigned char*, int, CvSize, int)</a> from cvcolor.o(.text) referenced from cvcolor.o(.text)
 <LI><a href="#[156]">icvYCrCb2BGRx_16u_C3CnR(const unsigned short*, int, unsigned short*, int, CvSize, int, int)</a> from cvcolor.o(.text) referenced from cvcolor.o(.text)
 <LI><a href="#[158]">icvYCrCb2BGRx_32f_C3CnR(const float*, int, float*, int, CvSize, int, int)</a> from cvcolor.o(.text) referenced from cvcolor.o(.text)
 <LI><a href="#[28b]">icvLUT_Transform8u_8u_C1R(const unsigned char*, int, unsigned char*, int, CvSize, const unsigned char*)</a> from cxlut.o(.text) referenced from cxlut.o(.text)
 <LI><a href="#[298]">icvLUT_Transform8u_8u_C2R(const unsigned char*, int, unsigned char*, int, CvSize, const unsigned char*)</a> from cxlut.o(.text) referenced from cxlut.o(.text)
 <LI><a href="#[299]">icvLUT_Transform8u_8u_C3R(const unsigned char*, int, unsigned char*, int, CvSize, const unsigned char*)</a> from cxlut.o(.text) referenced from cxlut.o(.text)
 <LI><a href="#[29a]">icvLUT_Transform8u_8u_C4R(const unsigned char*, int, unsigned char*, int, CvSize, const unsigned char*)</a> from cxlut.o(.text) referenced from cxlut.o(.text)
 <LI><a href="#[ec]">icvLUT_Transform8u_8u_CnR(const unsigned char*, int, unsigned char*, int, CvSize, const unsigned char*, int)</a> from cxlut.o(.text) referenced from cxlut.o(.text)
 <LI><a href="#[11e]">icvAddWeighted_8u_fast_C1R(const unsigned char*, int, double, const unsigned char*, int, double, double, unsigned char*, int, CvSize)</a> from cxarithm.o(.text) referenced from cxarithm.o(.text)
 <LI><a href="#[28f]">icvLUT_Transform8u_16u_C1R(const unsigned char*, int, unsigned short*, int, CvSize, const unsigned short*)</a> from cxlut.o(.text) referenced from cxlut.o(.text)
 <LI><a href="#[ed]">icvLUT_Transform8u_16u_CnR(const unsigned char*, int, unsigned short*, int, CvSize, const unsigned short*, int)</a> from cxlut.o(.text) referenced from cxlut.o(.text)
 <LI><a href="#[290]">icvLUT_Transform8u_32s_C1R(const unsigned char*, int, int*, int, CvSize, const int*)</a> from cxlut.o(.text) referenced from cxlut.o(.text)
 <LI><a href="#[ee]">icvLUT_Transform8u_32s_CnR(const unsigned char*, int, int*, int, CvSize, const int*, int)</a> from cxlut.o(.text) referenced from cxlut.o(.text)
 <LI><a href="#[292]">icvLUT_Transform8u_64f_C1R(const unsigned char*, int, double*, int, CvSize, const double*)</a> from cxlut.o(.text) referenced from cxlut.o(.text)
 <LI><a href="#[ef]">icvLUT_Transform8u_64f_CnR(const unsigned char*, int, double*, int, CvSize, const double*, int)</a> from cxlut.o(.text) referenced from cxlut.o(.text)
 <LI><a href="#[af]">__main</a> from entry.o(.ARM.Collect$$$$00000000) referenced from startup_stm32f40_41xxx.o(.text)
 <LI><a href="#[15c]">_sputc</a> from printf5.o(i._sputc) referenced from printf5.o(i.__0sprintf$5)
 <LI><a href="#[228]">cvStdErrReport</a> from cxerror.o(.text) referenced 2 times from cxerror.o(.text)
 <LI><a href="#[15b]">fputc</a> from usart.o(.text) referenced from printf5.o(i.__0fprintf$5)
 <LI><a href="#[15b]">fputc</a> from usart.o(.text) referenced from printf5.o(i.__0printf$5)
 <LI><a href="#[ad]">main</a> from main.o(.text) referenced from entry9a.o(.ARM.Collect$$$$0000000B)
</UL>
<P>
<H3>
Global Symbols
</H3>
<P><STRONG><a name="[af]"></a>__main</STRONG> (Thumb, 0 bytes, Stack size unknown bytes, entry.o(.ARM.Collect$$$$00000000))
<BR>[Address Reference Count : 1]<UL><LI> startup_stm32f40_41xxx.o(.text)
</UL>
<P><STRONG><a name="[2e8]"></a>_main_stk</STRONG> (Thumb, 0 bytes, Stack size unknown bytes, entry2.o(.ARM.Collect$$$$00000001))

<P><STRONG><a name="[15d]"></a>_main_scatterload</STRONG> (Thumb, 0 bytes, Stack size unknown bytes, entry5.o(.ARM.Collect$$$$00000004))
<BR><BR>[Calls]<UL><LI><a href="#[15e]">&gt;&gt;</a>&nbsp;&nbsp;&nbsp;__scatterload
</UL>

<P><STRONG><a name="[2d7]"></a>__main_after_scatterload</STRONG> (Thumb, 0 bytes, Stack size unknown bytes, entry5.o(.ARM.Collect$$$$00000004))
<BR><BR>[Called By]<UL><LI><a href="#[15e]">&gt;&gt;</a>&nbsp;&nbsp;&nbsp;__scatterload
</UL>

<P><STRONG><a name="[2e9]"></a>_main_clock</STRONG> (Thumb, 0 bytes, Stack size unknown bytes, entry7b.o(.ARM.Collect$$$$00000008))

<P><STRONG><a name="[2ea]"></a>_main_cpp_init</STRONG> (Thumb, 0 bytes, Stack size unknown bytes, entry8b.o(.ARM.Collect$$$$0000000A))

<P><STRONG><a name="[2eb]"></a>_main_init</STRONG> (Thumb, 0 bytes, Stack size unknown bytes, entry9a.o(.ARM.Collect$$$$0000000B))

<P><STRONG><a name="[2ec]"></a>__rt_final_cpp</STRONG> (Thumb, 0 bytes, Stack size unknown bytes, entry10a.o(.ARM.Collect$$$$0000000D))

<P><STRONG><a name="[2ed]"></a>__rt_final_exit</STRONG> (Thumb, 0 bytes, Stack size unknown bytes, entry11a.o(.ARM.Collect$$$$0000000F))

<P><STRONG><a name="[52]"></a>NMI_Handler</STRONG> (Thumb, 2 bytes, Stack size 0 bytes, stm32f4xx_it.o(.text))
<BR>[Address Reference Count : 1]<UL><LI> startup_stm32f40_41xxx.o(RESET)
</UL>
<P><STRONG><a name="[53]"></a>HardFault_Handler</STRONG> (Thumb, 2 bytes, Stack size 0 bytes, stm32f4xx_it.o(.text))
<BR><BR>[Calls]<UL><LI><a href="#[53]">&gt;&gt;</a>&nbsp;&nbsp;&nbsp;HardFault_Handler
</UL>
<BR>[Called By]<UL><LI><a href="#[53]">&gt;&gt;</a>&nbsp;&nbsp;&nbsp;HardFault_Handler
</UL>
<BR>[Address Reference Count : 1]<UL><LI> startup_stm32f40_41xxx.o(RESET)
</UL>
<P><STRONG><a name="[54]"></a>MemManage_Handler</STRONG> (Thumb, 2 bytes, Stack size 0 bytes, stm32f4xx_it.o(.text))
<BR><BR>[Calls]<UL><LI><a href="#[54]">&gt;&gt;</a>&nbsp;&nbsp;&nbsp;MemManage_Handler
</UL>
<BR>[Called By]<UL><LI><a href="#[54]">&gt;&gt;</a>&nbsp;&nbsp;&nbsp;MemManage_Handler
</UL>
<BR>[Address Reference Count : 1]<UL><LI> startup_stm32f40_41xxx.o(RESET)
</UL>
<P><STRONG><a name="[55]"></a>BusFault_Handler</STRONG> (Thumb, 2 bytes, Stack size 0 bytes, stm32f4xx_it.o(.text))
<BR><BR>[Calls]<UL><LI><a href="#[55]">&gt;&gt;</a>&nbsp;&nbsp;&nbsp;BusFault_Handler
</UL>
<BR>[Called By]<UL><LI><a href="#[55]">&gt;&gt;</a>&nbsp;&nbsp;&nbsp;BusFault_Handler
</UL>
<BR>[Address Reference Count : 1]<UL><LI> startup_stm32f40_41xxx.o(RESET)
</UL>
<P><STRONG><a name="[56]"></a>UsageFault_Handler</STRONG> (Thumb, 2 bytes, Stack size 0 bytes, stm32f4xx_it.o(.text))
<BR><BR>[Calls]<UL><LI><a href="#[56]">&gt;&gt;</a>&nbsp;&nbsp;&nbsp;UsageFault_Handler
</UL>
<BR>[Called By]<UL><LI><a href="#[56]">&gt;&gt;</a>&nbsp;&nbsp;&nbsp;UsageFault_Handler
</UL>
<BR>[Address Reference Count : 1]<UL><LI> startup_stm32f40_41xxx.o(RESET)
</UL>
<P><STRONG><a name="[57]"></a>SVC_Handler</STRONG> (Thumb, 2 bytes, Stack size 0 bytes, stm32f4xx_it.o(.text))
<BR>[Address Reference Count : 1]<UL><LI> startup_stm32f40_41xxx.o(RESET)
</UL>
<P><STRONG><a name="[58]"></a>DebugMon_Handler</STRONG> (Thumb, 2 bytes, Stack size 0 bytes, stm32f4xx_it.o(.text))
<BR>[Address Reference Count : 1]<UL><LI> startup_stm32f40_41xxx.o(RESET)
</UL>
<P><STRONG><a name="[59]"></a>PendSV_Handler</STRONG> (Thumb, 2 bytes, Stack size 0 bytes, stm32f4xx_it.o(.text))
<BR>[Address Reference Count : 1]<UL><LI> startup_stm32f40_41xxx.o(RESET)
</UL>
<P><STRONG><a name="[5a]"></a>SysTick_Handler</STRONG> (Thumb, 2 bytes, Stack size 0 bytes, stm32f4xx_it.o(.text))
<BR>[Address Reference Count : 1]<UL><LI> startup_stm32f40_41xxx.o(RESET)
</UL>
<P><STRONG><a name="[ae]"></a>SystemInit</STRONG> (Thumb, 74 bytes, Stack size 8 bytes, system_stm32f4xx.o(.text))
<BR><BR>[Stack]<UL><LI>Max Depth = 20<LI>Call Chain = SystemInit &rArr; SetSysClock
</UL>
<BR>[Calls]<UL><LI><a href="#[15f]">&gt;&gt;</a>&nbsp;&nbsp;&nbsp;SetSysClock
</UL>
<BR>[Address Reference Count : 1]<UL><LI> startup_stm32f40_41xxx.o(.text)
</UL>
<P><STRONG><a name="[2ee]"></a>SystemCoreClockUpdate</STRONG> (Thumb, 108 bytes, Stack size 16 bytes, system_stm32f4xx.o(.text), UNUSED)

<P><STRONG><a name="[167]"></a>picture_read(_IplImage*)</STRONG> (Thumb, 110 bytes, Stack size 20 bytes, main.o(.text))
<BR><BR>[Stack]<UL><LI>Max Depth = 20<LI>Call Chain = picture_read(_IplImage*)
</UL>
<BR>[Called By]<UL><LI><a href="#[165]">&gt;&gt;</a>&nbsp;&nbsp;&nbsp;test_IplImage()
</UL>

<P><STRONG><a name="[160]"></a>lcd_show_pic(_IplImage*, int, int)</STRONG> (Thumb, 118 bytes, Stack size 32 bytes, main.o(.text))
<BR><BR>[Stack]<UL><LI>Max Depth = 108<LI>Call Chain = lcd_show_pic(_IplImage*, int, int) &rArr; LCD_Set_Window &rArr; LCD_SetCursor &rArr; LCD_WR_DATA
</UL>
<BR>[Calls]<UL><LI><a href="#[163]">&gt;&gt;</a>&nbsp;&nbsp;&nbsp;LCD_WriteRAM_Prepare
<LI><a href="#[164]">&gt;&gt;</a>&nbsp;&nbsp;&nbsp;LCD_WriteRAM
<LI><a href="#[161]">&gt;&gt;</a>&nbsp;&nbsp;&nbsp;LCD_Set_Window
<LI><a href="#[162]">&gt;&gt;</a>&nbsp;&nbsp;&nbsp;LCD_SetCursor
</UL>
<BR>[Called By]<UL><LI><a href="#[165]">&gt;&gt;</a>&nbsp;&nbsp;&nbsp;test_IplImage()
</UL>

<P><STRONG><a name="[165]"></a>test_IplImage()</STRONG> (Thumb, 90 bytes, Stack size 24 bytes, main.o(.text))
<BR><BR>[Stack]<UL><LI>Max Depth = 300<LI>Call Chain = test_IplImage() &rArr; cvCvtColor &rArr; cvGetMat &rArr; cvInitMatHeader &rArr; cvError &rArr; icvGetContext() &rArr; icvCreateContext() &rArr; malloc
</UL>
<BR>[Calls]<UL><LI><a href="#[16a]">&gt;&gt;</a>&nbsp;&nbsp;&nbsp;cvReleaseImage
<LI><a href="#[168]">&gt;&gt;</a>&nbsp;&nbsp;&nbsp;cvGetSize
<LI><a href="#[169]">&gt;&gt;</a>&nbsp;&nbsp;&nbsp;cvCvtColor
<LI><a href="#[166]">&gt;&gt;</a>&nbsp;&nbsp;&nbsp;cvCreateImage
<LI><a href="#[160]">&gt;&gt;</a>&nbsp;&nbsp;&nbsp;lcd_show_pic(_IplImage*, int, int)
<LI><a href="#[167]">&gt;&gt;</a>&nbsp;&nbsp;&nbsp;picture_read(_IplImage*)
</UL>
<BR>[Called By]<UL><LI><a href="#[ad]">&gt;&gt;</a>&nbsp;&nbsp;&nbsp;main
</UL>

<P><STRONG><a name="[ad]"></a>main</STRONG> (Thumb, 50 bytes, Stack size 0 bytes, main.o(.text))
<BR><BR>[Stack]<UL><LI>Max Depth = 300<LI>Call Chain = main &rArr; test_IplImage() &rArr; cvCvtColor &rArr; cvGetMat &rArr; cvInitMatHeader &rArr; cvError &rArr; icvGetContext() &rArr; icvCreateContext() &rArr; malloc
</UL>
<BR>[Calls]<UL><LI><a href="#[16d]">&gt;&gt;</a>&nbsp;&nbsp;&nbsp;uart_init
<LI><a href="#[16c]">&gt;&gt;</a>&nbsp;&nbsp;&nbsp;delay_init
<LI><a href="#[16b]">&gt;&gt;</a>&nbsp;&nbsp;&nbsp;NVIC_PriorityGroupConfig
<LI><a href="#[16e]">&gt;&gt;</a>&nbsp;&nbsp;&nbsp;LED_Init
<LI><a href="#[16f]">&gt;&gt;</a>&nbsp;&nbsp;&nbsp;LCD_Init
<LI><a href="#[170]">&gt;&gt;</a>&nbsp;&nbsp;&nbsp;LCD_Clear
<LI><a href="#[165]">&gt;&gt;</a>&nbsp;&nbsp;&nbsp;test_IplImage()
</UL>
<BR>[Address Reference Count : 1]<UL><LI> entry9a.o(.ARM.Collect$$$$0000000B)
</UL>
<P><STRONG><a name="[16e]"></a>LED_Init</STRONG> (Thumb, 58 bytes, Stack size 24 bytes, led.o(.text))
<BR><BR>[Stack]<UL><LI>Max Depth = 44<LI>Call Chain = LED_Init &rArr; GPIO_Init
</UL>
<BR>[Calls]<UL><LI><a href="#[171]">&gt;&gt;</a>&nbsp;&nbsp;&nbsp;RCC_AHB1PeriphClockCmd
<LI><a href="#[173]">&gt;&gt;</a>&nbsp;&nbsp;&nbsp;GPIO_SetBits
<LI><a href="#[172]">&gt;&gt;</a>&nbsp;&nbsp;&nbsp;GPIO_Init
</UL>
<BR>[Called By]<UL><LI><a href="#[ad]">&gt;&gt;</a>&nbsp;&nbsp;&nbsp;main
</UL>

<P><STRONG><a name="[175]"></a>LCD_WR_REG</STRONG> (Thumb, 24 bytes, Stack size 8 bytes, lcd.o(.text))
<BR><BR>[Stack]<UL><LI>Max Depth = 8<LI>Call Chain = LCD_WR_REG
</UL>
<BR>[Called By]<UL><LI><a href="#[182]">&gt;&gt;</a>&nbsp;&nbsp;&nbsp;LCD_SSD_BackLightSet
<LI><a href="#[181]">&gt;&gt;</a>&nbsp;&nbsp;&nbsp;LCD_Fast_DrawPoint
<LI><a href="#[17f]">&gt;&gt;</a>&nbsp;&nbsp;&nbsp;LCD_Scan_Dir
<LI><a href="#[17e]">&gt;&gt;</a>&nbsp;&nbsp;&nbsp;LCD_DisplayOff
<LI><a href="#[17d]">&gt;&gt;</a>&nbsp;&nbsp;&nbsp;LCD_DisplayOn
<LI><a href="#[17b]">&gt;&gt;</a>&nbsp;&nbsp;&nbsp;LCD_ReadPoint
<LI><a href="#[174]">&gt;&gt;</a>&nbsp;&nbsp;&nbsp;LCD_ReadReg
<LI><a href="#[161]">&gt;&gt;</a>&nbsp;&nbsp;&nbsp;LCD_Set_Window
<LI><a href="#[162]">&gt;&gt;</a>&nbsp;&nbsp;&nbsp;LCD_SetCursor
<LI><a href="#[16f]">&gt;&gt;</a>&nbsp;&nbsp;&nbsp;LCD_Init
</UL>

<P><STRONG><a name="[179]"></a>LCD_WR_DATA</STRONG> (Thumb, 24 bytes, Stack size 8 bytes, lcd.o(.text))
<BR><BR>[Stack]<UL><LI>Max Depth = 8<LI>Call Chain = LCD_WR_DATA
</UL>
<BR>[Called By]<UL><LI><a href="#[182]">&gt;&gt;</a>&nbsp;&nbsp;&nbsp;LCD_SSD_BackLightSet
<LI><a href="#[181]">&gt;&gt;</a>&nbsp;&nbsp;&nbsp;LCD_Fast_DrawPoint
<LI><a href="#[17f]">&gt;&gt;</a>&nbsp;&nbsp;&nbsp;LCD_Scan_Dir
<LI><a href="#[161]">&gt;&gt;</a>&nbsp;&nbsp;&nbsp;LCD_Set_Window
<LI><a href="#[162]">&gt;&gt;</a>&nbsp;&nbsp;&nbsp;LCD_SetCursor
<LI><a href="#[16f]">&gt;&gt;</a>&nbsp;&nbsp;&nbsp;LCD_Init
</UL>

<P><STRONG><a name="[177]"></a>LCD_RD_DATA</STRONG> (Thumb, 20 bytes, Stack size 8 bytes, lcd.o(.text))
<BR><BR>[Stack]<UL><LI>Max Depth = 8<LI>Call Chain = LCD_RD_DATA
</UL>
<BR>[Called By]<UL><LI><a href="#[17b]">&gt;&gt;</a>&nbsp;&nbsp;&nbsp;LCD_ReadPoint
<LI><a href="#[174]">&gt;&gt;</a>&nbsp;&nbsp;&nbsp;LCD_ReadReg
<LI><a href="#[16f]">&gt;&gt;</a>&nbsp;&nbsp;&nbsp;LCD_Init
</UL>

<P><STRONG><a name="[17a]"></a>LCD_WriteReg</STRONG> (Thumb, 12 bytes, Stack size 0 bytes, lcd.o(.text))
<BR><BR>[Called By]<UL><LI><a href="#[181]">&gt;&gt;</a>&nbsp;&nbsp;&nbsp;LCD_Fast_DrawPoint
<LI><a href="#[17f]">&gt;&gt;</a>&nbsp;&nbsp;&nbsp;LCD_Scan_Dir
<LI><a href="#[17e]">&gt;&gt;</a>&nbsp;&nbsp;&nbsp;LCD_DisplayOff
<LI><a href="#[17d]">&gt;&gt;</a>&nbsp;&nbsp;&nbsp;LCD_DisplayOn
<LI><a href="#[161]">&gt;&gt;</a>&nbsp;&nbsp;&nbsp;LCD_Set_Window
<LI><a href="#[162]">&gt;&gt;</a>&nbsp;&nbsp;&nbsp;LCD_SetCursor
<LI><a href="#[16f]">&gt;&gt;</a>&nbsp;&nbsp;&nbsp;LCD_Init
</UL>

<P><STRONG><a name="[174]"></a>LCD_ReadReg</STRONG> (Thumb, 18 bytes, Stack size 8 bytes, lcd.o(.text))
<BR><BR>[Stack]<UL><LI>Max Depth = 16<LI>Call Chain = LCD_ReadReg &rArr; LCD_RD_DATA
</UL>
<BR>[Calls]<UL><LI><a href="#[176]">&gt;&gt;</a>&nbsp;&nbsp;&nbsp;delay_us
<LI><a href="#[177]">&gt;&gt;</a>&nbsp;&nbsp;&nbsp;LCD_RD_DATA
<LI><a href="#[175]">&gt;&gt;</a>&nbsp;&nbsp;&nbsp;LCD_WR_REG
</UL>
<BR>[Called By]<UL><LI><a href="#[16f]">&gt;&gt;</a>&nbsp;&nbsp;&nbsp;LCD_Init
</UL>

<P><STRONG><a name="[163]"></a>LCD_WriteRAM_Prepare</STRONG> (Thumb, 14 bytes, Stack size 0 bytes, lcd.o(.text))
<BR><BR>[Called By]<UL><LI><a href="#[18e]">&gt;&gt;</a>&nbsp;&nbsp;&nbsp;LCD_Color_Fill
<LI><a href="#[18d]">&gt;&gt;</a>&nbsp;&nbsp;&nbsp;LCD_Fill
<LI><a href="#[180]">&gt;&gt;</a>&nbsp;&nbsp;&nbsp;LCD_DrawPoint
<LI><a href="#[170]">&gt;&gt;</a>&nbsp;&nbsp;&nbsp;LCD_Clear
<LI><a href="#[160]">&gt;&gt;</a>&nbsp;&nbsp;&nbsp;lcd_show_pic(_IplImage*, int, int)
</UL>

<P><STRONG><a name="[164]"></a>LCD_WriteRAM</STRONG> (Thumb, 10 bytes, Stack size 0 bytes, lcd.o(.text))
<BR><BR>[Called By]<UL><LI><a href="#[160]">&gt;&gt;</a>&nbsp;&nbsp;&nbsp;lcd_show_pic(_IplImage*, int, int)
</UL>

<P><STRONG><a name="[17c]"></a>LCD_BGR2RGB</STRONG> (Thumb, 18 bytes, Stack size 0 bytes, lcd.o(.text), UNUSED)
<BR><BR>[Called By]<UL><LI><a href="#[17b]">&gt;&gt;</a>&nbsp;&nbsp;&nbsp;LCD_ReadPoint
</UL>

<P><STRONG><a name="[178]"></a>opt_delay</STRONG> (Thumb, 8 bytes, Stack size 0 bytes, lcd.o(.text), UNUSED)
<BR><BR>[Calls]<UL><LI><a href="#[178]">&gt;&gt;</a>&nbsp;&nbsp;&nbsp;opt_delay
</UL>
<BR>[Called By]<UL><LI><a href="#[178]">&gt;&gt;</a>&nbsp;&nbsp;&nbsp;opt_delay
</UL>

<P><STRONG><a name="[162]"></a>LCD_SetCursor</STRONG> (Thumb, 322 bytes, Stack size 20 bytes, lcd.o(.text))
<BR><BR>[Stack]<UL><LI>Max Depth = 28<LI>Call Chain = LCD_SetCursor &rArr; LCD_WR_DATA
</UL>
<BR>[Calls]<UL><LI><a href="#[17a]">&gt;&gt;</a>&nbsp;&nbsp;&nbsp;LCD_WriteReg
<LI><a href="#[179]">&gt;&gt;</a>&nbsp;&nbsp;&nbsp;LCD_WR_DATA
<LI><a href="#[175]">&gt;&gt;</a>&nbsp;&nbsp;&nbsp;LCD_WR_REG
</UL>
<BR>[Called By]<UL><LI><a href="#[18e]">&gt;&gt;</a>&nbsp;&nbsp;&nbsp;LCD_Color_Fill
<LI><a href="#[18d]">&gt;&gt;</a>&nbsp;&nbsp;&nbsp;LCD_Fill
<LI><a href="#[180]">&gt;&gt;</a>&nbsp;&nbsp;&nbsp;LCD_DrawPoint
<LI><a href="#[17b]">&gt;&gt;</a>&nbsp;&nbsp;&nbsp;LCD_ReadPoint
<LI><a href="#[161]">&gt;&gt;</a>&nbsp;&nbsp;&nbsp;LCD_Set_Window
<LI><a href="#[170]">&gt;&gt;</a>&nbsp;&nbsp;&nbsp;LCD_Clear
<LI><a href="#[160]">&gt;&gt;</a>&nbsp;&nbsp;&nbsp;lcd_show_pic(_IplImage*, int, int)
</UL>

<P><STRONG><a name="[17b]"></a>LCD_ReadPoint</STRONG> (Thumb, 254 bytes, Stack size 24 bytes, lcd.o(.text), UNUSED)
<BR><BR>[Calls]<UL><LI><a href="#[17c]">&gt;&gt;</a>&nbsp;&nbsp;&nbsp;LCD_BGR2RGB
<LI><a href="#[177]">&gt;&gt;</a>&nbsp;&nbsp;&nbsp;LCD_RD_DATA
<LI><a href="#[175]">&gt;&gt;</a>&nbsp;&nbsp;&nbsp;LCD_WR_REG
<LI><a href="#[162]">&gt;&gt;</a>&nbsp;&nbsp;&nbsp;LCD_SetCursor
</UL>

<P><STRONG><a name="[17d]"></a>LCD_DisplayOn</STRONG> (Thumb, 62 bytes, Stack size 0 bytes, lcd.o(.text), UNUSED)
<BR><BR>[Calls]<UL><LI><a href="#[17a]">&gt;&gt;</a>&nbsp;&nbsp;&nbsp;LCD_WriteReg
<LI><a href="#[175]">&gt;&gt;</a>&nbsp;&nbsp;&nbsp;LCD_WR_REG
</UL>

<P><STRONG><a name="[17e]"></a>LCD_DisplayOff</STRONG> (Thumb, 60 bytes, Stack size 0 bytes, lcd.o(.text), UNUSED)
<BR><BR>[Calls]<UL><LI><a href="#[17a]">&gt;&gt;</a>&nbsp;&nbsp;&nbsp;LCD_WriteReg
<LI><a href="#[175]">&gt;&gt;</a>&nbsp;&nbsp;&nbsp;LCD_WR_REG
</UL>

<P><STRONG><a name="[17f]"></a>LCD_Scan_Dir</STRONG> (Thumb, 514 bytes, Stack size 20 bytes, lcd.o(.text))
<BR><BR>[Stack]<UL><LI>Max Depth = 28<LI>Call Chain = LCD_Scan_Dir &rArr; LCD_WR_DATA
</UL>
<BR>[Calls]<UL><LI><a href="#[17a]">&gt;&gt;</a>&nbsp;&nbsp;&nbsp;LCD_WriteReg
<LI><a href="#[179]">&gt;&gt;</a>&nbsp;&nbsp;&nbsp;LCD_WR_DATA
<LI><a href="#[175]">&gt;&gt;</a>&nbsp;&nbsp;&nbsp;LCD_WR_REG
</UL>
<BR>[Called By]<UL><LI><a href="#[186]">&gt;&gt;</a>&nbsp;&nbsp;&nbsp;LCD_Display_Dir
</UL>

<P><STRONG><a name="[180]"></a>LCD_DrawPoint</STRONG> (Thumb, 24 bytes, Stack size 4 bytes, lcd.o(.text), UNUSED)
<BR><BR>[Calls]<UL><LI><a href="#[163]">&gt;&gt;</a>&nbsp;&nbsp;&nbsp;LCD_WriteRAM_Prepare
<LI><a href="#[162]">&gt;&gt;</a>&nbsp;&nbsp;&nbsp;LCD_SetCursor
</UL>
<BR>[Called By]<UL><LI><a href="#[191]">&gt;&gt;</a>&nbsp;&nbsp;&nbsp;LCD_Draw_Circle
<LI><a href="#[18f]">&gt;&gt;</a>&nbsp;&nbsp;&nbsp;LCD_DrawLine
</UL>

<P><STRONG><a name="[181]"></a>LCD_Fast_DrawPoint</STRONG> (Thumb, 266 bytes, Stack size 24 bytes, lcd.o(.text), UNUSED)
<BR><BR>[Calls]<UL><LI><a href="#[17a]">&gt;&gt;</a>&nbsp;&nbsp;&nbsp;LCD_WriteReg
<LI><a href="#[179]">&gt;&gt;</a>&nbsp;&nbsp;&nbsp;LCD_WR_DATA
<LI><a href="#[175]">&gt;&gt;</a>&nbsp;&nbsp;&nbsp;LCD_WR_REG
</UL>
<BR>[Called By]<UL><LI><a href="#[192]">&gt;&gt;</a>&nbsp;&nbsp;&nbsp;LCD_ShowChar
</UL>

<P><STRONG><a name="[182]"></a>LCD_SSD_BackLightSet</STRONG> (Thumb, 70 bytes, Stack size 8 bytes, lcd.o(.text))
<BR><BR>[Stack]<UL><LI>Max Depth = 96<LI>Call Chain = LCD_SSD_BackLightSet &rArr; __aeabi_dmul &rArr; _double_epilogue &rArr; _double_round
</UL>
<BR>[Calls]<UL><LI><a href="#[183]">&gt;&gt;</a>&nbsp;&nbsp;&nbsp;__aeabi_ui2d
<LI><a href="#[184]">&gt;&gt;</a>&nbsp;&nbsp;&nbsp;__aeabi_dmul
<LI><a href="#[185]">&gt;&gt;</a>&nbsp;&nbsp;&nbsp;__aeabi_d2uiz
<LI><a href="#[179]">&gt;&gt;</a>&nbsp;&nbsp;&nbsp;LCD_WR_DATA
<LI><a href="#[175]">&gt;&gt;</a>&nbsp;&nbsp;&nbsp;LCD_WR_REG
</UL>
<BR>[Called By]<UL><LI><a href="#[16f]">&gt;&gt;</a>&nbsp;&nbsp;&nbsp;LCD_Init
</UL>

<P><STRONG><a name="[186]"></a>LCD_Display_Dir</STRONG> (Thumb, 302 bytes, Stack size 36 bytes, lcd.o(.text))
<BR><BR>[Stack]<UL><LI>Max Depth = 64<LI>Call Chain = LCD_Display_Dir &rArr; LCD_Scan_Dir &rArr; LCD_WR_DATA
</UL>
<BR>[Calls]<UL><LI><a href="#[17f]">&gt;&gt;</a>&nbsp;&nbsp;&nbsp;LCD_Scan_Dir
</UL>
<BR>[Called By]<UL><LI><a href="#[16f]">&gt;&gt;</a>&nbsp;&nbsp;&nbsp;LCD_Init
</UL>

<P><STRONG><a name="[161]"></a>LCD_Set_Window</STRONG> (Thumb, 490 bytes, Stack size 48 bytes, lcd.o(.text))
<BR><BR>[Stack]<UL><LI>Max Depth = 76<LI>Call Chain = LCD_Set_Window &rArr; LCD_SetCursor &rArr; LCD_WR_DATA
</UL>
<BR>[Calls]<UL><LI><a href="#[17a]">&gt;&gt;</a>&nbsp;&nbsp;&nbsp;LCD_WriteReg
<LI><a href="#[179]">&gt;&gt;</a>&nbsp;&nbsp;&nbsp;LCD_WR_DATA
<LI><a href="#[175]">&gt;&gt;</a>&nbsp;&nbsp;&nbsp;LCD_WR_REG
<LI><a href="#[162]">&gt;&gt;</a>&nbsp;&nbsp;&nbsp;LCD_SetCursor
</UL>
<BR>[Called By]<UL><LI><a href="#[160]">&gt;&gt;</a>&nbsp;&nbsp;&nbsp;lcd_show_pic(_IplImage*, int, int)
</UL>

<P><STRONG><a name="[170]"></a>LCD_Clear</STRONG> (Thumb, 104 bytes, Stack size 28 bytes, lcd.o(.text))
<BR><BR>[Stack]<UL><LI>Max Depth = 56<LI>Call Chain = LCD_Clear &rArr; LCD_SetCursor &rArr; LCD_WR_DATA
</UL>
<BR>[Calls]<UL><LI><a href="#[163]">&gt;&gt;</a>&nbsp;&nbsp;&nbsp;LCD_WriteRAM_Prepare
<LI><a href="#[162]">&gt;&gt;</a>&nbsp;&nbsp;&nbsp;LCD_SetCursor
</UL>
<BR>[Called By]<UL><LI><a href="#[16f]">&gt;&gt;</a>&nbsp;&nbsp;&nbsp;LCD_Init
<LI><a href="#[ad]">&gt;&gt;</a>&nbsp;&nbsp;&nbsp;main
</UL>

<P><STRONG><a name="[16f]"></a>LCD_Init</STRONG> (Thumb, 14110 bytes, Stack size 168 bytes, lcd.o(.text))
<BR><BR>[Stack]<UL><LI>Max Depth = 264<LI>Call Chain = LCD_Init &rArr; LCD_SSD_BackLightSet &rArr; __aeabi_dmul &rArr; _double_epilogue &rArr; _double_round
</UL>
<BR>[Calls]<UL><LI><a href="#[176]">&gt;&gt;</a>&nbsp;&nbsp;&nbsp;delay_us
<LI><a href="#[18b]">&gt;&gt;</a>&nbsp;&nbsp;&nbsp;delay_ms
<LI><a href="#[187]">&gt;&gt;</a>&nbsp;&nbsp;&nbsp;RCC_AHB3PeriphClockCmd
<LI><a href="#[188]">&gt;&gt;</a>&nbsp;&nbsp;&nbsp;GPIO_PinAFConfig
<LI><a href="#[189]">&gt;&gt;</a>&nbsp;&nbsp;&nbsp;FSMC_NORSRAMInit
<LI><a href="#[18a]">&gt;&gt;</a>&nbsp;&nbsp;&nbsp;FSMC_NORSRAMCmd
<LI><a href="#[186]">&gt;&gt;</a>&nbsp;&nbsp;&nbsp;LCD_Display_Dir
<LI><a href="#[182]">&gt;&gt;</a>&nbsp;&nbsp;&nbsp;LCD_SSD_BackLightSet
<LI><a href="#[174]">&gt;&gt;</a>&nbsp;&nbsp;&nbsp;LCD_ReadReg
<LI><a href="#[17a]">&gt;&gt;</a>&nbsp;&nbsp;&nbsp;LCD_WriteReg
<LI><a href="#[177]">&gt;&gt;</a>&nbsp;&nbsp;&nbsp;LCD_RD_DATA
<LI><a href="#[179]">&gt;&gt;</a>&nbsp;&nbsp;&nbsp;LCD_WR_DATA
<LI><a href="#[175]">&gt;&gt;</a>&nbsp;&nbsp;&nbsp;LCD_WR_REG
<LI><a href="#[171]">&gt;&gt;</a>&nbsp;&nbsp;&nbsp;RCC_AHB1PeriphClockCmd
<LI><a href="#[172]">&gt;&gt;</a>&nbsp;&nbsp;&nbsp;GPIO_Init
<LI><a href="#[170]">&gt;&gt;</a>&nbsp;&nbsp;&nbsp;LCD_Clear
<LI><a href="#[18c]">&gt;&gt;</a>&nbsp;&nbsp;&nbsp;__2printf
</UL>
<BR>[Called By]<UL><LI><a href="#[ad]">&gt;&gt;</a>&nbsp;&nbsp;&nbsp;main
</UL>

<P><STRONG><a name="[18d]"></a>LCD_Fill</STRONG> (Thumb, 134 bytes, Stack size 32 bytes, lcd.o(.text), UNUSED)
<BR><BR>[Calls]<UL><LI><a href="#[18d]">&gt;&gt;</a>&nbsp;&nbsp;&nbsp;LCD_Fill
<LI><a href="#[163]">&gt;&gt;</a>&nbsp;&nbsp;&nbsp;LCD_WriteRAM_Prepare
<LI><a href="#[162]">&gt;&gt;</a>&nbsp;&nbsp;&nbsp;LCD_SetCursor
</UL>
<BR>[Called By]<UL><LI><a href="#[18d]">&gt;&gt;</a>&nbsp;&nbsp;&nbsp;LCD_Fill
</UL>

<P><STRONG><a name="[18e]"></a>LCD_Color_Fill</STRONG> (Thumb, 86 bytes, Stack size 32 bytes, lcd.o(.text), UNUSED)
<BR><BR>[Calls]<UL><LI><a href="#[163]">&gt;&gt;</a>&nbsp;&nbsp;&nbsp;LCD_WriteRAM_Prepare
<LI><a href="#[162]">&gt;&gt;</a>&nbsp;&nbsp;&nbsp;LCD_SetCursor
</UL>

<P><STRONG><a name="[18f]"></a>LCD_DrawLine</STRONG> (Thumb, 150 bytes, Stack size 48 bytes, lcd.o(.text), UNUSED)
<BR><BR>[Calls]<UL><LI><a href="#[180]">&gt;&gt;</a>&nbsp;&nbsp;&nbsp;LCD_DrawPoint
</UL>
<BR>[Called By]<UL><LI><a href="#[190]">&gt;&gt;</a>&nbsp;&nbsp;&nbsp;LCD_DrawRectangle
</UL>

<P><STRONG><a name="[190]"></a>LCD_DrawRectangle</STRONG> (Thumb, 54 bytes, Stack size 20 bytes, lcd.o(.text), UNUSED)
<BR><BR>[Calls]<UL><LI><a href="#[18f]">&gt;&gt;</a>&nbsp;&nbsp;&nbsp;LCD_DrawLine
</UL>

<P><STRONG><a name="[191]"></a>LCD_Draw_Circle</STRONG> (Thumb, 176 bytes, Stack size 44 bytes, lcd.o(.text), UNUSED)
<BR><BR>[Calls]<UL><LI><a href="#[180]">&gt;&gt;</a>&nbsp;&nbsp;&nbsp;LCD_DrawPoint
</UL>

<P><STRONG><a name="[192]"></a>LCD_ShowChar</STRONG> (Thumb, 184 bytes, Stack size 40 bytes, lcd.o(.text), UNUSED)
<BR><BR>[Calls]<UL><LI><a href="#[181]">&gt;&gt;</a>&nbsp;&nbsp;&nbsp;LCD_Fast_DrawPoint
</UL>
<BR>[Called By]<UL><LI><a href="#[196]">&gt;&gt;</a>&nbsp;&nbsp;&nbsp;LCD_ShowString
<LI><a href="#[195]">&gt;&gt;</a>&nbsp;&nbsp;&nbsp;LCD_ShowxNum
<LI><a href="#[193]">&gt;&gt;</a>&nbsp;&nbsp;&nbsp;LCD_ShowNum
</UL>

[...]
</UL>
<BR>[Address Reference Count : 1]<UL><LI> cvcolor.o(.text)
</UL>
<P><STRONG><a name="[14b]"></a>icvBGRx2XYZ_16u_CnC3R(const unsigned short*, int, unsigned short*, int, CvSize, int, int)</STRONG> (Thumb, 266 bytes, Stack size 96 bytes, cvcolor.o(.text))
<BR><BR>[Stack]<UL><LI>Max Depth = 176<LI>Call Chain = icvBGRx2XYZ_16u_CnC3R(const unsigned short*, int, unsigned short*, int, CvSize, int, int) &rArr; icvBGRx2ABC_IPP_16u_CnC3R(const unsigned short*, int, unsigned short*, int, CvSize, int, int, CvStatus(*)(const void*, int, void*, int, CvSize)) &rArr; cvAlignPtr(const void*, int)
</UL>
<BR>[Calls]<UL><LI><a href="#[2c3]">&gt;&gt;</a>&nbsp;&nbsp;&nbsp;icvBGRx2ABC_IPP_16u_CnC3R(const unsigned short*, int, unsigned short*, int, CvSize, int, int, CvStatus(*)(const void*, int, void*, int, CvSize))
<LI><a href="#[1c4]">&gt;&gt;</a>&nbsp;&nbsp;&nbsp;__aeabi_memcpy4
</UL>
<BR>[Address Reference Count : 1]<UL><LI> cvcolor.o(.text)
</UL>
<P><STRONG><a name="[14d]"></a>icvBGRx2XYZ_32f_CnC3R(const float*, int, float*, int, CvSize, int, int)</STRONG> (Thumb, 270 bytes, Stack size 96 bytes, cvcolor.o(.text))
<BR><BR>[Stack]<UL><LI>Max Depth = 176<LI>Call Chain = icvBGRx2XYZ_32f_CnC3R(const float*, int, float*, int, CvSize, int, int) &rArr; icvBGRx2ABC_IPP_32f_CnC3R(const float*, int, float*, int, CvSize, int, int, CvStatus(*)(const void*, int, void*, int, CvSize)) &rArr; cvAlignPtr(const void*, int)
</UL>
<BR>[Calls]<UL><LI><a href="#[2c4]">&gt;&gt;</a>&nbsp;&nbsp;&nbsp;icvBGRx2ABC_IPP_32f_CnC3R(const float*, int, float*, int, CvSize, int, int, CvStatus(*)(const void*, int, void*, int, CvSize))
<LI><a href="#[1c4]">&gt;&gt;</a>&nbsp;&nbsp;&nbsp;__aeabi_memcpy4
</UL>
<BR>[Address Reference Count : 1]<UL><LI> cvcolor.o(.text)
</UL>
<P><STRONG><a name="[151]"></a>icvXYZ2BGRx_8u_C3CnR(const unsigned char*, int, unsigned char*, int, CvSize, int, int)</STRONG> (Thumb, 312 bytes, Stack size 112 bytes, cvcolor.o(.text))
<BR><BR>[Stack]<UL><LI>Max Depth = 192<LI>Call Chain = icvXYZ2BGRx_8u_C3CnR(const unsigned char*, int, unsigned char*, int, CvSize, int, int) &rArr; icvABC2BGRx_IPP_8u_C3CnR(const unsigned char*, int, unsigned char*, int, CvSize, int, int, CvStatus(*)(const void*, int, void*, int, CvSize)) &rArr; cvAlignPtr(const void*, int)
</UL>
<BR>[Calls]<UL><LI><a href="#[2c5]">&gt;&gt;</a>&nbsp;&nbsp;&nbsp;icvABC2BGRx_IPP_8u_C3CnR(const unsigned char*, int, unsigned char*, int, CvSize, int, int, CvStatus(*)(const void*, int, void*, int, CvSize))
<LI><a href="#[1c4]">&gt;&gt;</a>&nbsp;&nbsp;&nbsp;__aeabi_memcpy4
</UL>
<BR>[Address Reference Count : 1]<UL><LI> cvcolor.o(.text)
</UL>
<P><STRONG><a name="[157]"></a>icvXYZ2BGRx_16u_C3CnR(const unsigned short*, int, unsigned short*, int, CvSize, int, int)</STRONG> (Thumb, 306 bytes, Stack size 112 bytes, cvcolor.o(.text))
<BR><BR>[Stack]<UL><LI>Max Depth = 192<LI>Call Chain = icvXYZ2BGRx_16u_C3CnR(const unsigned short*, int, unsigned short*, int, CvSize, int, int) &rArr; icvABC2BGRx_IPP_16u_C3CnR(const unsigned short*, int, unsigned short*, int, CvSize, int, int, CvStatus(*)(const void*, int, void*, int, CvSize)) &rArr; cvAlignPtr(const void*, int)
</UL>
<BR>[Calls]<UL><LI><a href="#[2c6]">&gt;&gt;</a>&nbsp;&nbsp;&nbsp;icvABC2BGRx_IPP_16u_C3CnR(const unsigned short*, int, unsigned short*, int, CvSize, int, int, CvStatus(*)(const void*, int, void*, int, CvSize))
<LI><a href="#[1c4]">&gt;&gt;</a>&nbsp;&nbsp;&nbsp;__aeabi_memcpy4
</UL>
<BR>[Address Reference Count : 1]<UL><LI> cvcolor.o(.text)
</UL>
<P><STRONG><a name="[159]"></a>icvXYZ2BGRx_32f_C3CnR(const float*, int, float*, int, CvSize, int, int)</STRONG> (Thumb, 284 bytes, Stack size 96 bytes, cvcolor.o(.text))
<BR><BR>[Stack]<UL><LI>Max Depth = 176<LI>Call Chain = icvXYZ2BGRx_32f_C3CnR(const float*, int, float*, int, CvSize, int, int) &rArr; icvABC2BGRx_IPP_32f_C3CnR(const float*, int, float*, int, CvSize, int, int, CvStatus(*)(const void*, int, void*, int, CvSize)) &rArr; cvAlignPtr(const void*, int)
</UL>
<BR>[Calls]<UL><LI><a href="#[2c7]">&gt;&gt;</a>&nbsp;&nbsp;&nbsp;icvABC2BGRx_IPP_32f_C3CnR(const float*, int, float*, int, CvSize, int, int, CvStatus(*)(const void*, int, void*, int, CvSize))
<LI><a href="#[1c4]">&gt;&gt;</a>&nbsp;&nbsp;&nbsp;__aeabi_memcpy4
</UL>
<BR>[Address Reference Count : 1]<UL><LI> cvcolor.o(.text)
</UL>
<P><STRONG><a name="[2c8]"></a>icvABC2BGRx_8u_C3CnR(const unsigned char*, int, unsigned char*, int, CvSize, int, int, CvStatus(*)(const void*, int, void*, int, CvSize, int, int), const float*, int)</STRONG> (Thumb, 656 bytes, Stack size 96 bytes, cvcolor.o(.text))
<BR><BR>[Stack]<UL><LI>Max Depth = 200<LI>Call Chain = icvABC2BGRx_8u_C3CnR(const unsigned char*, int, unsigned char*, int, CvSize, int, int, CvStatus(*)(const void*, int, void*, int, CvSize, int, int), const float*, int) &rArr; cvRound(double) &rArr; __aeabi_dadd &rArr; _double_epilogue &rArr; _double_round
</UL>
<BR>[Calls]<UL><LI><a href="#[184]">&gt;&gt;</a>&nbsp;&nbsp;&nbsp;__aeabi_dmul
<LI><a href="#[1dc]">&gt;&gt;</a>&nbsp;&nbsp;&nbsp;__aeabi_f2d
<LI><a href="#[1d9]">&gt;&gt;</a>&nbsp;&nbsp;&nbsp;cvRound(double)
<LI><a href="#[1b0]">&gt;&gt;</a>&nbsp;&nbsp;&nbsp;cvAlignPtr(const void*, int)
</UL>
<BR>[Called By]<UL><LI><a href="#[155]">&gt;&gt;</a>&nbsp;&nbsp;&nbsp;icvLuv2BGRx_8u_C3CnR(const unsigned char*, int, unsigned char*, int, CvSize, int, int)
<LI><a href="#[154]">&gt;&gt;</a>&nbsp;&nbsp;&nbsp;icvLab2BGRx_8u_C3CnR(const unsigned char*, int, unsigned char*, int, CvSize, int, int)
<LI><a href="#[153]">&gt;&gt;</a>&nbsp;&nbsp;&nbsp;icvHLS2BGRx_8u_C3CnR(const unsigned char*, int, unsigned char*, int, CvSize, int, int)
<LI><a href="#[152]">&gt;&gt;</a>&nbsp;&nbsp;&nbsp;icvHSV2BGRx_8u_C3CnR(const unsigned char*, int, unsigned char*, int, CvSize, int, int)
</UL>

<P><STRONG><a name="[2c9]"></a>icvBGRx2ABC_8u_CnC3R(const unsigned char*, int, unsigned char*, int, CvSize, int, int, CvStatus(*)(const void*, int, void*, int, CvSize, int, int), int, const float*)</STRONG> (Thumb, 552 bytes, Stack size 88 bytes, cvcolor.o(.text))
<BR><BR>[Stack]<UL><LI>Max Depth = 192<LI>Call Chain = icvBGRx2ABC_8u_CnC3R(const unsigned char*, int, unsigned char*, int, CvSize, int, int, CvStatus(*)(const void*, int, void*, int, CvSize, int, int), int, const float*) &rArr; cvRound(double) &rArr; __aeabi_dadd &rArr; _double_epilogue &rArr; _double_round
</UL>
<BR>[Calls]<UL><LI><a href="#[1dc]">&gt;&gt;</a>&nbsp;&nbsp;&nbsp;__aeabi_f2d
<LI><a href="#[1d9]">&gt;&gt;</a>&nbsp;&nbsp;&nbsp;cvRound(double)
<LI><a href="#[1b0]">&gt;&gt;</a>&nbsp;&nbsp;&nbsp;cvAlignPtr(const void*, int)
</UL>
<BR>[Called By]<UL><LI><a href="#[148]">&gt;&gt;</a>&nbsp;&nbsp;&nbsp;icvBGRx2Luv_8u_CnC3R(const unsigned char*, int, unsigned char*, int, CvSize, int, int)
<LI><a href="#[149]">&gt;&gt;</a>&nbsp;&nbsp;&nbsp;icvBGRx2HLS_8u_CnC3R(const unsigned char*, int, unsigned char*, int, CvSize, int, int)
</UL>

<P><STRONG><a name="[146]"></a>icvBGRx2HSV_8u_CnC3R(const unsigned char*, int, unsigned char*, int, CvSize, int, int)</STRONG> (Thumb, 370 bytes, Stack size 72 bytes, cvcolor.o(.text))
<BR><BR>[Stack]<UL><LI>Max Depth = 152<LI>Call Chain = icvBGRx2HSV_8u_CnC3R(const unsigned char*, int, unsigned char*, int, CvSize, int, int) &rArr; icvBGRx2ABC_IPP_8u_CnC3R(const unsigned char*, int, unsigned char*, int, CvSize, int, int, CvStatus(*)(const void*, int, void*, int, CvSize)) &rArr; cvAlignPtr(const void*, int)
</UL>
<BR>[Calls]<UL><LI><a href="#[2c2]">&gt;&gt;</a>&nbsp;&nbsp;&nbsp;icvBGRx2ABC_IPP_8u_CnC3R(const unsigned char*, int, unsigned char*, int, CvSize, int, int, CvStatus(*)(const void*, int, void*, int, CvSize))
</UL>
<BR>[Address Reference Count : 1]<UL><LI> cvcolor.o(.text)
</UL>
<P><STRONG><a name="[14e]"></a>icvBGRx2HSV_32f_CnC3R(const float*, int, float*, int, CvSize, int, int)</STRONG> (Thumb, 300 bytes, Stack size 20 bytes, cvcolor.o(.text))
<BR><BR>[Stack]<UL><LI>Max Depth = 20<LI>Call Chain = icvBGRx2HSV_32f_CnC3R(const float*, int, float*, int, CvSize, int, int)
</UL>
<BR>[Address Reference Count : 1]<UL><LI> cvcolor.o(.text)
</UL>
<P><STRONG><a name="[12b]"></a>icvHSV2BGRx_32f_C3CnR(const float*, int, float*, int, CvSize, int, int)</STRONG> (Thumb, 340 bytes, Stack size 88 bytes, cvcolor.o(.text))
<BR><BR>[Stack]<UL><LI>Max Depth = 208<LI>Call Chain = icvHSV2BGRx_32f_C3CnR(const float*, int, float*, int, CvSize, int, int) &rArr; cvFloor(double) &rArr; cvRound(double) &rArr; __aeabi_dadd &rArr; _double_epilogue &rArr; _double_round
</UL>
<BR>[Calls]<UL><LI><a href="#[1dc]">&gt;&gt;</a>&nbsp;&nbsp;&nbsp;__aeabi_f2d
<LI><a href="#[2ca]">&gt;&gt;</a>&nbsp;&nbsp;&nbsp;cvFloor(double)
</UL>
<BR>[Address Reference Count : 1]<UL><LI> cvcolor.o(.text)
</UL>
<P><STRONG><a name="[152]"></a>icvHSV2BGRx_8u_C3CnR(const unsigned char*, int, unsigned char*, int, CvSize, int, int)</STRONG> (Thumb, 322 bytes, Stack size 80 bytes, cvcolor.o(.text))
<BR><BR>[Stack]<UL><LI>Max Depth = 280<LI>Call Chain = icvHSV2BGRx_8u_C3CnR(const unsigned char*, int, unsigned char*, int, CvSize, int, int) &rArr; icvABC2BGRx_8u_C3CnR(const unsigned char*, int, unsigned char*, int, CvSize, int, int, CvStatus(*)(const void*, int, void*, int, CvSize, int, int), const float*, int) &rArr; cvRound(double) &rArr; __aeabi_dadd &rArr; _double_epilogue &rArr; _double_round
</UL>
<BR>[Calls]<UL><LI><a href="#[1b0]">&gt;&gt;</a>&nbsp;&nbsp;&nbsp;cvAlignPtr(const void*, int)
<LI><a href="#[2c8]">&gt;&gt;</a>&nbsp;&nbsp;&nbsp;icvABC2BGRx_8u_C3CnR(const unsigned char*, int, unsigned char*, int, CvSize, int, int, CvStatus(*)(const void*, int, void*, int, CvSize, int, int), const float*, int)
</UL>
<BR>[Address Reference Count : 1]<UL><LI> cvcolor.o(.text)
</UL>
<P><STRONG><a name="[12c]"></a>icvBGRx2HLS_32f_CnC3R(const float*, int, float*, int, CvSize, int, int)</STRONG> (Thumb, 506 bytes, Stack size 56 bytes, cvcolor.o(.text))
<BR><BR>[Stack]<UL><LI>Max Depth = 136<LI>Call Chain = icvBGRx2HLS_32f_CnC3R(const float*, int, float*, int, CvSize, int, int) &rArr; icvBGRx2ABC_IPP_32f_CnC3R(const float*, int, float*, int, CvSize, int, int, CvStatus(*)(const void*, int, void*, int, CvSize)) &rArr; cvAlignPtr(const void*, int)
</UL>
<BR>[Calls]<UL><LI><a href="#[2c4]">&gt;&gt;</a>&nbsp;&nbsp;&nbsp;icvBGRx2ABC_IPP_32f_CnC3R(const float*, int, float*, int, CvSize, int, int, CvStatus(*)(const void*, int, void*, int, CvSize))
</UL>
<BR>[Address Reference Count : 1]<UL><LI> cvcolor.o(.text)
</UL>
<P><STRONG><a name="[12d]"></a>icvHLS2BGRx_32f_C3CnR(const float*, int, float*, int, CvSize, int, int)</STRONG> (Thumb, 676 bytes, Stack size 104 bytes, cvcolor.o(.text))
<BR><BR>[Stack]<UL><LI>Max Depth = 224<LI>Call Chain = icvHLS2BGRx_32f_C3CnR(const float*, int, float*, int, CvSize, int, int) &rArr; cvFloor(double) &rArr; cvRound(double) &rArr; __aeabi_dadd &rArr; _double_epilogue &rArr; _double_round
</UL>
<BR>[Calls]<UL><LI><a href="#[1c0]">&gt;&gt;</a>&nbsp;&nbsp;&nbsp;abort
<LI><a href="#[1dc]">&gt;&gt;</a>&nbsp;&nbsp;&nbsp;__aeabi_f2d
<LI><a href="#[1b0]">&gt;&gt;</a>&nbsp;&nbsp;&nbsp;cvAlignPtr(const void*, int)
<LI><a href="#[2ca]">&gt;&gt;</a>&nbsp;&nbsp;&nbsp;cvFloor(double)
</UL>
<BR>[Address Reference Count : 1]<UL><LI> cvcolor.o(.text)
</UL>
<P><STRONG><a name="[149]"></a>icvBGRx2HLS_8u_CnC3R(const unsigned char*, int, unsigned char*, int, CvSize, int, int)</STRONG> (Thumb, 168 bytes, Stack size 56 bytes, cvcolor.o(.text))
<BR><BR>[Stack]<UL><LI>Max Depth = 248<LI>Call Chain = icvBGRx2HLS_8u_CnC3R(const unsigned char*, int, unsigned char*, int, CvSize, int, int) &rArr; icvBGRx2ABC_8u_CnC3R(const unsigned char*, int, unsigned char*, int, CvSize, int, int, CvStatus(*)(const void*, int, void*, int, CvSize, int, int), int, const float*) &rArr; cvRound(double) &rArr; __aeabi_dadd &rArr; _double_epilogue &rArr; _double_round
</UL>
<BR>[Calls]<UL><LI><a href="#[2c9]">&gt;&gt;</a>&nbsp;&nbsp;&nbsp;icvBGRx2ABC_8u_CnC3R(const unsigned char*, int, unsigned char*, int, CvSize, int, int, CvStatus(*)(const void*, int, void*, int, CvSize, int, int), int, const float*)
<LI><a href="#[2c2]">&gt;&gt;</a>&nbsp;&nbsp;&nbsp;icvBGRx2ABC_IPP_8u_CnC3R(const unsigned char*, int, unsigned char*, int, CvSize, int, int, CvStatus(*)(const void*, int, void*, int, CvSize))
</UL>
<BR>[Address Reference Count : 1]<UL><LI> cvcolor.o(.text)
</UL>
<P><STRONG><a name="[153]"></a>icvHLS2BGRx_8u_C3CnR(const unsigned char*, int, unsigned char*, int, CvSize, int, int)</STRONG> (Thumb, 356 bytes, Stack size 80 bytes, cvcolor.o(.text))
<BR><BR>[Stack]<UL><LI>Max Depth = 280<LI>Call Chain = icvHLS2BGRx_8u_C3CnR(const unsigned char*, int, unsigned char*, int, CvSize, int, int) &rArr; icvABC2BGRx_8u_C3CnR(const unsigned char*, int, unsigned char*, int, CvSize, int, int, CvStatus(*)(const void*, int, void*, int, CvSize, int, int), const float*, int) &rArr; cvRound(double) &rArr; __aeabi_dadd &rArr; _double_epilogue &rArr; _double_round
</UL>
<BR>[Calls]<UL><LI><a href="#[1b0]">&gt;&gt;</a>&nbsp;&nbsp;&nbsp;cvAlignPtr(const void*, int)
<LI><a href="#[2c8]">&gt;&gt;</a>&nbsp;&nbsp;&nbsp;icvABC2BGRx_8u_C3CnR(const unsigned char*, int, unsigned char*, int, CvSize, int, int, CvStatus(*)(const void*, int, void*, int, CvSize, int, int), const float*, int)
</UL>
<BR>[Address Reference Count : 1]<UL><LI> cvcolor.o(.text)
</UL>
<P><STRONG><a name="[147]"></a>icvBGRx2Lab_8u_CnC3R(const unsigned char*, int, unsigned char*, int, CvSize, int, int)</STRONG> (Thumb, 444 bytes, Stack size 56 bytes, cvcolor.o(.text))
<BR><BR>[Stack]<UL><LI>Max Depth = 56<LI>Call Chain = icvBGRx2Lab_8u_CnC3R(const unsigned char*, int, unsigned char*, int, CvSize, int, int)
</UL>
<BR>[Calls]<UL><LI><a href="#[1c0]">&gt;&gt;</a>&nbsp;&nbsp;&nbsp;abort
</UL>
<BR>[Address Reference Count : 1]<UL><LI> cvcolor.o(.text)
</UL>
<P><STRONG><a name="[14f]"></a>icvBGRx2Lab_32f_CnC3R(const float*, int, float*, int, CvSize, int, int)</STRONG> (Thumb, 330 bytes, Stack size 80 bytes, cvcolor.o(.text))
<BR><BR>[Stack]<UL><LI>Max Depth = 224<LI>Call Chain = icvBGRx2Lab_32f_CnC3R(const float*, int, float*, int, CvSize, int, int) &rArr; cvCbrt &rArr; __aeabi_dmul &rArr; _double_epilogue &rArr; _double_round
</UL>
<BR>[Calls]<UL><LI><a href="#[29f]">&gt;&gt;</a>&nbsp;&nbsp;&nbsp;cvCbrt
</UL>
<BR>[Address Reference Count : 1]<UL><LI> cvcolor.o(.text)
</UL>
<P><STRONG><a name="[12e]"></a>icvLab2BGRx_32f_C3CnR(const float*, int, float*, int, CvSize, int, int)</STRONG> (Thumb, 390 bytes, Stack size 20 bytes, cvcolor.o(.text))
<BR><BR>[Stack]<UL><LI>Max Depth = 20<LI>Call Chain = icvLab2BGRx_32f_C3CnR(const float*, int, float*, int, CvSize, int, int)
</UL>
<BR>[Address Reference Count : 1]<UL><LI> cvcolor.o(.text)
</UL>
<P><STRONG><a name="[154]"></a>icvLab2BGRx_8u_C3CnR(const unsigned char*, int, unsigned char*, int, CvSize, int, int)</STRONG> (Thumb, 78 bytes, Stack size 56 bytes, cvcolor.o(.text))
<BR><BR>[Stack]<UL><LI>Max Depth = 256<LI>Call Chain = icvLab2BGRx_8u_C3CnR(const unsigned char*, int, unsigned char*, int, CvSize, int, int) &rArr; icvABC2BGRx_8u_C3CnR(const unsigned char*, int, unsigned char*, int, CvSize, int, int, CvStatus(*)(const void*, int, void*, int, CvSize, int, int), const float*, int) &rArr; cvRound(double) &rArr; __aeabi_dadd &rArr; _double_epilogue &rArr; _double_round
</UL>
<BR>[Calls]<UL><LI><a href="#[2c8]">&gt;&gt;</a>&nbsp;&nbsp;&nbsp;icvABC2BGRx_8u_C3CnR(const unsigned char*, int, unsigned char*, int, CvSize, int, int, CvStatus(*)(const void*, int, void*, int, CvSize, int, int), const float*, int)
<LI><a href="#[2c5]">&gt;&gt;</a>&nbsp;&nbsp;&nbsp;icvABC2BGRx_IPP_8u_C3CnR(const unsigned char*, int, unsigned char*, int, CvSize, int, int, CvStatus(*)(const void*, int, void*, int, CvSize))
</UL>
<BR>[Address Reference Count : 1]<UL><LI> cvcolor.o(.text)
</UL>
<P><STRONG><a name="[12f]"></a>icvBGRx2Luv_32f_CnC3R(const float*, int, float*, int, CvSize, int, int)</STRONG> (Thumb, 358 bytes, Stack size 72 bytes, cvcolor.o(.text))
<BR><BR>[Stack]<UL><LI>Max Depth = 216<LI>Call Chain = icvBGRx2Luv_32f_CnC3R(const float*, int, float*, int, CvSize, int, int) &rArr; cvCbrt &rArr; __aeabi_dmul &rArr; _double_epilogue &rArr; _double_round
</UL>
<BR>[Calls]<UL><LI><a href="#[29f]">&gt;&gt;</a>&nbsp;&nbsp;&nbsp;cvCbrt
</UL>
<BR>[Address Reference Count : 1]<UL><LI> cvcolor.o(.text)
</UL>
<P><STRONG><a name="[130]"></a>icvLuv2BGRx_32f_C3CnR(const float*, int, float*, int, CvSize, int, int)</STRONG> (Thumb, 332 bytes, Stack size 28 bytes, cvcolor.o(.text))
<BR><BR>[Stack]<UL><LI>Max Depth = 28<LI>Call Chain = icvLuv2BGRx_32f_C3CnR(const float*, int, float*, int, CvSize, int, int)
</UL>
<BR>[Address Reference Count : 1]<UL><LI> cvcolor.o(.text)
</UL>
<P><STRONG><a name="[148]"></a>icvBGRx2Luv_8u_CnC3R(const unsigned char*, int, unsigned char*, int, CvSize, int, int)</STRONG> (Thumb, 76 bytes, Stack size 56 bytes, cvcolor.o(.text))
<BR><BR>[Stack]<UL><LI>Max Depth = 248<LI>Call Chain = icvBGRx2Luv_8u_CnC3R(const unsigned char*, int, unsigned char*, int, CvSize, int, int) &rArr; icvBGRx2ABC_8u_CnC3R(const unsigned char*, int, unsigned char*, int, CvSize, int, int, CvStatus(*)(const void*, int, void*, int, CvSize, int, int), int, const float*) &rArr; cvRound(double) &rArr; __aeabi_dadd &rArr; _double_epilogue &rArr; _double_round
</UL>
<BR>[Calls]<UL><LI><a href="#[2c9]">&gt;&gt;</a>&nbsp;&nbsp;&nbsp;icvBGRx2ABC_8u_CnC3R(const unsigned char*, int, unsigned char*, int, CvSize, int, int, CvStatus(*)(const void*, int, void*, int, CvSize, int, int), int, const float*)
<LI><a href="#[2c2]">&gt;&gt;</a>&nbsp;&nbsp;&nbsp;icvBGRx2ABC_IPP_8u_CnC3R(const unsigned char*, int, unsigned char*, int, CvSize, int, int, CvStatus(*)(const void*, int, void*, int, CvSize))
</UL>
<BR>[Address Reference Count : 1]<UL><LI> cvcolor.o(.text)
</UL>
<P><STRONG><a name="[155]"></a>icvLuv2BGRx_8u_C3CnR(const unsigned char*, int, unsigned char*, int, CvSize, int, int)</STRONG> (Thumb, 78 bytes, Stack size 56 bytes, cvcolor.o(.text))
<BR><BR>[Stack]<UL><LI>Max Depth = 256<LI>Call Chain = icvLuv2BGRx_8u_C3CnR(const unsigned char*, int, unsigned char*, int, CvSize, int, int) &rArr; icvABC2BGRx_8u_C3CnR(const unsigned char*, int, unsigned char*, int, CvSize, int, int, CvStatus(*)(const void*, int, void*, int, CvSize, int, int), const float*, int) &rArr; cvRound(double) &rArr; __aeabi_dadd &rArr; _double_epilogue &rArr; _double_round
</UL>
<BR>[Calls]<UL><LI><a href="#[2c8]">&gt;&gt;</a>&nbsp;&nbsp;&nbsp;icvABC2BGRx_8u_C3CnR(const unsigned char*, int, unsigned char*, int, CvSize, int, int, CvStatus(*)(const void*, int, void*, int, CvSize, int, int), const float*, int)
<LI><a href="#[2c5]">&gt;&gt;</a>&nbsp;&nbsp;&nbsp;icvABC2BGRx_IPP_8u_C3CnR(const unsigned char*, int, unsigned char*, int, CvSize, int, int, CvStatus(*)(const void*, int, void*, int, CvSize))
</UL>
<BR>[Address Reference Count : 1]<UL><LI> cvcolor.o(.text)
</UL>
<P><STRONG><a name="[15a]"></a>icvBayer2BGR_8u_C1C3R(const unsigned char*, int, unsigned char*, int, CvSize, int)</STRONG> (Thumb, 628 bytes, Stack size 64 bytes, cvcolor.o(.text))
<BR><BR>[Stack]<UL><LI>Max Depth = 64<LI>Call Chain = icvBayer2BGR_8u_C1C3R(const unsigned char*, int, unsigned char*, int, CvSize, int)
</UL>
<BR>[Calls]<UL><LI><a href="#[21b]">&gt;&gt;</a>&nbsp;&nbsp;&nbsp;__aeabi_memclr
</UL>
<BR>[Address Reference Count : 1]<UL><LI> cvcolor.o(.text)
</UL>
<P><STRONG><a name="[2db]"></a>_printf_core</STRONG> (Thumb, 658 bytes, Stack size 104 bytes, printf5.o(i._printf_core), UNUSED)
<BR><BR>[Calls]<UL><LI><a href="#[2d5]">&gt;&gt;</a>&nbsp;&nbsp;&nbsp;__aeabi_uldivmod
</UL>
<BR>[Called By]<UL><LI><a href="#[2dd]">&gt;&gt;</a>&nbsp;&nbsp;&nbsp;__0sprintf$5
<LI><a href="#[2dc]">&gt;&gt;</a>&nbsp;&nbsp;&nbsp;__0printf$5
<LI><a href="#[2da]">&gt;&gt;</a>&nbsp;&nbsp;&nbsp;__0fprintf$5
</UL>

<P><STRONG><a name="[15c]"></a>_sputc</STRONG> (Thumb, 10 bytes, Stack size 0 bytes, printf5.o(i._sputc))
<BR><BR>[Called By]<UL><LI><a href="#[2dd]">&gt;&gt;</a>&nbsp;&nbsp;&nbsp;__0sprintf$5
</UL>
<BR>[Address Reference Count : 1]<UL><LI> printf5.o(i.__0sprintf$5)
</UL><P>
<H3>
Undefined Global Symbols
</H3><HR></body></html>
